<!doctype html public "-//w3c//dtd html 4.0 transitional//en">
<html><head>
<title>Static Call Graph - [.\Objects\labexp4.axf]</title></head>
<body><HR>
<H1>Static Call Graph for image .\Objects\labexp4.axf</H1><HR>
<BR><P>#&#060CALLGRAPH&#062# ARM Linker, 5060750: Last Updated: Mon Apr 20 15:37:02 2020
<BR><P>
<H3>Maximum Stack Usage =         24 bytes + Unknown(Cycles, Untraceable Function Pointers)</H3><H3>
Call chain for Maximum Stack Depth:</H3>
__main &rArr; Btn_Initial &rArr; GPIO_SetMode
<P>
<H3>
Mutually Recursive functions
</H3> <LI><a href="#[1]">NMI_Handler</a>&nbsp;&nbsp;&nbsp;&rArr;&nbsp;&nbsp;&nbsp;<a href="#[1]">NMI_Handler</a><BR>
 <LI><a href="#[2]">HardFault_Handler</a>&nbsp;&nbsp;&nbsp;&rArr;&nbsp;&nbsp;&nbsp;<a href="#[2]">HardFault_Handler</a><BR>
 <LI><a href="#[3]">MemManage_Handler</a>&nbsp;&nbsp;&nbsp;&rArr;&nbsp;&nbsp;&nbsp;<a href="#[3]">MemManage_Handler</a><BR>
 <LI><a href="#[4]">BusFault_Handler</a>&nbsp;&nbsp;&nbsp;&rArr;&nbsp;&nbsp;&nbsp;<a href="#[4]">BusFault_Handler</a><BR>
 <LI><a href="#[5]">UsageFault_Handler</a>&nbsp;&nbsp;&nbsp;&rArr;&nbsp;&nbsp;&nbsp;<a href="#[5]">UsageFault_Handler</a><BR>
 <LI><a href="#[6]">SVC_Handler</a>&nbsp;&nbsp;&nbsp;&rArr;&nbsp;&nbsp;&nbsp;<a href="#[6]">SVC_Handler</a><BR>
 <LI><a href="#[7]">DebugMon_Handler</a>&nbsp;&nbsp;&nbsp;&rArr;&nbsp;&nbsp;&nbsp;<a href="#[7]">DebugMon_Handler</a><BR>
 <LI><a href="#[8]">PendSV_Handler</a>&nbsp;&nbsp;&nbsp;&rArr;&nbsp;&nbsp;&nbsp;<a href="#[8]">PendSV_Handler</a><BR>
 <LI><a href="#[9]">SysTick_Handler</a>&nbsp;&nbsp;&nbsp;&rArr;&nbsp;&nbsp;&nbsp;<a href="#[9]">SysTick_Handler</a><BR>
 <LI><a href="#[f]">Default_Handler</a>&nbsp;&nbsp;&nbsp;&rArr;&nbsp;&nbsp;&nbsp;<a href="#[f]">Default_Handler</a><BR>
</UL>
<P>
<H3>
Function Pointers
</H3><UL>
 <LI><a href="#[36]">ACMP01_IRQHandler</a> from startup_m451series.o(.text) referenced from startup_m451series.o(RESET)
 <LI><a href="#[34]">ADC00_IRQHandler</a> from startup_m451series.o(.text) referenced from startup_m451series.o(RESET)
 <LI><a href="#[35]">ADC01_IRQHandler</a> from startup_m451series.o(.text) referenced from startup_m451series.o(RESET)
 <LI><a href="#[37]">ADC02_IRQHandler</a> from startup_m451series.o(.text) referenced from startup_m451series.o(RESET)
 <LI><a href="#[38]">ADC03_IRQHandler</a> from startup_m451series.o(.text) referenced from startup_m451series.o(RESET)
 <LI><a href="#[a]">BOD_IRQHandler</a> from startup_m451series.o(.text) referenced from startup_m451series.o(RESET)
 <LI><a href="#[22]">BRAKE0_IRQHandler</a> from startup_m451series.o(.text) referenced from startup_m451series.o(RESET)
 <LI><a href="#[26]">BRAKE1_IRQHandler</a> from startup_m451series.o(.text) referenced from startup_m451series.o(RESET)
 <LI><a href="#[4]">BusFault_Handler</a> from startup_m451series.o(.text) referenced from startup_m451series.o(RESET)
 <LI><a href="#[3f]">CAN0_IRQHandler</a> from startup_m451series.o(.text) referenced from startup_m451series.o(RESET)
 <LI><a href="#[e]">CLKFAIL_IRQHandler</a> from startup_m451series.o(.text) referenced from startup_m451series.o(RESET)
 <LI><a href="#[33]">DAC_IRQHandler</a> from startup_m451series.o(.text) referenced from startup_m451series.o(RESET)
 <LI><a href="#[7]">DebugMon_Handler</a> from startup_m451series.o(.text) referenced from startup_m451series.o(RESET)
 <LI><a href="#[f]">Default_Handler</a> from startup_m451series.o(.text) referenced 9 times from startup_m451series.o(RESET)
 <LI><a href="#[14]">EINT0_IRQHandler</a> from startup_m451series.o(.text) referenced from startup_m451series.o(RESET)
 <LI><a href="#[15]">EINT1_IRQHandler</a> from startup_m451series.o(.text) referenced from startup_m451series.o(RESET)
 <LI><a href="#[16]">EINT2_IRQHandler</a> from startup_m451series.o(.text) referenced from startup_m451series.o(RESET)
 <LI><a href="#[17]">EINT3_IRQHandler</a> from startup_m451series.o(.text) referenced from startup_m451series.o(RESET)
 <LI><a href="#[18]">EINT4_IRQHandler</a> from startup_m451series.o(.text) referenced from startup_m451series.o(RESET)
 <LI><a href="#[19]">EINT5_IRQHandler</a> from startup_m451series.o(.text) referenced from startup_m451series.o(RESET)
 <LI><a href="#[1a]">GPA_IRQHandler</a> from startup_m451series.o(.text) referenced from startup_m451series.o(RESET)
 <LI><a href="#[1b]">GPB_IRQHandler</a> from startup_m451series.o(.text) referenced from startup_m451series.o(RESET)
 <LI><a href="#[1c]">GPC_IRQHandler</a> from startup_m451series.o(.text) referenced from startup_m451series.o(RESET)
 <LI><a href="#[1d]">GPD_IRQHandler</a> from startup_m451series.o(.text) referenced from startup_m451series.o(RESET)
 <LI><a href="#[1e]">GPE_IRQHandler</a> from startup_m451series.o(.text) referenced from startup_m451series.o(RESET)
 <LI><a href="#[1f]">GPF_IRQHandler</a> from startup_m451series.o(.text) referenced from startup_m451series.o(RESET)
 <LI><a href="#[2]">HardFault_Handler</a> from startup_m451series.o(.text) referenced from startup_m451series.o(RESET)
 <LI><a href="#[30]">I2C0_IRQHandler</a> from startup_m451series.o(.text) referenced from startup_m451series.o(RESET)
 <LI><a href="#[31]">I2C1_IRQHandler</a> from startup_m451series.o(.text) referenced from startup_m451series.o(RESET)
 <LI><a href="#[b]">IRC_IRQHandler</a> from startup_m451series.o(.text) referenced from startup_m451series.o(RESET)
 <LI><a href="#[3]">MemManage_Handler</a> from startup_m451series.o(.text) referenced from startup_m451series.o(RESET)
 <LI><a href="#[1]">NMI_Handler</a> from startup_m451series.o(.text) referenced from startup_m451series.o(RESET)
 <LI><a href="#[32]">PDMA_IRQHandler</a> from startup_m451series.o(.text) referenced from startup_m451series.o(RESET)
 <LI><a href="#[23]">PWM0P0_IRQHandler</a> from startup_m451series.o(.text) referenced from startup_m451series.o(RESET)
 <LI><a href="#[24]">PWM0P1_IRQHandler</a> from startup_m451series.o(.text) referenced from startup_m451series.o(RESET)
 <LI><a href="#[25]">PWM0P2_IRQHandler</a> from startup_m451series.o(.text) referenced from startup_m451series.o(RESET)
 <LI><a href="#[27]">PWM1P0_IRQHandler</a> from startup_m451series.o(.text) referenced from startup_m451series.o(RESET)
 <LI><a href="#[28]">PWM1P1_IRQHandler</a> from startup_m451series.o(.text) referenced from startup_m451series.o(RESET)
 <LI><a href="#[29]">PWM1P2_IRQHandler</a> from startup_m451series.o(.text) referenced from startup_m451series.o(RESET)
 <LI><a href="#[c]">PWRWU_IRQHandler</a> from startup_m451series.o(.text) referenced from startup_m451series.o(RESET)
 <LI><a href="#[8]">PendSV_Handler</a> from startup_m451series.o(.text) referenced from startup_m451series.o(RESET)
 <LI><a href="#[d]">RAMPE_IRQHandler</a> from startup_m451series.o(.text) referenced from startup_m451series.o(RESET)
 <LI><a href="#[10]">RTC_IRQHandler</a> from startup_m451series.o(.text) referenced from startup_m451series.o(RESET)
 <LI><a href="#[44]">Reset_Handler</a> from startup_m451series.o(.text) referenced from startup_m451series.o(RESET)
 <LI><a href="#[40]">SC0_IRQHandler</a> from startup_m451series.o(.text) referenced from startup_m451series.o(RESET)
 <LI><a href="#[20]">SPI0_IRQHandler</a> from startup_m451series.o(.text) referenced from startup_m451series.o(RESET)
 <LI><a href="#[21]">SPI1_IRQHandler</a> from startup_m451series.o(.text) referenced from startup_m451series.o(RESET)
 <LI><a href="#[3b]">SPI2_IRQHandler</a> from startup_m451series.o(.text) referenced from startup_m451series.o(RESET)
 <LI><a href="#[6]">SVC_Handler</a> from startup_m451series.o(.text) referenced from startup_m451series.o(RESET)
 <LI><a href="#[9]">SysTick_Handler</a> from startup_m451series.o(.text) referenced from startup_m451series.o(RESET)
 <LI><a href="#[42]">SystemInit</a> from system_m451series.o(i.SystemInit) referenced from startup_m451series.o(.text)
 <LI><a href="#[11]">TAMPER_IRQHandler</a> from startup_m451series.o(.text) referenced from startup_m451series.o(RESET)
 <LI><a href="#[41]">TK_IRQHandler</a> from startup_m451series.o(.text) referenced from startup_m451series.o(RESET)
 <LI><a href="#[2a]">TMR0_IRQHandler</a> from timebaseagent.o(i.TMR0_IRQHandler) referenced from startup_m451series.o(RESET)
 <LI><a href="#[2b]">TMR1_IRQHandler</a> from startup_m451series.o(.text) referenced from startup_m451series.o(RESET)
 <LI><a href="#[2c]">TMR2_IRQHandler</a> from startup_m451series.o(.text) referenced from startup_m451series.o(RESET)
 <LI><a href="#[2d]">TMR3_IRQHandler</a> from startup_m451series.o(.text) referenced from startup_m451series.o(RESET)
 <LI><a href="#[2e]">UART0_IRQHandler</a> from startup_m451series.o(.text) referenced from startup_m451series.o(RESET)
 <LI><a href="#[2f]">UART1_IRQHandler</a> from startup_m451series.o(.text) referenced from startup_m451series.o(RESET)
 <LI><a href="#[39]">UART2_IRQHandler</a> from startup_m451series.o(.text) referenced from startup_m451series.o(RESET)
 <LI><a href="#[3a]">UART3_IRQHandler</a> from startup_m451series.o(.text) referenced from startup_m451series.o(RESET)
 <LI><a href="#[3c]">USBD_IRQHandler</a> from startup_m451series.o(.text) referenced from startup_m451series.o(RESET)
 <LI><a href="#[3d]">USBH_IRQHandler</a> from startup_m451series.o(.text) referenced from startup_m451series.o(RESET)
 <LI><a href="#[3e]">USBOTG_IRQHandler</a> from startup_m451series.o(.text) referenced from startup_m451series.o(RESET)
 <LI><a href="#[5]">UsageFault_Handler</a> from startup_m451series.o(.text) referenced from startup_m451series.o(RESET)
 <LI><a href="#[12]">WDT_IRQHandler</a> from startup_m451series.o(.text) referenced from startup_m451series.o(RESET)
 <LI><a href="#[13]">WWDT_IRQHandler</a> from startup_m451series.o(.text) referenced from startup_m451series.o(RESET)
 <LI><a href="#[43]">__main</a> from main.o(i.__main) referenced from startup_m451series.o(.text)
</UL>
<P>
<H3>
Global Symbols
</H3>
<P><STRONG><a name="[44]"></a>Reset_Handler</STRONG> (Thumb, 50 bytes, Stack size 0 bytes, startup_m451series.o(.text))

<P><STRONG><a name="[1]"></a>NMI_Handler</STRONG> (Thumb, 2 bytes, Stack size 0 bytes, startup_m451series.o(.text))
<BR><BR>[Calls]<UL><LI><a href="#[1]">&gt;&gt;</a>&nbsp;&nbsp;&nbsp;NMI_Handler
</UL>
<BR>[Called By]<UL><LI><a href="#[1]">&gt;&gt;</a>&nbsp;&nbsp;&nbsp;NMI_Handler
</UL>
<BR>[Address Reference Count : 1]<UL><LI> startup_m451series.o(RESET)
</UL>
<P><STRONG><a name="[2]"></a>HardFault_Handler</STRONG> (Thumb, 2 bytes, Stack size 0 bytes, startup_m451series.o(.text))
<BR><BR>[Calls]<UL><LI><a href="#[2]">&gt;&gt;</a>&nbsp;&nbsp;&nbsp;HardFault_Handler
</UL>
<BR>[Called By]<UL><LI><a href="#[2]">&gt;&gt;</a>&nbsp;&nbsp;&nbsp;HardFault_Handler
</UL>
<BR>[Address Reference Count : 1]<UL><LI> startup_m451series.o(RESET)
</UL>
<P><STRONG><a name="[3]"></a>MemManage_Handler</STRONG> (Thumb, 2 bytes, Stack size 0 bytes, startup_m451series.o(.text))
<BR><BR>[Calls]<UL><LI><a href="#[3]">&gt;&gt;</a>&nbsp;&nbsp;&nbsp;MemManage_Handler
</UL>
<BR>[Called By]<UL><LI><a href="#[3]">&gt;&gt;</a>&nbsp;&nbsp;&nbsp;MemManage_Handler
</UL>
<BR>[Address Reference Count : 1]<UL><LI> startup_m451series.o(RESET)
</UL>
<P><STRONG><a name="[4]"></a>BusFault_Handler</STRONG> (Thumb, 2 bytes, Stack size 0 bytes, startup_m451series.o(.text))
<BR><BR>[Calls]<UL><LI><a href="#[4]">&gt;&gt;</a>&nbsp;&nbsp;&nbsp;BusFault_Handler
</UL>
<BR>[Called By]<UL><LI><a href="#[4]">&gt;&gt;</a>&nbsp;&nbsp;&nbsp;BusFault_Handler
</UL>
<BR>[Address Reference Count : 1]<UL><LI> startup_m451series.o(RESET)
</UL>
<P><STRONG><a name="[5]"></a>UsageFault_Handler</STRONG> (Thumb, 2 bytes, Stack size 0 bytes, startup_m451series.o(.text))
<BR><BR>[Calls]<UL><LI><a href="#[5]">&gt;&gt;</a>&nbsp;&nbsp;&nbsp;UsageFault_Handler
</UL>
<BR>[Called By]<UL><LI><a href="#[5]">&gt;&gt;</a>&nbsp;&nbsp;&nbsp;UsageFault_Handler
</UL>
<BR>[Address Reference Count : 1]<UL><LI> startup_m451series.o(RESET)
</UL>
<P><STRONG><a name="[6]"></a>SVC_Handler</STRONG> (Thumb, 2 bytes, Stack size 0 bytes, startup_m451series.o(.text))
<BR><BR>[Calls]<UL><LI><a href="#[6]">&gt;&gt;</a>&nbsp;&nbsp;&nbsp;SVC_Handler
</UL>
<BR>[Called By]<UL><LI><a href="#[6]">&gt;&gt;</a>&nbsp;&nbsp;&nbsp;SVC_Handler
</UL>
<BR>[Address Reference Count : 1]<UL><LI> startup_m451series.o(RESET)
</UL>
<P><STRONG><a name="[7]"></a>DebugMon_Handler</STRONG> (Thumb, 2 bytes, Stack size 0 bytes, startup_m451series.o(.text))
<BR><BR>[Calls]<UL><LI><a href="#[7]">&gt;&gt;</a>&nbsp;&nbsp;&nbsp;DebugMon_Handler
</UL>
<BR>[Called By]<UL><LI><a href="#[7]">&gt;&gt;</a>&nbsp;&nbsp;&nbsp;DebugMon_Handler
</UL>
<BR>[Address Reference Count : 1]<UL><LI> startup_m451series.o(RESET)
</UL>
<P><STRONG><a name="[8]"></a>PendSV_Handler</STRONG> (Thumb, 2 bytes, Stack size 0 bytes, startup_m451series.o(.text))
<BR><BR>[Calls]<UL><LI><a href="#[8]">&gt;&gt;</a>&nbsp;&nbsp;&nbsp;PendSV_Handler
</UL>
<BR>[Called By]<UL><LI><a href="#[8]">&gt;&gt;</a>&nbsp;&nbsp;&nbsp;PendSV_Handler
</UL>
<BR>[Address Reference Count : 1]<UL><LI> startup_m451series.o(RESET)
</UL>
<P><STRONG><a name="[9]"></a>SysTick_Handler</STRONG> (Thumb, 2 bytes, Stack size 0 bytes, startup_m451series.o(.text))
<BR><BR>[Calls]<UL><LI><a href="#[9]">&gt;&gt;</a>&nbsp;&nbsp;&nbsp;SysTick_Handler
</UL>
<BR>[Called By]<UL><LI><a href="#[9]">&gt;&gt;</a>&nbsp;&nbsp;&nbsp;SysTick_Handler
</UL>
<BR>[Address Reference Count : 1]<UL><LI> startup_m451series.o(RESET)
</UL>
<P><STRONG><a name="[36]"></a>ACMP01_IRQHandler</STRONG> (Thumb, 0 bytes, Stack size 0 bytes, startup_m451series.o(.text))
<BR>[Address Reference Count : 1]<UL><LI> startup_m451series.o(RESET)
</UL>
<P><STRONG><a name="[34]"></a>ADC00_IRQHandler</STRONG> (Thumb, 0 bytes, Stack size 0 bytes, startup_m451series.o(.text))
<BR>[Address Reference Count : 1]<UL><LI> startup_m451series.o(RESET)
</UL>
<P><STRONG><a name="[35]"></a>ADC01_IRQHandler</STRONG> (Thumb, 0 bytes, Stack size 0 bytes, startup_m451series.o(.text))
<BR>[Address Reference Count : 1]<UL><LI> startup_m451series.o(RESET)
</UL>
<P><STRONG><a name="[37]"></a>ADC02_IRQHandler</STRONG> (Thumb, 0 bytes, Stack size 0 bytes, startup_m451series.o(.text))
<BR>[Address Reference Count : 1]<UL><LI> startup_m451series.o(RESET)
</UL>
<P><STRONG><a name="[38]"></a>ADC03_IRQHandler</STRONG> (Thumb, 0 bytes, Stack size 0 bytes, startup_m451series.o(.text))
<BR>[Address Reference Count : 1]<UL><LI> startup_m451series.o(RESET)
</UL>
<P><STRONG><a name="[a]"></a>BOD_IRQHandler</STRONG> (Thumb, 0 bytes, Stack size 0 bytes, startup_m451series.o(.text))
<BR>[Address Reference Count : 1]<UL><LI> startup_m451series.o(RESET)
</UL>
<P><STRONG><a name="[22]"></a>BRAKE0_IRQHandler</STRONG> (Thumb, 0 bytes, Stack size 0 bytes, startup_m451series.o(.text))
<BR>[Address Reference Count : 1]<UL><LI> startup_m451series.o(RESET)
</UL>
<P><STRONG><a name="[26]"></a>BRAKE1_IRQHandler</STRONG> (Thumb, 0 bytes, Stack size 0 bytes, startup_m451series.o(.text))
<BR>[Address Reference Count : 1]<UL><LI> startup_m451series.o(RESET)
</UL>
<P><STRONG><a name="[3f]"></a>CAN0_IRQHandler</STRONG> (Thumb, 0 bytes, Stack size 0 bytes, startup_m451series.o(.text))
<BR>[Address Reference Count : 1]<UL><LI> startup_m451series.o(RESET)
</UL>
<P><STRONG><a name="[e]"></a>CLKFAIL_IRQHandler</STRONG> (Thumb, 0 bytes, Stack size 0 bytes, startup_m451series.o(.text))
<BR>[Address Reference Count : 1]<UL><LI> startup_m451series.o(RESET)
</UL>
<P><STRONG><a name="[33]"></a>DAC_IRQHandler</STRONG> (Thumb, 0 bytes, Stack size 0 bytes, startup_m451series.o(.text))
<BR>[Address Reference Count : 1]<UL><LI> startup_m451series.o(RESET)
</UL>
<P><STRONG><a name="[14]"></a>EINT0_IRQHandler</STRONG> (Thumb, 0 bytes, Stack size 0 bytes, startup_m451series.o(.text))
<BR>[Address Reference Count : 1]<UL><LI> startup_m451series.o(RESET)
</UL>
<P><STRONG><a name="[15]"></a>EINT1_IRQHandler</STRONG> (Thumb, 0 bytes, Stack size 0 bytes, startup_m451series.o(.text))
<BR>[Address Reference Count : 1]<UL><LI> startup_m451series.o(RESET)
</UL>
<P><STRONG><a name="[16]"></a>EINT2_IRQHandler</STRONG> (Thumb, 0 bytes, Stack size 0 bytes, startup_m451series.o(.text))
<BR>[Address Reference Count : 1]<UL><LI> startup_m451series.o(RESET)
</UL>
<P><STRONG><a name="[17]"></a>EINT3_IRQHandler</STRONG> (Thumb, 0 bytes, Stack size 0 bytes, startup_m451series.o(.text))
<BR>[Address Reference Count : 1]<UL><LI> startup_m451series.o(RESET)
</UL>
<P><STRONG><a name="[18]"></a>EINT4_IRQHandler</STRONG> (Thumb, 0 bytes, Stack size 0 bytes, startup_m451series.o(.text))
<BR>[Address Reference Count : 1]<UL><LI> startup_m451series.o(RESET)
</UL>
<P><STRONG><a name="[19]"></a>EINT5_IRQHandler</STRONG> (Thumb, 0 bytes, Stack size 0 bytes, startup_m451series.o(.text))
<BR>[Address Reference Count : 1]<UL><LI> startup_m451series.o(RESET)
</UL>
<P><STRONG><a name="[1a]"></a>GPA_IRQHandler</STRONG> (Thumb, 0 bytes, Stack size 0 bytes, startup_m451series.o(.text))
<BR>[Address Reference Count : 1]<UL><LI> startup_m451series.o(RESET)
</UL>
<P><STRONG><a name="[1b]"></a>GPB_IRQHandler</STRONG> (Thumb, 0 bytes, Stack size 0 bytes, startup_m451series.o(.text))
<BR>[Address Reference Count : 1]<UL><LI> startup_m451series.o(RESET)
</UL>
<P><STRONG><a name="[1c]"></a>GPC_IRQHandler</STRONG> (Thumb, 0 bytes, Stack size 0 bytes, startup_m451series.o(.text))
<BR>[Address Reference Count : 1]<UL><LI> startup_m451series.o(RESET)
</UL>
<P><STRONG><a name="[1d]"></a>GPD_IRQHandler</STRONG> (Thumb, 0 bytes, Stack size 0 bytes, startup_m451series.o(.text))
<BR>[Address Reference Count : 1]<UL><LI> startup_m451series.o(RESET)
</UL>
<P><STRONG><a name="[1e]"></a>GPE_IRQHandler</STRONG> (Thumb, 0 bytes, Stack size 0 bytes, startup_m451series.o(.text))
<BR>[Address Reference Count : 1]<UL><LI> startup_m451series.o(RESET)
</UL>
<P><STRONG><a name="[1f]"></a>GPF_IRQHandler</STRONG> (Thumb, 0 bytes, Stack size 0 bytes, startup_m451series.o(.text))
<BR>[Address Reference Count : 1]<UL><LI> startup_m451series.o(RESET)
</UL>
<P><STRONG><a name="[30]"></a>I2C0_IRQHandler</STRONG> (Thumb, 0 bytes, Stack size 0 bytes, startup_m451series.o(.text))
<BR>[Address Reference Count : 1]<UL><LI> startup_m451series.o(RESET)
</UL>
<P><STRONG><a name="[31]"></a>I2C1_IRQHandler</STRONG> (Thumb, 0 bytes, Stack size 0 bytes, startup_m451series.o(.text))
<BR>[Address Reference Count : 1]<UL><LI> startup_m451series.o(RESET)
</UL>
<P><STRONG><a name="[b]"></a>IRC_IRQHandler</STRONG> (Thumb, 0 bytes, Stack size 0 bytes, startup_m451series.o(.text))
<BR>[Address Reference Count : 1]<UL><LI> startup_m451series.o(RESET)
</UL>
<P><STRONG><a name="[32]"></a>PDMA_IRQHandler</STRONG> (Thumb, 0 bytes, Stack size 0 bytes, startup_m451series.o(.text))
<BR>[Address Reference Count : 1]<UL><LI> startup_m451series.o(RESET)
</UL>
<P><STRONG><a name="[23]"></a>PWM0P0_IRQHandler</STRONG> (Thumb, 0 bytes, Stack size 0 bytes, startup_m451series.o(.text))
<BR>[Address Reference Count : 1]<UL><LI> startup_m451series.o(RESET)
</UL>
<P><STRONG><a name="[24]"></a>PWM0P1_IRQHandler</STRONG> (Thumb, 0 bytes, Stack size 0 bytes, startup_m451series.o(.text))
<BR>[Address Reference Count : 1]<UL><LI> startup_m451series.o(RESET)
</UL>
<P><STRONG><a name="[25]"></a>PWM0P2_IRQHandler</STRONG> (Thumb, 0 bytes, Stack size 0 bytes, startup_m451series.o(.text))
<BR>[Address Reference Count : 1]<UL><LI> startup_m451series.o(RESET)
</UL>
<P><STRONG><a name="[27]"></a>PWM1P0_IRQHandler</STRONG> (Thumb, 0 bytes, Stack size 0 bytes, startup_m451series.o(.text))
<BR>[Address Reference Count : 1]<UL><LI> startup_m451series.o(RESET)
</UL>
<P><STRONG><a name="[28]"></a>PWM1P1_IRQHandler</STRONG> (Thumb, 0 bytes, Stack size 0 bytes, startup_m451series.o(.text))
<BR>[Address Reference Count : 1]<UL><LI> startup_m451series.o(RESET)
</UL>
<P><STRONG><a name="[29]"></a>PWM1P2_IRQHandler</STRONG> (Thumb, 0 bytes, Stack size 0 bytes, startup_m451series.o(.text))
<BR>[Address Reference Count : 1]<UL><LI> startup_m451series.o(RESET)
</UL>
<P><STRONG><a name="[c]"></a>PWRWU_IRQHandler</STRONG> (Thumb, 0 bytes, Stack size 0 bytes, startup_m451series.o(.text))
<BR>[Address Reference Count : 1]<UL><LI> startup_m451series.o(RESET)
</UL>
<P><STRONG><a name="[d]"></a>RAMPE_IRQHandler</STRONG> (Thumb, 0 bytes, Stack size 0 bytes, startup_m451series.o(.text))
<BR>[Address Reference Count : 1]<UL><LI> startup_m451series.o(RESET)
</UL>
<P><STRONG><a name="[10]"></a>RTC_IRQHandler</STRONG> (Thumb, 0 bytes, Stack size 0 bytes, startup_m451series.o(.text))
<BR>[Address Reference Count : 1]<UL><LI> startup_m451series.o(RESET)
</UL>
<P><STRONG><a name="[40]"></a>SC0_IRQHandler</STRONG> (Thumb, 0 bytes, Stack size 0 bytes, startup_m451series.o(.text))
<BR>[Address Reference Count : 1]<UL><LI> startup_m451series.o(RESET)
</UL>
<P><STRONG><a name="[20]"></a>SPI0_IRQHandler</STRONG> (Thumb, 0 bytes, Stack size 0 bytes, startup_m451series.o(.text))
<BR>[Address Reference Count : 1]<UL><LI> startup_m451series.o(RESET)
</UL>
<P><STRONG><a name="[21]"></a>SPI1_IRQHandler</STRONG> (Thumb, 0 bytes, Stack size 0 bytes, startup_m451series.o(.text))
<BR>[Address Reference Count : 1]<UL><LI> startup_m451series.o(RESET)
</UL>
<P><STRONG><a name="[3b]"></a>SPI2_IRQHandler</STRONG> (Thumb, 0 bytes, Stack size 0 bytes, startup_m451series.o(.text))
<BR>[Address Reference Count : 1]<UL><LI> startup_m451series.o(RESET)
</UL>
<P><STRONG><a name="[11]"></a>TAMPER_IRQHandler</STRONG> (Thumb, 0 bytes, Stack size 0 bytes, startup_m451series.o(.text))
<BR>[Address Reference Count : 1]<UL><LI> startup_m451series.o(RESET)
</UL>
<P><STRONG><a name="[41]"></a>TK_IRQHandler</STRONG> (Thumb, 0 bytes, Stack size 0 bytes, startup_m451series.o(.text))
<BR>[Address Reference Count : 1]<UL><LI> startup_m451series.o(RESET)
</UL>
<P><STRONG><a name="[2b]"></a>TMR1_IRQHandler</STRONG> (Thumb, 0 bytes, Stack size 0 bytes, startup_m451series.o(.text))
<BR>[Address Reference Count : 1]<UL><LI> startup_m451series.o(RESET)
</UL>
<P><STRONG><a name="[2c]"></a>TMR2_IRQHandler</STRONG> (Thumb, 0 bytes, Stack size 0 bytes, startup_m451series.o(.text))
<BR>[Address Reference Count : 1]<UL><LI> startup_m451series.o(RESET)
</UL>
<P><STRONG><a name="[2d]"></a>TMR3_IRQHandler</STRONG> (Thumb, 0 bytes, Stack size 0 bytes, startup_m451series.o(.text))
<BR>[Address Reference Count : 1]<UL><LI> startup_m451series.o(RESET)
</UL>
<P><STRONG><a name="[2e]"></a>UART0_IRQHandler</STRONG> (Thumb, 0 bytes, Stack size 0 bytes, startup_m451series.o(.text))
<BR>[Address Reference Count : 1]<UL><LI> startup_m451series.o(RESET)
</UL>
<P><STRONG><a name="[2f]"></a>UART1_IRQHandler</STRONG> (Thumb, 0 bytes, Stack size 0 bytes, startup_m451series.o(.text))
<BR>[Address Reference Count : 1]<UL><LI> startup_m451series.o(RESET)
</UL>
<P><STRONG><a name="[39]"></a>UART2_IRQHandler</STRONG> (Thumb, 0 bytes, Stack size 0 bytes, startup_m451series.o(.text))
<BR>[Address Reference Count : 1]<UL><LI> startup_m451series.o(RESET)
</UL>
<P><STRONG><a name="[3a]"></a>UART3_IRQHandler</STRONG> (Thumb, 0 bytes, Stack size 0 bytes, startup_m451series.o(.text))
<BR>[Address Reference Count : 1]<UL><LI> startup_m451series.o(RESET)
</UL>
<P><STRONG><a name="[3c]"></a>USBD_IRQHandler</STRONG> (Thumb, 0 bytes, Stack size 0 bytes, startup_m451series.o(.text))
<BR>[Address Reference Count : 1]<UL><LI> startup_m451series.o(RESET)
</UL>
<P><STRONG><a name="[3d]"></a>USBH_IRQHandler</STRONG> (Thumb, 0 bytes, Stack size 0 bytes, startup_m451series.o(.text))
<BR>[Address Reference Count : 1]<UL><LI> startup_m451series.o(RESET)
</UL>
<P><STRONG><a name="[3e]"></a>USBOTG_IRQHandler</STRONG> (Thumb, 0 bytes, Stack size 0 bytes, startup_m451series.o(.text))
<BR>[Address Reference Count : 1]<UL><LI> startup_m451series.o(RESET)
</UL>
<P><STRONG><a name="[12]"></a>WDT_IRQHandler</STRONG> (Thumb, 0 bytes, Stack size 0 bytes, startup_m451series.o(.text))
<BR>[Address Reference Count : 1]<UL><LI> startup_m451series.o(RESET)
</UL>
<P><STRONG><a name="[13]"></a>WWDT_IRQHandler</STRONG> (Thumb, 0 bytes, Stack size 0 bytes, startup_m451series.o(.text))
<BR>[Address Reference Count : 1]<UL><LI> startup_m451series.o(RESET)
</UL>
<P><STRONG><a name="[45]"></a>__user_initial_stackheap</STRONG> (Thumb, 10 bytes, Stack size 0 bytes, startup_m451series.o(.text), UNUSED, KEPT)

<P><STRONG><a name="[5a]"></a>__use_two_region_memory</STRONG> (Thumb, 2 bytes, Stack size 0 bytes, heapauxi.o(.text), UNUSED)

<P><STRONG><a name="[5b]"></a>__rt_heap_escrow$2region</STRONG> (Thumb, 2 bytes, Stack size 0 bytes, heapauxi.o(.text), UNUSED)

<P><STRONG><a name="[5c]"></a>__rt_heap_expand$2region</STRONG> (Thumb, 2 bytes, Stack size 0 bytes, heapauxi.o(.text), UNUSED)

<P><STRONG><a name="[49]"></a>ADC_GetTemperature</STRONG> (Thumb, 26 bytes, Stack size 0 bytes, adcagent.o(i.ADC_GetTemperature))
<BR><BR>[Called By]<UL><LI><a href="#[48]">&gt;&gt;</a>&nbsp;&nbsp;&nbsp;DisplayTask
</UL>

<P><STRONG><a name="[56]"></a>ADC_GetVR</STRONG> (Thumb, 10 bytes, Stack size 0 bytes, adcagent.o(i.ADC_GetVR))
<BR><BR>[Called By]<UL><LI><a href="#[43]">&gt;&gt;</a>&nbsp;&nbsp;&nbsp;__main
</UL>

<P><STRONG><a name="[51]"></a>ADC_Initial</STRONG> (Thumb, 196 bytes, Stack size 0 bytes, adcagent.o(i.ADC_Initial))
<BR><BR>[Called By]<UL><LI><a href="#[43]">&gt;&gt;</a>&nbsp;&nbsp;&nbsp;__main
</UL>

<P><STRONG><a name="[55]"></a>ADC_Task</STRONG> (Thumb, 120 bytes, Stack size 0 bytes, adcagent.o(i.ADC_Task))
<BR><BR>[Called By]<UL><LI><a href="#[43]">&gt;&gt;</a>&nbsp;&nbsp;&nbsp;__main
</UL>

<P><STRONG><a name="[46]"></a>Btn_Initial</STRONG> (Thumb, 108 bytes, Stack size 8 bytes, buttonagent.o(i.Btn_Initial))
<BR><BR>[Stack]<UL><LI>Max Depth = 24<LI>Call Chain = Btn_Initial &rArr; GPIO_SetMode
</UL>
<BR>[Calls]<UL><LI><a href="#[47]">&gt;&gt;</a>&nbsp;&nbsp;&nbsp;GPIO_SetMode
</UL>
<BR>[Called By]<UL><LI><a href="#[43]">&gt;&gt;</a>&nbsp;&nbsp;&nbsp;__main
</UL>

<P><STRONG><a name="[52]"></a>Btn_IsDown</STRONG> (Thumb, 10 bytes, Stack size 0 bytes, buttonagent.o(i.Btn_IsDown))
<BR><BR>[Called By]<UL><LI><a href="#[43]">&gt;&gt;</a>&nbsp;&nbsp;&nbsp;__main
</UL>

<P><STRONG><a name="[53]"></a>Btn_IsOneShot</STRONG> (Thumb, 10 bytes, Stack size 0 bytes, buttonagent.o(i.Btn_IsOneShot))
<BR><BR>[Called By]<UL><LI><a href="#[43]">&gt;&gt;</a>&nbsp;&nbsp;&nbsp;__main
</UL>

<P><STRONG><a name="[54]"></a>Btn_OneShotClear</STRONG> (Thumb, 12 bytes, Stack size 0 bytes, buttonagent.o(i.Btn_OneShotClear))
<BR><BR>[Called By]<UL><LI><a href="#[43]">&gt;&gt;</a>&nbsp;&nbsp;&nbsp;__main
</UL>

<P><STRONG><a name="[59]"></a>Btn_Task</STRONG> (Thumb, 202 bytes, Stack size 0 bytes, buttonagent.o(i.Btn_Task))
<BR><BR>[Called By]<UL><LI><a href="#[43]">&gt;&gt;</a>&nbsp;&nbsp;&nbsp;__main
</UL>

<P><STRONG><a name="[48]"></a>DisplayTask</STRONG> (Thumb, 212 bytes, Stack size 16 bytes, main.o(i.DisplayTask))
<BR><BR>[Stack]<UL><LI>Max Depth = 16<LI>Call Chain = DisplayTask
</UL>
<BR>[Calls]<UL><LI><a href="#[49]">&gt;&gt;</a>&nbsp;&nbsp;&nbsp;ADC_GetTemperature
<LI><a href="#[4a]">&gt;&gt;</a>&nbsp;&nbsp;&nbsp;_7Seg_WriteBuf
</UL>
<BR>[Called By]<UL><LI><a href="#[43]">&gt;&gt;</a>&nbsp;&nbsp;&nbsp;__main
</UL>

<P><STRONG><a name="[47]"></a>GPIO_SetMode</STRONG> (Thumb, 44 bytes, Stack size 16 bytes, gpio.o(i.GPIO_SetMode))
<BR><BR>[Stack]<UL><LI>Max Depth = 16<LI>Call Chain = GPIO_SetMode
</UL>
<BR>[Called By]<UL><LI><a href="#[43]">&gt;&gt;</a>&nbsp;&nbsp;&nbsp;__main
<LI><a href="#[46]">&gt;&gt;</a>&nbsp;&nbsp;&nbsp;Btn_Initial
<LI><a href="#[4c]">&gt;&gt;</a>&nbsp;&nbsp;&nbsp;_7Seg_Initial
<LI><a href="#[4b]">&gt;&gt;</a>&nbsp;&nbsp;&nbsp;StepMtr_Initial
</UL>

<P><STRONG><a name="[4b]"></a>StepMtr_Initial</STRONG> (Thumb, 42 bytes, Stack size 8 bytes, stepmotoragent.o(i.StepMtr_Initial))
<BR><BR>[Stack]<UL><LI>Max Depth = 24<LI>Call Chain = StepMtr_Initial &rArr; GPIO_SetMode
</UL>
<BR>[Calls]<UL><LI><a href="#[47]">&gt;&gt;</a>&nbsp;&nbsp;&nbsp;GPIO_SetMode
</UL>
<BR>[Called By]<UL><LI><a href="#[43]">&gt;&gt;</a>&nbsp;&nbsp;&nbsp;__main
</UL>

<P><STRONG><a name="[57]"></a>StepMtr_RPMtoD</STRONG> (Thumb, 18 bytes, Stack size 0 bytes, main.o(i.StepMtr_RPMtoD))
<BR><BR>[Called By]<UL><LI><a href="#[43]">&gt;&gt;</a>&nbsp;&nbsp;&nbsp;__main
</UL>

<P><STRONG><a name="[58]"></a>StepMtr_Task</STRONG> (Thumb, 242 bytes, Stack size 0 bytes, stepmotoragent.o(i.StepMtr_Task))
<BR><BR>[Called By]<UL><LI><a href="#[43]">&gt;&gt;</a>&nbsp;&nbsp;&nbsp;__main
</UL>

<P><STRONG><a name="[42]"></a>SystemInit</STRONG> (Thumb, 14 bytes, Stack size 0 bytes, system_m451series.o(i.SystemInit))
<BR>[Address Reference Count : 1]<UL><LI> startup_m451series.o(.text)
</UL>
<P><STRONG><a name="[2a]"></a>TMR0_IRQHandler</STRONG> (Thumb, 24 bytes, Stack size 0 bytes, timebaseagent.o(i.TMR0_IRQHandler))
<BR>[Address Reference Count : 1]<UL><LI> startup_m451series.o(RESET)
</UL>
<P><STRONG><a name="[50]"></a>Timebase_Initial</STRONG> (Thumb, 132 bytes, Stack size 0 bytes, timebaseagent.o(i.Timebase_Initial))
<BR><BR>[Called By]<UL><LI><a href="#[43]">&gt;&gt;</a>&nbsp;&nbsp;&nbsp;__main
</UL>

<P><STRONG><a name="[4c]"></a>_7Seg_Initial</STRONG> (Thumb, 76 bytes, Stack size 8 bytes, sevensegmentagent.o(i._7Seg_Initial))
<BR><BR>[Stack]<UL><LI>Max Depth = 24<LI>Call Chain = _7Seg_Initial &rArr; GPIO_SetMode
</UL>
<BR>[Calls]<UL><LI><a href="#[47]">&gt;&gt;</a>&nbsp;&nbsp;&nbsp;GPIO_SetMode
</UL>
<BR>[Called By]<UL><LI><a href="#[43]">&gt;&gt;</a>&nbsp;&nbsp;&nbsp;__main
</UL>

<P><STRONG><a name="[4e]"></a>_7Seg_Output</STRONG> (Thumb, 146 bytes, Stack size 0 bytes, sevensegmentagent.o(i._7Seg_Output))
<BR><BR>[Called By]<UL><LI><a href="#[4d]">&gt;&gt;</a>&nbsp;&nbsp;&nbsp;_7Seg_Task
</UL>

<P><STRONG><a name="[4f]"></a>_7Seg_Switch</STRONG> (Thumb, 14 bytes, Stack size 0 bytes, sevensegmentagent.o(i._7Seg_Switch))
<BR><BR>[Called By]<UL><LI><a href="#[4d]">&gt;&gt;</a>&nbsp;&nbsp;&nbsp;_7Seg_Task
</UL>

<P><STRONG><a name="[4d]"></a>_7Seg_Task</STRONG> (Thumb, 34 bytes, Stack size 4 bytes, sevensegmentagent.o(i._7Seg_Task))
<BR><BR>[Stack]<UL><LI>Max Depth = 4<LI>Call Chain = _7Seg_Task
</UL>
<BR>[Calls]<UL><LI><a href="#[4f]">&gt;&gt;</a>&nbsp;&nbsp;&nbsp;_7Seg_Switch
<LI><a href="#[4e]">&gt;&gt;</a>&nbsp;&nbsp;&nbsp;_7Seg_Output
</UL>
<BR>[Called By]<UL><LI><a href="#[43]">&gt;&gt;</a>&nbsp;&nbsp;&nbsp;__main
</UL>

<P><STRONG><a name="[4a]"></a>_7Seg_WriteBuf</STRONG> (Thumb, 8 bytes, Stack size 0 bytes, sevensegmentagent.o(i._7Seg_WriteBuf))
<BR><BR>[Called By]<UL><LI><a href="#[48]">&gt;&gt;</a>&nbsp;&nbsp;&nbsp;DisplayTask
</UL>

<P><STRONG><a name="[43]"></a>__main</STRONG> (Thumb, 192 bytes, Stack size 0 bytes, main.o(i.__main))
<BR><BR>[Stack]<UL><LI>Max Depth = 24<LI>Call Chain = __main &rArr; Btn_Initial &rArr; GPIO_SetMode
</UL>
<BR>[Calls]<UL><LI><a href="#[57]">&gt;&gt;</a>&nbsp;&nbsp;&nbsp;StepMtr_RPMtoD
<LI><a href="#[48]">&gt;&gt;</a>&nbsp;&nbsp;&nbsp;DisplayTask
<LI><a href="#[55]">&gt;&gt;</a>&nbsp;&nbsp;&nbsp;ADC_Task
<LI><a href="#[51]">&gt;&gt;</a>&nbsp;&nbsp;&nbsp;ADC_Initial
<LI><a href="#[56]">&gt;&gt;</a>&nbsp;&nbsp;&nbsp;ADC_GetVR
<LI><a href="#[59]">&gt;&gt;</a>&nbsp;&nbsp;&nbsp;Btn_Task
<LI><a href="#[54]">&gt;&gt;</a>&nbsp;&nbsp;&nbsp;Btn_OneShotClear
<LI><a href="#[53]">&gt;&gt;</a>&nbsp;&nbsp;&nbsp;Btn_IsOneShot
<LI><a href="#[52]">&gt;&gt;</a>&nbsp;&nbsp;&nbsp;Btn_IsDown
<LI><a href="#[46]">&gt;&gt;</a>&nbsp;&nbsp;&nbsp;Btn_Initial
<LI><a href="#[4d]">&gt;&gt;</a>&nbsp;&nbsp;&nbsp;_7Seg_Task
<LI><a href="#[4c]">&gt;&gt;</a>&nbsp;&nbsp;&nbsp;_7Seg_Initial
<LI><a href="#[47]">&gt;&gt;</a>&nbsp;&nbsp;&nbsp;GPIO_SetMode
<LI><a href="#[58]">&gt;&gt;</a>&nbsp;&nbsp;&nbsp;StepMtr_Task
<LI><a href="#[4b]">&gt;&gt;</a>&nbsp;&nbsp;&nbsp;StepMtr_Initial
<LI><a href="#[50]">&gt;&gt;</a>&nbsp;&nbsp;&nbsp;Timebase_Initial
</UL>
<BR>[Address Reference Count : 1]<UL><LI> startup_m451series.o(.text)
</UL><P>
<H3>
Local Symbols
</H3>
<P><STRONG><a name="[f]"></a>Default_Handler</STRONG> (Thumb, 2 bytes, Stack size 0 bytes, startup_m451series.o(.text))
<BR><BR>[Calls]<UL><LI><a href="#[f]">&gt;&gt;</a>&nbsp;&nbsp;&nbsp;Default_Handler
</UL>
<BR>[Called By]<UL><LI><a href="#[f]">&gt;&gt;</a>&nbsp;&nbsp;&nbsp;Default_Handler
</UL>
<BR>[Address Reference Count : 1]<UL><LI> startup_m451series.o(RESET)
</UL><P>
<H3>
Undefined Global Symbols
</H3><HR></body></html>
