Microchip MPLAB XC8 Compiler V2.05 ()

Linker command line:

-W-3 --edf=C:\Program Files (x86)\Microchip\xc8\v2.05\pic\dat\en_msgs.txt \
  -cs -h+dist/default/production\RS232test3.X.production.sym \
  --cmf=dist/default/production\RS232test3.X.production.cmf -z -Q18F23K22 \
  -oC:\Users\mings\AppData\Local\Temp\s1ng.2 \
  -Mdist/default/production/RS232test3.X.production.map -E1 -ver=XC8 \
  -ASTACK=060h-01FFh -pstack=STACK -ACODE=00h-01FFFh -ACONST=00h-01FFFh \
  -ASMALLCONST=0200h-02FFhx30 -AMEDIUMCONST=0200h-01FFFh -ACOMRAM=01h-05Fh \
  -AABS1=00h-01FFh -ABIGRAM=01h-01FFh -ARAM=060h-0FFh,0100h-01FFh \
  -ABANK0=060h-0FFh -ABANK1=0100h-01FFh -ASFR=0F38h-0F5Fh,0F60h-0FFFh \
  -preset_vec=00h,intcode=08h,intcodelo,powerup,init -pramtop=0200h \
  -psmallconst=SMALLCONST -pmediumconst=MEDIUMCONST -pconst=CONST \
  -AFARRAM=00h-00h -ACONFIG=0300000h-030000Dh -pconfig=CONFIG \
  -AIDLOC=0200000h-0200007h -pidloc=IDLOC -AEEDATA=0F00000h-0F000FFh \
  -peeprom_data=EEDATA \
  -prdata=COMRAM,nvrram=COMRAM,nvbit=COMRAM,rbss=COMRAM,rbit=COMRAM \
  -pfarbss=FARRAM,fardata=FARRAM,nvFARRAM=FARRAM \
  -pintsave_regs=BIGRAM,bigbss=BIGRAM,bigdata=BIGRAM -pbss=RAM \
  -pidata=CODE,irdata=CODE,ibigdata=CODE,ifardata=CODE -prparam=COMRAM \
  C:\Users\mings\AppData\Local\Temp\s1ng.obj \
  dist/default/production\RS232test3.X.production.obj 

Object code version is 3.11

Machine type is 18F23K22

Call graph: (short form)




                Name                               Link     Load   Length Selector   Space Scale
C:\Users\mings\AppData\Local\Temp\s1ng.obj
                init                                 66       66        4        4       0
                reset_vec                             0        0        4        0       0
                idloc                            200000   200000        8   200000       0
                config                           300000   300000        E   300000       0
dist/default/production\RS232test3.X.production.obj
                intcode                               8        8       5E        4       0
                temp                                 31       31        1        1       1
                text13                              1A4      1A4        A        4       0
                text12                              108      108       26        4       0
                text10                              19A      19A        A        4       0
                text9                               190      190        A        4       0
                text8                               186      186        A        4       0
                text7                               17C      17C        A        4       0
                text6                               172      172        A        4       0
                text5                                6A       6A       74        4       0
                text4                               1AE      1AE        4        4       0
                text3                               15A      15A        E        4       0
                text2                                DE       DE       2A        4       0
                text1                               148      148       12        4       0
                text0                               168      168        A        4       0
                cstackCOMRAM                         2A       2A        7        1       1
                bssCOMRAM                             1        1       1E        1       1
                cinit                               12E      12E       1A        4       0
                nvCOMRAM                             1F       1F        B        1       1

TOTAL           Name                               Link     Load   Length     Space
        CLASS   STACK          

        CLASS   CODE           
                intcode                               8        8       5E         0
                init                                 66       66        4         0
                reset_vec                             0        0        4         0
                text13                              1A4      1A4        A         0
                text12                              108      108       26         0
                text10                              19A      19A        A         0
                text9                               190      190        A         0
                text8                               186      186        A         0
                text7                               17C      17C        A         0
                text6                               172      172        A         0
                text5                                6A       6A       74         0
                text4                               1AE      1AE        4         0
                text3                               15A      15A        E         0
                text2                                DE       DE       2A         0
                text1                               148      148       12         0
                text0                               168      168        A         0
                cinit                               12E      12E       1A         0

        CLASS   CONST          

        CLASS   SMALLCONST     

        CLASS   MEDIUMCONST    

        CLASS   COMRAM         
                temp                                 31       31        1         1
                cstackCOMRAM                         2A       2A        7         1
                bssCOMRAM                             1        1       1E         1
                nvCOMRAM                             1F       1F        B         1

        CLASS   ABS1           

        CLASS   BIGRAM         

        CLASS   RAM            

        CLASS   BANK0          

        CLASS   BANK1          

        CLASS   SFR            

        CLASS   FARRAM         

        CLASS   CONFIG         
                config                           300000   300000        E         0

        CLASS   IDLOC          
                idloc                            200000   200000        8         0

        CLASS   EEDATA         



SEGMENTS        Name                           Load    Length   Top    Selector   Space  Class

                reset_vec                      000000  000004  000004         0       0  CODE    
                bssCOMRAM                      000001  000031  000032         1       1  COMRAM  
                intcode                        000008  0001AA  0001B2         4       0  CODE    
                idloc                          200000  000008  200008    200000       0  IDLOC   
                config                         300000  00000E  30000E    300000       0  CONFIG  


UNUSED ADDRESS RANGES

        Name                Unused          Largest block    Delta
        BANK0            000060-0000FF               A0
        BANK1            000100-0001FF              100
        BIGRAM           000032-0001FF              1CE
        CODE             000004-000007                4
                         0001B2-001FFF             1E4E
        COMRAM           000032-00005F               2E
        CONST            000004-000007                4
                         0001B2-001FFF             1E4E
        EEDATA           F00000-F000FF              100
        MEDIUMCONST      000200-001FFF             1E00
        RAM              000060-0001FF               A0
        SFR              000F38-000FFF               28
        SMALLCONST       000200-001FFF              100
        STACK            000060-0001FF              1A0

                                  Symbol Table

EUSART1_Receive_ISR@c                           cstackCOMRAM 00002A
EUSART1_SetErrorHandler@interruptHandler        cstackCOMRAM 00002F
EUSART1_SetFramingErrorHandler@interruptHandler cstackCOMRAM 00002F
EUSART1_SetOverrunErrorHandler@interruptHandler cstackCOMRAM 00002F
EUSART1_SetRxInterruptHandler@interruptHandler  cstackCOMRAM 00002F
EUSART1_SetTxInterruptHandler@interruptHandler  cstackCOMRAM 00002F
_ANSELA                                         (abs)        000F38
_ANSELB                                         (abs)        000F39
_ANSELC                                         (abs)        000F3A
_BAUDCON1                                       (abs)        000FB8
_EUSART1_DefaultErrorHandler                    (abs)        000000
_EUSART1_DefaultFramingErrorHandler             (abs)        000000
_EUSART1_DefaultOverrunErrorHandler             (abs)        000000
_EUSART1_ErrorHandler                           nvCOMRAM     00001F
_EUSART1_FramingErrorHandler                    nvCOMRAM     000023
_EUSART1_Initialize                             text5        00006A
_EUSART1_OverrunErrorHandler                    nvCOMRAM     000021
_EUSART1_Receive_ISR                            text13       0001A4
_EUSART1_RxDefaultInterruptHandler              nvCOMRAM     000025
_EUSART1_SetErrorHandler                        text10       00019A
_EUSART1_SetFramingErrorHandler                 text9        000190
_EUSART1_SetOverrunErrorHandler                 text8        000186
_EUSART1_SetRxInterruptHandler                  text7        00017C
_EUSART1_SetTxInterruptHandler                  text6        000172
_EUSART1_Transmit_ISR                           text12       000108
_EUSART1_TxDefaultInterruptHandler              nvCOMRAM     000027
_INTCON2bits                                    (abs)        000FF1
_INTCONbits                                     (abs)        000FF2
_INTERRUPT_Initialize                           text4        0001AE
_INTERRUPT_InterruptManager                     intcode      000008
_LATA                                           (abs)        000F89
_LATB                                           (abs)        000F8A
_LATC                                           (abs)        000F8B
_OSCCON                                         (abs)        000FD3
_OSCCON2                                        (abs)        000FD2
_OSCILLATOR_Initialize                          text3        00015A
_OSCTUNE                                        (abs)        000F9B
_PIE1bits                                       (abs)        000F9D
_PIN_MANAGER_Initialize                         text2        0000DE
_PIR1bits                                       (abs)        000F9E
_RCONbits                                       (abs)        000FD0
_RCREG1                                         (abs)        000FAE
_RCSTA1                                         (abs)        000FAB
_SPBRG1                                         (abs)        000FAF
_SPBRGH1                                        (abs)        000FB0
_SYSTEM_Initialize                              text1        000148
_TRISA                                          (abs)        000F92
_TRISB                                          (abs)        000F93
_TRISC                                          (abs)        000F94
_TXREG1                                         (abs)        000FAD
_TXSTA1                                         (abs)        000FAC
_WPUB                                           (abs)        000F61
__CFG_BOREN$SBORDIS                             (abs)        000000
__CFG_BORV$190                                  (abs)        000000
__CFG_CCP2MX$PORTC1                             (abs)        000000
__CFG_CCP3MX$PORTB5                             (abs)        000000
__CFG_CP0$OFF                                   (abs)        000000
__CFG_CP1$OFF                                   (abs)        000000
__CFG_CPB$OFF                                   (abs)        000000
__CFG_CPD$OFF                                   (abs)        000000
__CFG_DEBUG$OFF                                 (abs)        000000
__CFG_EBTR0$OFF                                 (abs)        000000
__CFG_EBTR1$OFF                                 (abs)        000000
__CFG_EBTRB$OFF                                 (abs)        000000
__CFG_FCMEN$OFF                                 (abs)        000000
__CFG_FOSC$INTIO67                              (abs)        000000
__CFG_HFOFST$ON                                 (abs)        000000
__CFG_IESO$OFF                                  (abs)        000000
__CFG_LVP$ON                                    (abs)        000000
__CFG_MCLRE$EXTMCLR                             (abs)        000000
__CFG_P2BMX$PORTB5                              (abs)        000000
__CFG_PBADEN$ON                                 (abs)        000000
__CFG_PLLCFG$OFF                                (abs)        000000
__CFG_PRICLKEN$ON                               (abs)        000000
__CFG_PWRTEN$OFF                                (abs)        000000
__CFG_STVREN$ON                                 (abs)        000000
__CFG_T3CMX$PORTC0                              (abs)        000000
__CFG_WDTEN$OFF                                 (abs)        000000
__CFG_WDTPS$32768                               (abs)        000000
__CFG_WRT0$OFF                                  (abs)        000000
__CFG_WRT1$OFF                                  (abs)        000000
__CFG_WRTB$OFF                                  (abs)        000000
__CFG_WRTC$OFF                                  (abs)        000000
__CFG_WRTD$OFF                                  (abs)        000000
__CFG_XINST$OFF                                 (abs)        000000
__HRAM                                          (abs)        000000
__Habs1                                         abs1         000000
__Hbank0                                        bank0        000000
__Hbank1                                        bank1        000000
__Hbigbss                                       bigbss       000000
__Hbigdata                                      bigdata      000000
__Hbigram                                       bigram       000000
__Hbss                                          bss          000000
__HbssCOMRAM                                    bssCOMRAM    000000
__Hcinit                                        cinit        000000
__Hclrtext                                      clrtext      000000
__Hcomram                                       comram       000000
__Hconfig                                       config       30000E
__Hconst                                        const        000000
__HcstackCOMRAM                                 cstackCOMRAM 000000
__Hdata                                         data         000000
__Heeprom_data                                  eeprom_data  000000
__Hfarbss                                       farbss       000000
__Hfardata                                      fardata      000000
__Hibigdata                                     ibigdata     000000
__Hidata                                        idata        000000
__Hidloc                                        idloc        200008
__Hifardata                                     ifardata     000000
__Hinit                                         init         00006A
__Hintcode                                      intcode      000066
__Hintcode_body                                 intcode_body 000000
__Hintcodelo                                    intcodelo    000066
__Hintentry                                     intentry     000000
__Hintret                                       intret       000000
__Hintsave_regs                                 intsave_regs 000000
__Hirdata                                       irdata       000000
__Hmediumconst                                  mediumconst  000000
__HnvCOMRAM                                     nvCOMRAM     000000
__HnvFARRAM                                     nvFARRAM     000000
__Hnvbit                                        nvbit        000000
__Hnvrram                                       nvrram       000000
__Hparam                                        rparam       000000
__Hpowerup                                      powerup      000066
__Hram                                          ram          000000
__Hramtop                                       ramtop       000200
__Hrbit                                         rbit         000000
__Hrbss                                         rbss         000000
__Hrdata                                        rdata        000000
__Hreset_vec                                    reset_vec    000004
__Hrparam                                       rparam       000000
__Hsfr                                          sfr          000000
__Hsmallconst                                   smallconst   000000
__Hspace_0                                      (abs)        30000E
__Hspace_1                                      (abs)        000032
__Hspace_2                                      (abs)        000000
__Hstack                                        stack        000000
__Hstruct                                       struct       000000
__Htemp                                         temp         000032
__Htext                                         text         000000
__Htext0                                        text0        000000
__Htext1                                        text1        000000
__Htext10                                       text10       000000
__Htext12                                       text12       000000
__Htext13                                       text13       000000
__Htext14                                       text14       000000
__Htext2                                        text2        000000
__Htext3                                        text3        000000
__Htext4                                        text4        000000
__Htext5                                        text5        000000
__Htext6                                        text6        000000
__Htext7                                        text7        000000
__Htext8                                        text8        000000
__Htext9                                        text9        000000
__LRAM                                          (abs)        000001
__Labs1                                         abs1         000000
__Lbank0                                        bank0        000000
__Lbank1                                        bank1        000000
__Lbigbss                                       bigbss       000000
__Lbigdata                                      bigdata      000000
__Lbigram                                       bigram       000000
__Lbss                                          bss          000000
__LbssCOMRAM                                    bssCOMRAM    000000
__Lcinit                                        cinit        000000
__Lclrtext                                      clrtext      000000
__Lcomram                                       comram       000000
__Lconfig                                       config       300000
__Lconst                                        const        000000
__LcstackCOMRAM                                 cstackCOMRAM 000000
__Ldata                                         data         000000
__Leeprom_data                                  eeprom_data  000000
__Lfarbss                                       farbss       000000
__Lfardata                                      fardata      000000
__Libigdata                                     ibigdata     000000
__Lidata                                        idata        000000
__Lidloc                                        idloc        200000
__Lifardata                                     ifardata     000000
__Linit                                         init         000066
__Lintcode                                      intcode      000008
__Lintcode_body                                 intcode_body 000000
__Lintcodelo                                    intcodelo    000066
__Lintentry                                     intentry     000000
__Lintret                                       intret       000000
__Lintsave_regs                                 intsave_regs 000000
__Lirdata                                       irdata       000000
__Lmediumconst                                  mediumconst  000000
__LnvCOMRAM                                     nvCOMRAM     000000
__LnvFARRAM                                     nvFARRAM     000000
__Lnvbit                                        nvbit        000000
__Lnvrram                                       nvrram       000000
__Lparam                                        rparam       000000
__Lpowerup                                      powerup      000066
__Lram                                          ram          000000
__Lramtop                                       ramtop       000200
__Lrbit                                         rbit         000000
__Lrbss                                         rbss         000000
__Lrdata                                        rdata        000000
__Lreset_vec                                    reset_vec    000000
__Lrparam                                       rparam       000000
__Lsfr                                          sfr          000000
__Lsmallconst                                   smallconst   000000
__Lspace_0                                      (abs)        000000
__Lspace_1                                      (abs)        000000
__Lspace_2                                      (abs)        000000
__Lstack                                        stack        000000
__Lstruct                                       struct       000000
__Ltemp                                         temp         000031
__Ltext                                         text         000000
__Ltext0                                        text0        000000
__Ltext1                                        text1        000000
__Ltext10                                       text10       000000
__Ltext12                                       text12       000000
__Ltext13                                       text13       000000
__Ltext14                                       text14       000000
__Ltext2                                        text2        000000
__Ltext3                                        text3        000000
__Ltext4                                        text4        000000
__Ltext5                                        text5        000000
__Ltext6                                        text6        000000
__Ltext7                                        text7        000000
__Ltext8                                        text8        000000
__Ltext9                                        text9        000000
__S0                                            (abs)        30000E
__S1                                            (abs)        000032
__S2                                            (abs)        000000
___inthi_sp                                     stack        000000
___intlo_sp                                     stack        000000
___param_bank                                   (abs)        000000
___rparam_used                                  (abs)        000001
___sp                                           stack        000000
__accesstop                                     (abs)        000060
__activetblptr                                  (abs)        000002
__end_of_EUSART1_Initialize                     text5        0000DE
__end_of_EUSART1_Receive_ISR                    text13       0001AE
__end_of_EUSART1_SetErrorHandler                text10       0001A4
__end_of_EUSART1_SetFramingErrorHandler         text9        00019A
__end_of_EUSART1_SetOverrunErrorHandler         text8        000190
__end_of_EUSART1_SetRxInterruptHandler          text7        000186
__end_of_EUSART1_SetTxInterruptHandler          text6        00017C
__end_of_EUSART1_Transmit_ISR                   text12       00012E
__end_of_INTERRUPT_Initialize                   text4        0001B2
__end_of_INTERRUPT_InterruptManager             intcode      000066
__end_of_OSCILLATOR_Initialize                  text3        000168
__end_of_PIN_MANAGER_Initialize                 text2        000108
__end_of_SYSTEM_Initialize                      text1        00015A
__end_of__initialization                        cinit        00013A
__end_of_main                                   text0        000172
__initialization                                cinit        00012E
__mediumconst                                   mediumconst  000000
__pbssCOMRAM                                    bssCOMRAM    000001
__pcinit                                        cinit        00012E
__pcstackCOMRAM                                 cstackCOMRAM 00002A
__pintcode                                      intcode      000008
__pnvCOMRAM                                     nvCOMRAM     00001F
__ptext0                                        text0        000168
__ptext1                                        text1        000148
__ptext10                                       text10       00019A
__ptext12                                       text12       000108
__ptext13                                       text13       0001A4
__ptext14                                       text14       000000
__ptext2                                        text2        0000DE
__ptext3                                        text3        00015A
__ptext4                                        text4        0001AE
__ptext5                                        text5        00006A
__ptext6                                        text6        000172
__ptext7                                        text7        00017C
__ptext8                                        text8        000186
__ptext9                                        text9        000190
__ramtop                                        ramtop       000200
__size_of_EUSART1_Initialize                    (abs)        000000
__size_of_EUSART1_Receive_ISR                   (abs)        000000
__size_of_EUSART1_SetErrorHandler               (abs)        000000
__size_of_EUSART1_SetFramingErrorHandler        (abs)        000000
__size_of_EUSART1_SetOverrunErrorHandler        (abs)        000000
__size_of_EUSART1_SetRxInterruptHandler         (abs)        000000
__size_of_EUSART1_SetTxInterruptHandler         (abs)        000000
__size_of_EUSART1_Transmit_ISR                  (abs)        000000
__size_of_INTERRUPT_Initialize                  (abs)        000000
__size_of_INTERRUPT_InterruptManager            (abs)        000000
__size_of_OSCILLATOR_Initialize                 (abs)        000000
__size_of_PIN_MANAGER_Initialize                (abs)        000000
__size_of_SYSTEM_Initialize                     (abs)        000000
__size_of_main                                  (abs)        000000
__smallconst                                    smallconst   000000
_eusart1RxBuffer                                bssCOMRAM    000009
_eusart1RxCount                                 bssCOMRAM    00001A
_eusart1RxHead                                  bssCOMRAM    00001C
_eusart1RxLastError                             bssCOMRAM    000019
_eusart1RxStatusBuffer                          bssCOMRAM    000001
_eusart1RxTail                                  bssCOMRAM    00001B
_eusart1TxBuffer                                bssCOMRAM    000011
_eusart1TxBufferRemaining                       nvCOMRAM     000029
_eusart1TxHead                                  bssCOMRAM    00001E
_eusart1TxTail                                  bssCOMRAM    00001D
_main                                           text0        000168
btemp                                           temp         000031
end_of_initialization                           cinit        00013A
int$flags                                       temp         000031
intlevel0                                       text         000000
intlevel1                                       text         000000
intlevel2                                       text         000000
intlevel3                                       text         000000
stackhi                                         (abs)        0001FF
stacklo                                         (abs)        000060
start                                           init         000066
start_initialization                            cinit        00012E
ttemp5                                          temp         000032
ttemp6                                          temp         000035
ttemp7                                          temp         000039
wtemp8                                          temp         000032


FUNCTION INFORMATION:

 *************** function _main *****************
 Defined at:
		line 49 in file "main.c"
 Parameters:    Size  Location     Type
		None
 Auto vars:     Size  Location     Type
		None
 Return value:  Size  Location     Type
                  1    wreg      void 
 Registers used:
		wreg, status,2, status,0, cstack
 Tracked objects:
		On entry : 
		On exit  : 
		Unchanged: 
 Data sizes:     COMRAM   BANK0   BANK1
      Params:         0       0       0
      Locals:         0       0       0
      Temps:          0       0       0
      Totals:         0       0       0
Total ram usage:        0 bytes
 Hardware stack levels required when called:    5
 This function calls:
		_SYSTEM_Initialize
 This function is called by:
		Startup code after reset
 This function uses a non-reentrant model


 *************** function _SYSTEM_Initialize *****************
 Defined at:
		line 50 in file "mcc_generated_files/mcc.c"
 Parameters:    Size  Location     Type
		None
 Auto vars:     Size  Location     Type
		None
 Return value:  Size  Location     Type
                  1    wreg      void 
 Registers used:
		wreg, status,2, status,0, cstack
 Tracked objects:
		On entry : 
		On exit  : 
		Unchanged: 
 Data sizes:     COMRAM   BANK0   BANK1
      Params:         0       0       0
      Locals:         0       0       0
      Temps:          0       0       0
      Totals:         0       0       0
Total ram usage:        0 bytes
 Hardware stack levels used:    1
 Hardware stack levels required when called:    4
 This function calls:
		_EUSART1_Initialize
		_INTERRUPT_Initialize
		_OSCILLATOR_Initialize
		_PIN_MANAGER_Initialize
 This function is called by:
		_main
 This function uses a non-reentrant model


 *************** function _PIN_MANAGER_Initialize *****************
 Defined at:
		line 55 in file "mcc_generated_files/pin_manager.c"
 Parameters:    Size  Location     Type
		None
 Auto vars:     Size  Location     Type
		None
 Return value:  Size  Location     Type
                  1    wreg      void 
 Registers used:
		wreg, status,2
 Tracked objects:
		On entry : 
		On exit  : 
		Unchanged: 
 Data sizes:     COMRAM   BANK0   BANK1
      Params:         0       0       0
      Locals:         0       0       0
      Temps:          0       0       0
      Totals:         0       0       0
Total ram usage:        0 bytes
 Hardware stack levels used:    1
 Hardware stack levels required when called:    2
 This function calls:
		Nothing
 This function is called by:
		_SYSTEM_Initialize
 This function uses a non-reentrant model


 *************** function _OSCILLATOR_Initialize *****************
 Defined at:
		line 59 in file "mcc_generated_files/mcc.c"
 Parameters:    Size  Location     Type
		None
 Auto vars:     Size  Location     Type
		None
 Return value:  Size  Location     Type
                  1    wreg      void 
 Registers used:
		wreg, status,2
 Tracked objects:
		On entry : 
		On exit  : 
		Unchanged: 
 Data sizes:     COMRAM   BANK0   BANK1
      Params:         0       0       0
      Locals:         0       0       0
      Temps:          0       0       0
      Totals:         0       0       0
Total ram usage:        0 bytes
 Hardware stack levels used:    1
 Hardware stack levels required when called:    2
 This function calls:
		Nothing
 This function is called by:
		_SYSTEM_Initialize
 This function uses a non-reentrant model


 *************** function _INTERRUPT_Initialize *****************
 Defined at:
		line 52 in file "mcc_generated_files/interrupt_manager.c"
 Parameters:    Size  Location     Type
		None
 Auto vars:     Size  Location     Type
		None
 Return value:  Size  Location     Type
                  1    wreg      void 
 Registers used:
		None
 Tracked objects:
		On entry : 
		On exit  : 
		Unchanged: 
 Data sizes:     COMRAM   BANK0   BANK1
      Params:         0       0       0
      Locals:         0       0       0
      Temps:          0       0       0
      Totals:         0       0       0
Total ram usage:        0 bytes
 Hardware stack levels used:    1
 Hardware stack levels required when called:    2
 This function calls:
		Nothing
 This function is called by:
		_SYSTEM_Initialize
 This function uses a non-reentrant model


 *************** function _EUSART1_Initialize *****************
 Defined at:
		line 88 in file "mcc_generated_files/eusart1.c"
 Parameters:    Size  Location     Type
		None
 Auto vars:     Size  Location     Type
		None
 Return value:  Size  Location     Type
                  1    wreg      void 
 Registers used:
		wreg, status,2, status,0, cstack
 Tracked objects:
		On entry : 
		On exit  : 
		Unchanged: 
 Data sizes:     COMRAM   BANK0   BANK1
      Params:         0       0       0
      Locals:         0       0       0
      Temps:          0       0       0
      Totals:         0       0       0
Total ram usage:        0 bytes
 Hardware stack levels used:    1
 Hardware stack levels required when called:    3
 This function calls:
		_EUSART1_SetErrorHandler
		_EUSART1_SetFramingErrorHandler
		_EUSART1_SetOverrunErrorHandler
		_EUSART1_SetRxInterruptHandler
		_EUSART1_SetTxInterruptHandler
 This function is called by:
		_SYSTEM_Initialize
 This function uses a non-reentrant model


 *************** function _EUSART1_SetTxInterruptHandler *****************
 Defined at:
		line 261 in file "mcc_generated_files/eusart1.c"
 Parameters:    Size  Location     Type
  interruptHan    2    5[COMRAM] PTR FTN()void 
		 -> EUSART1_Transmit_ISR(1), 
 Auto vars:     Size  Location     Type
		None
 Return value:  Size  Location     Type
                  1    wreg      void 
 Registers used:
		wreg, status,2, status,0
 Tracked objects:
		On entry : 
		On exit  : 
		Unchanged: 
 Data sizes:     COMRAM   BANK0   BANK1
      Params:         2       0       0
      Locals:         0       0       0
      Temps:          0       0       0
      Totals:         2       0       0
Total ram usage:        2 bytes
 Hardware stack levels used:    1
 Hardware stack levels required when called:    2
 This function calls:
		Nothing
 This function is called by:
		_EUSART1_Initialize
 This function uses a non-reentrant model


 *************** function _EUSART1_SetRxInterruptHandler *****************
 Defined at:
		line 265 in file "mcc_generated_files/eusart1.c"
 Parameters:    Size  Location     Type
  interruptHan    2    5[COMRAM] PTR FTN()void 
		 -> EUSART1_Receive_ISR(1), 
 Auto vars:     Size  Location     Type
		None
 Return value:  Size  Location     Type
                  1    wreg      void 
 Registers used:
		wreg, status,2, status,0
 Tracked objects:
		On entry : 
		On exit  : 
		Unchanged: 
 Data sizes:     COMRAM   BANK0   BANK1
      Params:         2       0       0
      Locals:         0       0       0
      Temps:          0       0       0
      Totals:         2       0       0
Total ram usage:        2 bytes
 Hardware stack levels used:    1
 Hardware stack levels required when called:    2
 This function calls:
		Nothing
 This function is called by:
		_EUSART1_Initialize
 This function uses a non-reentrant model


 *************** function _EUSART1_SetOverrunErrorHandler *****************
 Defined at:
		line 253 in file "mcc_generated_files/eusart1.c"
 Parameters:    Size  Location     Type
  interruptHan    2    5[COMRAM] PTR FTN()void 
		 -> EUSART1_DefaultOverrunErrorHandler(1), 
 Auto vars:     Size  Location     Type
		None
 Return value:  Size  Location     Type
                  1    wreg      void 
 Registers used:
		wreg, status,2, status,0
 Tracked objects:
		On entry : 
		On exit  : 
		Unchanged: 
 Data sizes:     COMRAM   BANK0   BANK1
      Params:         2       0       0
      Locals:         0       0       0
      Temps:          0       0       0
      Totals:         2       0       0
Total ram usage:        2 bytes
 Hardware stack levels used:    1
 Hardware stack levels required when called:    2
 This function calls:
		Nothing
 This function is called by:
		_EUSART1_Initialize
 This function uses a non-reentrant model


 *************** function _EUSART1_SetFramingErrorHandler *****************
 Defined at:
		line 249 in file "mcc_generated_files/eusart1.c"
 Parameters:    Size  Location     Type
  interruptHan    2    5[COMRAM] PTR FTN()void 
		 -> EUSART1_DefaultFramingErrorHandler(1), 
 Auto vars:     Size  Location     Type
		None
 Return value:  Size  Location     Type
                  1    wreg      void 
 Registers used:
		wreg, status,2, status,0
 Tracked objects:
		On entry : 
		On exit  : 
		Unchanged: 
 Data sizes:     COMRAM   BANK0   BANK1
      Params:         2       0       0
      Locals:         0       0       0
      Temps:          0       0       0
      Totals:         2       0       0
Total ram usage:        2 bytes
 Hardware stack levels used:    1
 Hardware stack levels required when called:    2
 This function calls:
		Nothing
 This function is called by:
		_EUSART1_Initialize
 This function uses a non-reentrant model


 *************** function _EUSART1_SetErrorHandler *****************
 Defined at:
		line 257 in file "mcc_generated_files/eusart1.c"
 Parameters:    Size  Location     Type
  interruptHan    2    5[COMRAM] PTR FTN()void 
		 -> EUSART1_DefaultErrorHandler(1), 
 Auto vars:     Size  Location     Type
		None
 Return value:  Size  Location     Type
                  1    wreg      void 
 Registers used:
		wreg, status,2, status,0
 Tracked objects:
		On entry : 
		On exit  : 
		Unchanged: 
 Data sizes:     COMRAM   BANK0   BANK1
      Params:         2       0       0
      Locals:         0       0       0
      Temps:          0       0       0
      Totals:         2       0       0
Total ram usage:        2 bytes
 Hardware stack levels used:    1
 Hardware stack levels required when called:    2
 This function calls:
		Nothing
 This function is called by:
		_EUSART1_Initialize
 This function uses a non-reentrant model


 *************** function _INTERRUPT_InterruptManager *****************
 Defined at:
		line 58 in file "mcc_generated_files/interrupt_manager.c"
 Parameters:    Size  Location     Type
		None
 Auto vars:     Size  Location     Type
		None
 Return value:  Size  Location     Type
                  1    wreg      void 
 Registers used:
		wreg, fsr2l, fsr2h, status,2, status,0, pclath, tosl, cstack
 Tracked objects:
		On entry : 
		On exit  : 
		Unchanged: 
 Data sizes:     COMRAM   BANK0   BANK1
      Params:         0       0       0
      Locals:         0       0       0
      Temps:          4       0       0
      Totals:         4       0       0
Total ram usage:        4 bytes
 Hardware stack levels used:    1
 Hardware stack levels required when called:    1
 This function calls:
		Absolute function
		_EUSART1_Receive_ISR
		_EUSART1_Transmit_ISR
 This function is called by:
		Interrupt level 2
 This function uses a non-reentrant model


 *************** function _EUSART1_Transmit_ISR *****************
 Defined at:
		line 197 in file "mcc_generated_files/eusart1.c"
 Parameters:    Size  Location     Type
		None
 Auto vars:     Size  Location     Type
		None
 Return value:  Size  Location     Type
                  1    wreg      void 
 Registers used:
		wreg, fsr2l, fsr2h, status,2, status,0
 Tracked objects:
		On entry : 
		On exit  : 
		Unchanged: 
 Data sizes:     COMRAM   BANK0   BANK1
      Params:         0       0       0
      Locals:         0       0       0
      Temps:          0       0       0
      Totals:         0       0       0
Total ram usage:        0 bytes
 Hardware stack levels used:    1
 This function calls:
		Nothing
 This function is called by:
		_EUSART1_Initialize
		_INTERRUPT_InterruptManager
 This function uses a non-reentrant model


 *************** function _EUSART1_Receive_ISR *****************
 Defined at:
		line 216 in file "mcc_generated_files/eusart1.c"
 Parameters:    Size  Location     Type
		None
 Auto vars:     Size  Location     Type
  c               1    0[COMRAM] unsigned char 
 Return value:  Size  Location     Type
                  1    wreg      void 
 Registers used:
		None
 Tracked objects:
		On entry : 
		On exit  : 
		Unchanged: 
 Data sizes:     COMRAM   BANK0   BANK1
      Params:         0       0       0
      Locals:         1       0       0
      Temps:          0       0       0
      Totals:         1       0       0
Total ram usage:        1 bytes
 Hardware stack levels used:    1
 This function calls:
		Nothing
 This function is called by:
		_EUSART1_Initialize
		_INTERRUPT_InterruptManager
 This function uses a non-reentrant model



MODULE INFORMATION

Module		Function		Class		Link	Load	Size
mcc_generated_files/interrupt_manager.c
		_INTERRUPT_Initialize		CODE           	01AE	0000	5
		_INTERRUPT_InterruptManager		CODE           	0008	0000	95

mcc_generated_files/interrupt_manager.c estimated size: 100

mcc_generated_files/pin_manager.c
		_PIN_MANAGER_Initialize		CODE           	00DE	0000	43

mcc_generated_files/pin_manager.c estimated size: 43

shared
		__initialization		CODE           	012E	0000	13

shared estimated size: 13

mcc_generated_files/eusart1.c
		_EUSART1_SetRxInterruptHandler		CODE           	017C	0000	11
		_EUSART1_SetTxInterruptHandler		CODE           	0172	0000	11
		_EUSART1_Initialize		CODE           	006A	0000	117
		_EUSART1_SetFramingErrorHandler		CODE           	0190	0000	11
		_EUSART1_SetOverrunErrorHandler		CODE           	0186	0000	11
		_EUSART1_SetErrorHandler		CODE           	019A	0000	11
		_EUSART1_Receive_ISR		CODE           	01A4	0000	11
		_EUSART1_Transmit_ISR		CODE           	0108	0000	39

mcc_generated_files/eusart1.c estimated size: 222

mcc_generated_files/mcc.c
		_OSCILLATOR_Initialize		CODE           	015A	0000	15
		_SYSTEM_Initialize		CODE           	0148	0000	19

mcc_generated_files/mcc.c estimated size: 34

main.c
		_main          		CODE           	0168	0000	11

main.c estimated size: 11

