<html>
<body>
<pre>
<h1>µVision Build Log</h1>
<h2>Tool Versions:</h2>
IDE-Version: £gVision V5.29.0.0
Copyright (C) 2019 ARM Ltd and ARM Germany GmbH. All rights reserved.
License Information: HUI mings, NSYSU, LIC=----
 
Tool Versions:
Toolchain:       MDK-Lite  Version: 5.29.0.0
Toolchain Path:  C:\Keil_v5\ARM\ARMCC\Bin
C Compiler:      Armcc.exe V5.06 update 6 (build 750)
Assembler:       Armasm.exe V5.06 update 6 (build 750)
Linker/Locator:  ArmLink.exe V5.06 update 6 (build 750)
Library Manager: ArmAr.exe V5.06 update 6 (build 750)
Hex Converter:   FromElf.exe V5.06 update 6 (build 750)
CPU DLL:         SARMCM3.DLL V5.29.0.0
Dialog DLL:      DARMCM1.DLL V1.19.2.0
Target DLL:      Nu_Link.dll V3.02
Dialog DLL:      TARMCM1.DLL V1.14.1.0
 
<h2>Project:</h2>
C:\Users\mings\Desktop\MicroLabexp\lab2exp\lab2.uvprojx
Project File Date:  03/23/2020

<h2>Output:</h2>
*** Using Compiler 'V5.06 update 6 (build 750)', folder: 'C:\Keil_v5\ARM\ARMCC\Bin'
Rebuild target 'Target 1'
compiling myGPIO.c...
compiling SevenSegmentAgent.c...
assembling startup_M451Series.s...
compiling main.c...
.\Header files\gpio.h(109): warning:  #47-D: incompatible redefinition of macro "PA0"  (declared at line 26 of "myM451Header.h")
  #define PA0             GPIO_PIN_DATA(0, 0 ) /*!< Specify PA.0 Pin Data Input/Output */
.\Header files\gpio.h(110): warning:  #47-D: incompatible redefinition of macro "PA1"  (declared at line 27 of "myM451Header.h")
  #define PA1             GPIO_PIN_DATA(0, 1 ) /*!< Specify PA.1 Pin Data Input/Output */
.\Header files\gpio.h(111): warning:  #47-D: incompatible redefinition of macro "PA2"  (declared at line 28 of "myM451Header.h")
  #define PA2             GPIO_PIN_DATA(0, 2 ) /*!< Specify PA.2 Pin Data Input/Output */
.\Header files\gpio.h(112): warning:  #47-D: incompatible redefinition of macro "PA3"  (declared at line 29 of "myM451Header.h")
  #define PA3             GPIO_PIN_DATA(0, 3 ) /*!< Specify PA.3 Pin Data Input/Output */
.\Header files\gpio.h(113): warning:  #47-D: incompatible redefinition of macro "PA4"  (declared at line 30 of "myM451Header.h")
  #define PA4             GPIO_PIN_DATA(0, 4 ) /*!< Specify PA.4 Pin Data Input/Output */
.\Header files\gpio.h(114): warning:  #47-D: incompatible redefinition of macro "PA5"  (declared at line 31 of "myM451Header.h")
  #define PA5             GPIO_PIN_DATA(0, 5 ) /*!< Specify PA.5 Pin Data Input/Output */
.\Header files\gpio.h(115): warning:  #47-D: incompatible redefinition of macro "PA6"  (declared at line 32 of "myM451Header.h")
  #define PA6             GPIO_PIN_DATA(0, 6 ) /*!< Specify PA.6 Pin Data Input/Output */
.\Header files\gpio.h(116): warning:  #47-D: incompatible redefinition of macro "PA7"  (declared at line 33 of "myM451Header.h")
  #define PA7             GPIO_PIN_DATA(0, 7 ) /*!< Specify PA.7 Pin Data Input/Output */
.\Header files\gpio.h(117): warning:  #47-D: incompatible redefinition of macro "PA8"  (declared at line 34 of "myM451Header.h")
  #define PA8             GPIO_PIN_DATA(0, 8 ) /*!< Specify PA.8 Pin Data Input/Output */
.\Header files\gpio.h(118): warning:  #47-D: incompatible redefinition of macro "PA9"  (declared at line 35 of "myM451Header.h")
  #define PA9             GPIO_PIN_DATA(0, 9 ) /*!< Specify PA.9 Pin Data Input/Output */
.\Header files\gpio.h(119): warning:  #47-D: incompatible redefinition of macro "PA10"  (declared at line 36 of "myM451Header.h")
  #define PA10            GPIO_PIN_DATA(0, 10) /*!< Specify PA.10 Pin Data Input/Output */
.\Header files\gpio.h(120): warning:  #47-D: incompatible redefinition of macro "PA11"  (declared at line 37 of "myM451Header.h")
  #define PA11            GPIO_PIN_DATA(0, 11) /*!< Specify PA.11 Pin Data Input/Output */
.\Header files\gpio.h(121): warning:  #47-D: incompatible redefinition of macro "PA12"  (declared at line 38 of "myM451Header.h")
  #define PA12            GPIO_PIN_DATA(0, 12) /*!< Specify PA.12 Pin Data Input/Output */
.\Header files\gpio.h(122): warning:  #47-D: incompatible redefinition of macro "PA13"  (declared at line 39 of "myM451Header.h")
  #define PA13            GPIO_PIN_DATA(0, 13) /*!< Specify PA.13 Pin Data Input/Output */
.\Header files\gpio.h(123): warning:  #47-D: incompatible redefinition of macro "PA14"  (declared at line 40 of "myM451Header.h")
  #define PA14            GPIO_PIN_DATA(0, 14) /*!< Specify PA.14 Pin Data Input/Output */
.\Header files\gpio.h(124): warning:  #47-D: incompatible redefinition of macro "PA15"  (declared at line 41 of "myM451Header.h")
  #define PA15            GPIO_PIN_DATA(0, 15) /*!< Specify PA.15 Pin Data Input/Output */
.\Header files\gpio.h(125): warning:  #47-D: incompatible redefinition of macro "PB0"  (declared at line 42 of "myM451Header.h")
  #define PB0             GPIO_PIN_DATA(1, 0 ) /*!< Specify PB.0 Pin Data Input/Output */
.\Header files\gpio.h(126): warning:  #47-D: incompatible redefinition of macro "PB1"  (declared at line 43 of "myM451Header.h")
  #define PB1             GPIO_PIN_DATA(1, 1 ) /*!< Specify PB.1 Pin Data Input/Output */
.\Header files\gpio.h(127): warning:  #47-D: incompatible redefinition of macro "PB2"  (declared at line 44 of "myM451Header.h")
  #define PB2             GPIO_PIN_DATA(1, 2 ) /*!< Specify PB.2 Pin Data Input/Output */
.\Header files\gpio.h(128): warning:  #47-D: incompatible redefinition of macro "PB3"  (declared at line 45 of "myM451Header.h")
  #define PB3             GPIO_PIN_DATA(1, 3 ) /*!< Specify PB.3 Pin Data Input/Output */
.\Header files\gpio.h(129): warning:  #47-D: incompatible redefinition of macro "PB4"  (declared at line 46 of "myM451Header.h")
  #define PB4             GPIO_PIN_DATA(1, 4 ) /*!< Specify PB.4 Pin Data Input/Output */
.\Header files\gpio.h(130): warning:  #47-D: incompatible redefinition of macro "PB5"  (declared at line 47 of "myM451Header.h")
  #define PB5             GPIO_PIN_DATA(1, 5 ) /*!< Specify PB.5 Pin Data Input/Output */
.\Header files\gpio.h(131): warning:  #47-D: incompatible redefinition of macro "PB6"  (declared at line 48 of "myM451Header.h")
  #define PB6             GPIO_PIN_DATA(1, 6 ) /*!< Specify PB.6 Pin Data Input/Output */
.\Header files\gpio.h(132): warning:  #47-D: incompatible redefinition of macro "PB7"  (declared at line 49 of "myM451Header.h")
  #define PB7             GPIO_PIN_DATA(1, 7 ) /*!< Specify PB.7 Pin Data Input/Output */
.\Header files\gpio.h(133): warning:  #47-D: incompatible redefinition of macro "PB8"  (declared at line 50 of "myM451Header.h")
  #define PB8             GPIO_PIN_DATA(1, 8 ) /*!< Specify PB.8 Pin Data Input/Output */
.\Header files\gpio.h(134): warning:  #47-D: incompatible redefinition of macro "PB9"  (declared at line 51 of "myM451Header.h")
  #define PB9             GPIO_PIN_DATA(1, 9 ) /*!< Specify PB.9 Pin Data Input/Output */
.\Header files\gpio.h(135): warning:  #47-D: incompatible redefinition of macro "PB10"  (declared at line 52 of "myM451Header.h")
  #define PB10            GPIO_PIN_DATA(1, 10) /*!< Specify PB.10 Pin Data Input/Output */
.\Header files\gpio.h(136): warning:  #47-D: incompatible redefinition of macro "PB11"  (declared at line 53 of "myM451Header.h")
  #define PB11            GPIO_PIN_DATA(1, 11) /*!< Specify PB.11 Pin Data Input/Output */
.\Header files\gpio.h(137): warning:  #47-D: incompatible redefinition of macro "PB12"  (declared at line 54 of "myM451Header.h")
  #define PB12            GPIO_PIN_DATA(1, 12) /*!< Specify PB.12 Pin Data Input/Output */
.\Header files\gpio.h(138): warning:  #47-D: incompatible redefinition of macro "PB13"  (declared at line 55 of "myM451Header.h")
  #define PB13            GPIO_PIN_DATA(1, 13) /*!< Specify PB.13 Pin Data Input/Output */
.\Header files\gpio.h(139): warning:  #47-D: incompatible redefinition of macro "PB14"  (declared at line 56 of "myM451Header.h")
  #define PB14            GPIO_PIN_DATA(1, 14) /*!< Specify PB.14 Pin Data Input/Output */
.\Header files\gpio.h(140): warning:  #47-D: incompatible redefinition of macro "PB15"  (declared at line 57 of "myM451Header.h")
  #define PB15            GPIO_PIN_DATA(1, 15) /*!< Specify PB.15 Pin Data Input/Output */
.\Header files\gpio.h(141): warning:  #47-D: incompatible redefinition of macro "PC0"  (declared at line 58 of "myM451Header.h")
  #define PC0             GPIO_PIN_DATA(2, 0 ) /*!< Specify PC.0 Pin Data Input/Output */
.\Header files\gpio.h(142): warning:  #47-D: incompatible redefinition of macro "PC1"  (declared at line 59 of "myM451Header.h")
  #define PC1             GPIO_PIN_DATA(2, 1 ) /*!< Specify PC.1 Pin Data Input/Output */
.\Header files\gpio.h(143): warning:  #47-D: incompatible redefinition of macro "PC2"  (declared at line 60 of "myM451Header.h")
  #define PC2             GPIO_PIN_DATA(2, 2 ) /*!< Specify PC.2 Pin Data Input/Output */
.\Header files\gpio.h(144): warning:  #47-D: incompatible redefinition of macro "PC3"  (declared at line 61 of "myM451Header.h")
  #define PC3             GPIO_PIN_DATA(2, 3 ) /*!< Specify PC.3 Pin Data Input/Output */
.\Header files\gpio.h(145): warning:  #47-D: incompatible redefinition of macro "PC4"  (declared at line 62 of "myM451Header.h")
  #define PC4             GPIO_PIN_DATA(2, 4 ) /*!< Specify PC.4 Pin Data Input/Output */
.\Header files\gpio.h(146): warning:  #47-D: incompatible redefinition of macro "PC5"  (declared at line 63 of "myM451Header.h")
  #define PC5             GPIO_PIN_DATA(2, 5 ) /*!< Specify PC.5 Pin Data Input/Output */
.\Header files\gpio.h(147): warning:  #47-D: incompatible redefinition of macro "PC6"  (declared at line 64 of "myM451Header.h")
  #define PC6             GPIO_PIN_DATA(2, 6 ) /*!< Specify PC.6 Pin Data Input/Output */
.\Header files\gpio.h(148): warning:  #47-D: incompatible redefinition of macro "PC7"  (declared at line 65 of "myM451Header.h")
  #define PC7             GPIO_PIN_DATA(2, 7 ) /*!< Specify PC.7 Pin Data Input/Output */
.\Header files\gpio.h(149): warning:  #47-D: incompatible redefinition of macro "PC8"  (declared at line 66 of "myM451Header.h")
  #define PC8             GPIO_PIN_DATA(2, 8 ) /*!< Specify PC.8 Pin Data Input/Output */
.\Header files\gpio.h(150): warning:  #47-D: incompatible redefinition of macro "PC9"  (declared at line 67 of "myM451Header.h")
  #define PC9             GPIO_PIN_DATA(2, 9 ) /*!< Specify PC.9 Pin Data Input/Output */
.\Header files\gpio.h(151): warning:  #47-D: incompatible redefinition of macro "PC10"  (declared at line 68 of "myM451Header.h")
  #define PC10            GPIO_PIN_DATA(2, 10) /*!< Specify PC.10 Pin Data Input/Output */
.\Header files\gpio.h(152): warning:  #47-D: incompatible redefinition of macro "PC11"  (declared at line 69 of "myM451Header.h")
  #define PC11            GPIO_PIN_DATA(2, 11) /*!< Specify PC.11 Pin Data Input/Output */
.\Header files\gpio.h(153): warning:  #47-D: incompatible redefinition of macro "PC12"  (declared at line 70 of "myM451Header.h")
  #define PC12            GPIO_PIN_DATA(2, 12) /*!< Specify PC.12 Pin Data Input/Output */
.\Header files\gpio.h(154): warning:  #47-D: incompatible redefinition of macro "PC13"  (declared at line 71 of "myM451Header.h")
  #define PC13            GPIO_PIN_DATA(2, 13) /*!< Specify PC.13 Pin Data Input/Output */
.\Header files\gpio.h(155): warning:  #47-D: incompatible redefinition of macro "PC14"  (declared at line 72 of "myM451Header.h")
  #define PC14            GPIO_PIN_DATA(2, 14) /*!< Specify PC.14 Pin Data Input/Output */
.\Header files\gpio.h(156): warning:  #47-D: incompatible redefinition of macro "PC15"  (declared at line 73 of "myM451Header.h")
  #define PC15            GPIO_PIN_DATA(2, 15) /*!< Specify PC.15 Pin Data Input/Output */
.\Header files\gpio.h(157): warning:  #47-D: incompatible redefinition of macro "PD0"  (declared at line 74 of "myM451Header.h")
  #define PD0             GPIO_PIN_DATA(3, 0 ) /*!< Specify PD.0 Pin Data Input/Output */
.\Header files\gpio.h(158): warning:  #47-D: incompatible redefinition of macro "PD1"  (declared at line 75 of "myM451Header.h")
  #define PD1             GPIO_PIN_DATA(3, 1 ) /*!< Specify PD.1 Pin Data Input/Output */
.\Header files\gpio.h(159): warning:  #47-D: incompatible redefinition of macro "PD2"  (declared at line 76 of "myM451Header.h")
  #define PD2             GPIO_PIN_DATA(3, 2 ) /*!< Specify PD.2 Pin Data Input/Output */
.\Header files\gpio.h(160): warning:  #47-D: incompatible redefinition of macro "PD3"  (declared at line 77 of "myM451Header.h")
  #define PD3             GPIO_PIN_DATA(3, 3 ) /*!< Specify PD.3 Pin Data Input/Output */
.\Header files\gpio.h(161): warning:  #47-D: incompatible redefinition of macro "PD4"  (declared at line 78 of "myM451Header.h")
  #define PD4             GPIO_PIN_DATA(3, 4 ) /*!< Specify PD.4 Pin Data Input/Output */
.\Header files\gpio.h(162): warning:  #47-D: incompatible redefinition of macro "PD5"  (declared at line 79 of "myM451Header.h")
  #define PD5             GPIO_PIN_DATA(3, 5 ) /*!< Specify PD.5 Pin Data Input/Output */
.\Header files\gpio.h(163): warning:  #47-D: incompatible redefinition of macro "PD6"  (declared at line 80 of "myM451Header.h")
  #define PD6             GPIO_PIN_DATA(3, 6 ) /*!< Specify PD.6 Pin Data Input/Output */
.\Header files\gpio.h(164): warning:  #47-D: incompatible redefinition of macro "PD7"  (declared at line 81 of "myM451Header.h")
  #define PD7             GPIO_PIN_DATA(3, 7 ) /*!< Specify PD.7 Pin Data Input/Output */
.\Header files\gpio.h(165): warning:  #47-D: incompatible redefinition of macro "PD8"  (declared at line 82 of "myM451Header.h")
  #define PD8             GPIO_PIN_DATA(3, 8 ) /*!< Specify PD.8 Pin Data Input/Output */
.\Header files\gpio.h(166): warning:  #47-D: incompatible redefinition of macro "PD9"  (declared at line 83 of "myM451Header.h")
  #define PD9             GPIO_PIN_DATA(3, 9 ) /*!< Specify PD.9 Pin Data Input/Output */
.\Header files\gpio.h(167): warning:  #47-D: incompatible redefinition of macro "PD10"  (declared at line 84 of "myM451Header.h")
  #define PD10            GPIO_PIN_DATA(3, 10) /*!< Specify PD.10 Pin Data Input/Output */
.\Header files\gpio.h(168): warning:  #47-D: incompatible redefinition of macro "PD11"  (declared at line 85 of "myM451Header.h")
  #define PD11            GPIO_PIN_DATA(3, 11) /*!< Specify PD.11 Pin Data Input/Output */
.\Header files\gpio.h(169): warning:  #47-D: incompatible redefinition of macro "PD12"  (declared at line 86 of "myM451Header.h")
  #define PD12            GPIO_PIN_DATA(3, 12) /*!< Specify PD.12 Pin Data Input/Output */
.\Header files\gpio.h(170): warning:  #47-D: incompatible redefinition of macro "PD13"  (declared at line 87 of "myM451Header.h")
  #define PD13            GPIO_PIN_DATA(3, 13) /*!< Specify PD.13 Pin Data Input/Output */
.\Header files\gpio.h(171): warning:  #47-D: incompatible redefinition of macro "PD14"  (declared at line 88 of "myM451Header.h")
  #define PD14            GPIO_PIN_DATA(3, 14) /*!< Specify PD.14 Pin Data Input/Output */
.\Header files\gpio.h(172): warning:  #47-D: incompatible redefinition of macro "PD15"  (declared at line 89 of "myM451Header.h")
  #define PD15            GPIO_PIN_DATA(3, 15) /*!< Specify PD.15 Pin Data Input/Output */
.\Header files\gpio.h(173): warning:  #47-D: incompatible redefinition of macro "PE0"  (declared at line 90 of "myM451Header.h")
  #define PE0             GPIO_PIN_DATA(4, 0 ) /*!< Specify PE.0 Pin Data Input/Output */
.\Header files\gpio.h(174): warning:  #47-D: incompatible redefinition of macro "PE1"  (declared at line 91 of "myM451Header.h")
  #define PE1             GPIO_PIN_DATA(4, 1 ) /*!< Specify PE.1 Pin Data Input/Output */
.\Header files\gpio.h(175): warning:  #47-D: incompatible redefinition of macro "PE2"  (declared at line 92 of "myM451Header.h")
  #define PE2             GPIO_PIN_DATA(4, 2 ) /*!< Specify PE.2 Pin Data Input/Output */
.\Header files\gpio.h(176): warning:  #47-D: incompatible redefinition of macro "PE3"  (declared at line 93 of "myM451Header.h")
  #define PE3             GPIO_PIN_DATA(4, 3 ) /*!< Specify PE.3 Pin Data Input/Output */
.\Header files\gpio.h(177): warning:  #47-D: incompatible redefinition of macro "PE4"  (declared at line 94 of "myM451Header.h")
  #define PE4             GPIO_PIN_DATA(4, 4 ) /*!< Specify PE.4 Pin Data Input/Output */
.\Header files\gpio.h(178): warning:  #47-D: incompatible redefinition of macro "PE5"  (declared at line 95 of "myM451Header.h")
  #define PE5             GPIO_PIN_DATA(4, 5 ) /*!< Specify PE.5 Pin Data Input/Output */
.\Header files\gpio.h(179): warning:  #47-D: incompatible redefinition of macro "PE6"  (declared at line 96 of "myM451Header.h")
  #define PE6             GPIO_PIN_DATA(4, 6 ) /*!< Specify PE.6 Pin Data Input/Output */
.\Header files\gpio.h(180): warning:  #47-D: incompatible redefinition of macro "PE7"  (declared at line 97 of "myM451Header.h")
  #define PE7             GPIO_PIN_DATA(4, 7 ) /*!< Specify PE.7 Pin Data Input/Output */
.\Header files\gpio.h(181): warning:  #47-D: incompatible redefinition of macro "PE8"  (declared at line 98 of "myM451Header.h")
  #define PE8             GPIO_PIN_DATA(4, 8 ) /*!< Specify PE.8 Pin Data Input/Output */
.\Header files\gpio.h(182): warning:  #47-D: incompatible redefinition of macro "PE9"  (declared at line 99 of "myM451Header.h")
  #define PE9             GPIO_PIN_DATA(4, 9 ) /*!< Specify PE.9 Pin Data Input/Output */
.\Header files\gpio.h(183): warning:  #47-D: incompatible redefinition of macro "PE10"  (declared at line 100 of "myM451Header.h")
  #define PE10            GPIO_PIN_DATA(4, 10) /*!< Specify PE.10 Pin Data Input/Output */
.\Header files\gpio.h(184): warning:  #47-D: incompatible redefinition of macro "PE11"  (declared at line 101 of "myM451Header.h")
  #define PE11            GPIO_PIN_DATA(4, 11) /*!< Specify PE.11 Pin Data Input/Output */
.\Header files\gpio.h(185): warning:  #47-D: incompatible redefinition of macro "PE12"  (declared at line 102 of "myM451Header.h")
  #define PE12            GPIO_PIN_DATA(4, 12) /*!< Specify PE.12 Pin Data Input/Output */
.\Header files\gpio.h(186): warning:  #47-D: incompatible redefinition of macro "PE13"  (declared at line 103 of "myM451Header.h")
  #define PE13            GPIO_PIN_DATA(4, 13) /*!< Specify PE.13 Pin Data Input/Output */
.\Header files\gpio.h(187): warning:  #47-D: incompatible redefinition of macro "PE14"  (declared at line 104 of "myM451Header.h")
  #define PE14            GPIO_PIN_DATA(4, 14) /*!< Specify PE.14 Pin Data Input/Output */
.\Header files\gpio.h(188): warning:  #47-D: incompatible redefinition of macro "PF0"  (declared at line 105 of "myM451Header.h")
  #define PF0             GPIO_PIN_DATA(5, 0 ) /*!< Specify PF.0 Pin Data Input/Output */
.\Header files\gpio.h(189): warning:  #47-D: incompatible redefinition of macro "PF1"  (declared at line 106 of "myM451Header.h")
  #define PF1             GPIO_PIN_DATA(5, 1 ) /*!< Specify PF.1 Pin Data Input/Output */
.\Header files\gpio.h(190): warning:  #47-D: incompatible redefinition of macro "PF2"  (declared at line 107 of "myM451Header.h")
  #define PF2             GPIO_PIN_DATA(5, 2 ) /*!< Specify PF.2 Pin Data Input/Output */
.\Header files\gpio.h(191): warning:  #47-D: incompatible redefinition of macro "PF3"  (declared at line 108 of "myM451Header.h")
  #define PF3             GPIO_PIN_DATA(5, 3 ) /*!< Specify PF.3 Pin Data Input/Output */
.\Header files\gpio.h(192): warning:  #47-D: incompatible redefinition of macro "PF4"  (declared at line 109 of "myM451Header.h")
  #define PF4             GPIO_PIN_DATA(5, 4 ) /*!< Specify PF.4 Pin Data Input/Output */
.\Header files\gpio.h(193): warning:  #47-D: incompatible redefinition of macro "PF5"  (declared at line 110 of "myM451Header.h")
  #define PF5             GPIO_PIN_DATA(5, 5 ) /*!< Specify PF.5 Pin Data Input/Output */
.\Header files\gpio.h(194): warning:  #47-D: incompatible redefinition of macro "PF6"  (declared at line 111 of "myM451Header.h")
  #define PF6             GPIO_PIN_DATA(5, 6 ) /*!< Specify PF.6 Pin Data Input/Output */
.\Header files\gpio.h(195): warning:  #47-D: incompatible redefinition of macro "PF7"  (declared at line 112 of "myM451Header.h")
  #define PF7             GPIO_PIN_DATA(5, 7 ) /*!< Specify PF.7 Pin Data Input/Output */
main.c: 87 warnings, 0 errors
compiling system_M451Series.c...
linking...
Program Size: Code=1100 RO-data=332 RW-data=24 ZI-data=1024  
".\Objects\lab2.axf" - 0 Error(s), 87 Warning(s).

<h2>Software Packages used:</h2>

Package Vendor: Nuvoton
                http://www.nuvoton.com/enu/Documents/KEILSoftwarePack/Nuvoton.NuMicro_DFP.1.3.7.pack
                Nuvoton.NuMicro_DFP.1.3.7
                Nuvoton ARM Cortex-M NuMicro Family Device Support

<h2>Collection of Component include folders:</h2>
  .\RTE\_Target_1
  C:\Users\mings\AppData\Local\Arm\Packs\Nuvoton\NuMicro_DFP\1.3.7\Device\M451\Include

<h2>Collection of Component Files used:</h2>
Build Time Elapsed:  00:00:03
</pre>
</body>
</html>
