Component: ARM Compiler 5.06 update 6 (build 750) Tool: armlink [4d35ed]

==============================================================================

Section Cross References

    buttonagent.o(i.Btn_Initial) refers to gpio.o(i.GPIO_SetMode) for GPIO_SetMode
    buttonagent.o(i.Btn_Initial) refers to buttonagent.o(.data) for BtnDownFlag
    buttonagent.o(i.Btn_Initial) refers to buttonagent.o(.bss) for pSW
    buttonagent.o(i.Btn_IsDown) refers to buttonagent.o(.data) for BtnDownFlag
    buttonagent.o(i.Btn_IsOneShot) refers to buttonagent.o(.data) for BtnOneShot
    buttonagent.o(i.Btn_OneShotClear) refers to buttonagent.o(.data) for BtnOneShot
    buttonagent.o(i.Btn_Task) refers to buttonagent.o(.data) for BtnState
    buttonagent.o(i.Btn_Task) refers to buttonagent.o(.bss) for pSW
    buttonagent.o(i.Btn_Task) refers to main.o(.data) for timecount
    main.o(i.__main) refers to timebaseagent.o(i.Timebase_Initial) for Timebase_Initial
    main.o(i.__main) refers to sevensegmentagent.o(i._7Seg_Initial) for _7Seg_Initial
    main.o(i.__main) refers to buttonagent.o(i.Btn_Initial) for Btn_Initial
    main.o(i.__main) refers to stepmotoragent.o(i.StepMtr_Initial) for StepMtr_Initial
    main.o(i.__main) refers to gpio.o(i.GPIO_SetMode) for GPIO_SetMode
    main.o(i.__main) refers to sevensegmentagent.o(i._7Seg_WriteBuf) for _7Seg_WriteBuf
    main.o(i.__main) refers to buttonagent.o(i.Btn_IsDown) for Btn_IsDown
    main.o(i.__main) refers to buttonagent.o(i.Btn_IsOneShot) for Btn_IsOneShot
    main.o(i.__main) refers to buttonagent.o(i.Btn_OneShotClear) for Btn_OneShotClear
    main.o(i.__main) refers to stepmotoragent.o(i.StepMtr_Task) for StepMtr_Task
    main.o(i.__main) refers to buttonagent.o(i.Btn_Task) for Btn_Task
    main.o(i.__main) refers to sevensegmentagent.o(i._7Seg_Task) for _7Seg_Task
    main.o(i.__main) refers to main.o(.data) for dir
    sevensegmentagent.o(i._7Seg_Initial) refers to gpio.o(i.GPIO_SetMode) for GPIO_SetMode
    sevensegmentagent.o(i._7Seg_Initial) refers to sevensegmentagent.o(.data) for BufSel
    sevensegmentagent.o(i._7Seg_Output) refers to sevensegmentagent.o(.data) for BufSel
    sevensegmentagent.o(i._7Seg_Output) refers to sevensegmentagent.o(.constdata) for _7SegPatTable
    sevensegmentagent.o(i._7Seg_Switch) refers to sevensegmentagent.o(.data) for BufSel
    sevensegmentagent.o(i._7Seg_Task) refers to sevensegmentagent.o(i._7Seg_Output) for _7Seg_Output
    sevensegmentagent.o(i._7Seg_Task) refers to sevensegmentagent.o(i._7Seg_Switch) for _7Seg_Switch
    sevensegmentagent.o(i._7Seg_Task) refers to main.o(.data) for timecount
    sevensegmentagent.o(i._7Seg_Task) refers to sevensegmentagent.o(.data) for _7SegOldCount
    sevensegmentagent.o(i._7Seg_WriteBuf) refers to sevensegmentagent.o(.data) for _7Seg_OutputBuf
    stepmotoragent.o(i.StepMtr_Initial) refers to gpio.o(i.GPIO_SetMode) for GPIO_SetMode
    stepmotoragent.o(i.StepMtr_Initial) refers to stepmotoragent.o(.data) for StepMtrState
    stepmotoragent.o(i.StepMtr_Task) refers to main.o(.data) for timecount
    stepmotoragent.o(i.StepMtr_Task) refers to stepmotoragent.o(.data) for StepMtrOldCount
    system_m451series.o(i.SystemCoreClockUpdate) refers to system_m451series.o(i.CLK_GetPLLClockFreq) for CLK_GetPLLClockFreq
    system_m451series.o(i.SystemCoreClockUpdate) refers to system_m451series.o(.data) for PllClock
    timebaseagent.o(i.TMR0_IRQHandler) refers to main.o(.data) for timecount
    timebaseagent.o(i.Timebase_Initial) refers to main.o(.data) for timecount
    startup_m451series.o(STACK) refers (Special) to heapauxi.o(.text) for __use_two_region_memory
    startup_m451series.o(HEAP) refers (Special) to heapauxi.o(.text) for __use_two_region_memory
    startup_m451series.o(RESET) refers (Special) to heapauxi.o(.text) for __use_two_region_memory
    startup_m451series.o(RESET) refers to startup_m451series.o(STACK) for __initial_sp
    startup_m451series.o(RESET) refers to startup_m451series.o(.text) for Reset_Handler
    startup_m451series.o(RESET) refers to timebaseagent.o(i.TMR0_IRQHandler) for TMR0_IRQHandler
    startup_m451series.o(.text) refers (Special) to heapauxi.o(.text) for __use_two_region_memory
    startup_m451series.o(.text) refers to system_m451series.o(i.SystemInit) for SystemInit
    startup_m451series.o(.text) refers to main.o(i.__main) for __main
    startup_m451series.o(.text) refers to startup_m451series.o(HEAP) for Heap_Mem
    startup_m451series.o(.text) refers to startup_m451series.o(STACK) for Stack_Mem


==============================================================================

Removing Unused input sections from the image.

    Removing buttonagent.o(.rev16_text), (4 bytes).
    Removing buttonagent.o(.revsh_text), (4 bytes).
    Removing gpio.o(.rev16_text), (4 bytes).
    Removing gpio.o(.revsh_text), (4 bytes).
    Removing main.o(.rev16_text), (4 bytes).
    Removing main.o(.revsh_text), (4 bytes).
    Removing sevensegmentagent.o(.rev16_text), (4 bytes).
    Removing sevensegmentagent.o(.revsh_text), (4 bytes).
    Removing stepmotoragent.o(.rev16_text), (4 bytes).
    Removing stepmotoragent.o(.revsh_text), (4 bytes).
    Removing system_m451series.o(.rev16_text), (4 bytes).
    Removing system_m451series.o(.revsh_text), (4 bytes).
    Removing system_m451series.o(i.CLK_GetPLLClockFreq), (100 bytes).
    Removing system_m451series.o(i.SystemCoreClockUpdate), (100 bytes).
    Removing system_m451series.o(.data), (44 bytes).
    Removing timebaseagent.o(.rev16_text), (4 bytes).
    Removing timebaseagent.o(.revsh_text), (4 bytes).

17 unused section(s) (total 300 bytes) removed from the image.

==============================================================================

Image Symbol Table

    Local Symbols

    Symbol Name                              Value     Ov Type        Size  Object(Section)

    RESET                                    0x00000000   Section      320  startup_m451series.o(RESET)
    ../clib/heapaux.c                        0x00000000   Number         0  heapauxi.o ABSOLUTE
    ButtonAgent.c                            0x00000000   Number         0  buttonagent.o ABSOLUTE
    ButtonAgent.c                            0x00000000   Number         0  buttonagent.o ABSOLUTE
    SevenSegmentAgent.c                      0x00000000   Number         0  sevensegmentagent.o ABSOLUTE
    SevenSegmentAgent.c                      0x00000000   Number         0  sevensegmentagent.o ABSOLUTE
    StepMotorAgent.c                         0x00000000   Number         0  stepmotoragent.o ABSOLUTE
    StepMotorAgent.c                         0x00000000   Number         0  stepmotoragent.o ABSOLUTE
    TimebaseAgent.c                          0x00000000   Number         0  timebaseagent.o ABSOLUTE
    TimebaseAgent.c                          0x00000000   Number         0  timebaseagent.o ABSOLUTE
    dc.s                                     0x00000000   Number         0  dc.o ABSOLUTE
    gpio.c                                   0x00000000   Number         0  gpio.o ABSOLUTE
    gpio.c                                   0x00000000   Number         0  gpio.o ABSOLUTE
    main.c                                   0x00000000   Number         0  main.o ABSOLUTE
    main.c                                   0x00000000   Number         0  main.o ABSOLUTE
    startup_M451Series.s                     0x00000000   Number         0  startup_m451series.o ABSOLUTE
    system_M451Series.c                      0x00000000   Number         0  system_m451series.o ABSOLUTE
    system_M451Series.c                      0x00000000   Number         0  system_m451series.o ABSOLUTE
    .text                                    0x00000140   Section      116  startup_m451series.o(.text)
    $v0                                      0x00000140   Number         0  startup_m451series.o(.text)
    Default_Handler                          0x00000185   Thumb Code     2  startup_m451series.o(.text)
    .text                                    0x000001b4   Section        0  heapauxi.o(.text)
    i.Btn_Initial                            0x000001bc   Section        0  buttonagent.o(i.Btn_Initial)
    i.Btn_IsDown                             0x00000244   Section        0  buttonagent.o(i.Btn_IsDown)
    i.Btn_IsOneShot                          0x00000254   Section        0  buttonagent.o(i.Btn_IsOneShot)
    i.Btn_OneShotClear                       0x00000264   Section        0  buttonagent.o(i.Btn_OneShotClear)
    i.Btn_Task                               0x00000274   Section        0  buttonagent.o(i.Btn_Task)
    i.GPIO_SetMode                           0x00000358   Section        0  gpio.o(i.GPIO_SetMode)
    i.StepMtr_Initial                        0x00000384   Section        0  stepmotoragent.o(i.StepMtr_Initial)
    i.StepMtr_Task                           0x000003bc   Section        0  stepmotoragent.o(i.StepMtr_Task)
    i.SystemInit                             0x000004c0   Section        0  system_m451series.o(i.SystemInit)
    i.TMR0_IRQHandler                        0x000004d4   Section        0  timebaseagent.o(i.TMR0_IRQHandler)
    i.Timebase_Initial                       0x000004f4   Section        0  timebaseagent.o(i.Timebase_Initial)
    i._7Seg_Initial                          0x00000588   Section        0  sevensegmentagent.o(i._7Seg_Initial)
    i._7Seg_Output                           0x000005e4   Section        0  sevensegmentagent.o(i._7Seg_Output)
    i._7Seg_Switch                           0x00000688   Section        0  sevensegmentagent.o(i._7Seg_Switch)
    i._7Seg_Task                             0x0000069c   Section        0  sevensegmentagent.o(i._7Seg_Task)
    i._7Seg_WriteBuf                         0x000006c8   Section        0  sevensegmentagent.o(i._7Seg_WriteBuf)
    i.__main                                 0x000006d4   Section        0  main.o(i.__main)
    .constdata                               0x00000884   Section       11  sevensegmentagent.o(.constdata)
    .data                                    0x20000000   Section        6  buttonagent.o(.data)
    .data                                    0x20000008   Section        6  main.o(.data)
    .data                                    0x20000010   Section        8  sevensegmentagent.o(.data)
    _7SegOldCount                            0x20000014   Data           4  sevensegmentagent.o(.data)
    .data                                    0x20000018   Section        8  stepmotoragent.o(.data)
    StepMtrOldCount                          0x2000001c   Data           4  stepmotoragent.o(.data)
    .bss                                     0x20000020   Section       32  buttonagent.o(.bss)
    HEAP                                     0x20000040   Section        0  startup_m451series.o(HEAP)
    STACK                                    0x20000040   Section     1024  startup_m451series.o(STACK)
    Heap_Mem                                 0x20000040   Data           0  startup_m451series.o(HEAP)
    Stack_Mem                                0x20000040   Data        1024  startup_m451series.o(STACK)
    __initial_sp                             0x20000440   Data           0  startup_m451series.o(STACK)

    Global Symbols

    Symbol Name                              Value     Ov Type        Size  Object(Section)

    BuildAttributes$$THM_ISAv4$E$P$D$K$B$S$7EM$VFPi3$EXTD16$VFPS$VFMA$PE$A:L22UL41UL21$X:L11$S22US41US21$IEEE1$IW$USESV6$~STKCKD$USESV7$~SHL$OSPACE$ROPI$EBA8$STANDARDLIB$REQ8$PRES8$EABIv2 0x00000000   Number         0  anon$$obj.o ABSOLUTE
    __Vectors                                0x00000000   Data           4  startup_m451series.o(RESET)
    Reset_Handler                            0x00000141   Thumb Code    50  startup_m451series.o(.text)
    __Vectors_End                            0x00000140   Data           0  startup_m451series.o(RESET)
    __Vectors_Size                           0x00000140   Number         0  startup_m451series.o ABSOLUTE
    NMI_Handler                              0x00000173   Thumb Code     2  startup_m451series.o(.text)
    HardFault_Handler                        0x00000175   Thumb Code     2  startup_m451series.o(.text)
    MemManage_Handler                        0x00000177   Thumb Code     2  startup_m451series.o(.text)
    BusFault_Handler                         0x00000179   Thumb Code     2  startup_m451series.o(.text)
    UsageFault_Handler                       0x0000017b   Thumb Code     2  startup_m451series.o(.text)
    SVC_Handler                              0x0000017d   Thumb Code     2  startup_m451series.o(.text)
    DebugMon_Handler                         0x0000017f   Thumb Code     2  startup_m451series.o(.text)
    PendSV_Handler                           0x00000181   Thumb Code     2  startup_m451series.o(.text)
    SysTick_Handler                          0x00000183   Thumb Code     2  startup_m451series.o(.text)
    ACMP01_IRQHandler                        0x00000185   Thumb Code     0  startup_m451series.o(.text)
    ADC00_IRQHandler                         0x00000185   Thumb Code     0  startup_m451series.o(.text)
    ADC01_IRQHandler                         0x00000185   Thumb Code     0  startup_m451series.o(.text)
    ADC02_IRQHandler                         0x00000185   Thumb Code     0  startup_m451series.o(.text)
    ADC03_IRQHandler                         0x00000185   Thumb Code     0  startup_m451series.o(.text)
    BOD_IRQHandler                           0x00000185   Thumb Code     0  startup_m451series.o(.text)
    BRAKE0_IRQHandler                        0x00000185   Thumb Code     0  startup_m451series.o(.text)
    BRAKE1_IRQHandler                        0x00000185   Thumb Code     0  startup_m451series.o(.text)
    CAN0_IRQHandler                          0x00000185   Thumb Code     0  startup_m451series.o(.text)
    CLKFAIL_IRQHandler                       0x00000185   Thumb Code     0  startup_m451series.o(.text)
    DAC_IRQHandler                           0x00000185   Thumb Code     0  startup_m451series.o(.text)
    EINT0_IRQHandler                         0x00000185   Thumb Code     0  startup_m451series.o(.text)
    EINT1_IRQHandler                         0x00000185   Thumb Code     0  startup_m451series.o(.text)
    EINT2_IRQHandler                         0x00000185   Thumb Code     0  startup_m451series.o(.text)
    EINT3_IRQHandler                         0x00000185   Thumb Code     0  startup_m451series.o(.text)
    EINT4_IRQHandler                         0x00000185   Thumb Code     0  startup_m451series.o(.text)
    EINT5_IRQHandler                         0x00000185   Thumb Code     0  startup_m451series.o(.text)
    GPA_IRQHandler                           0x00000185   Thumb Code     0  startup_m451series.o(.text)
    GPB_IRQHandler                           0x00000185   Thumb Code     0  startup_m451series.o(.text)
    GPC_IRQHandler                           0x00000185   Thumb Code     0  startup_m451series.o(.text)
    GPD_IRQHandler                           0x00000185   Thumb Code     0  startup_m451series.o(.text)
    GPE_IRQHandler                           0x00000185   Thumb Code     0  startup_m451series.o(.text)
    GPF_IRQHandler                           0x00000185   Thumb Code     0  startup_m451series.o(.text)
    I2C0_IRQHandler                          0x00000185   Thumb Code     0  startup_m451series.o(.text)
    I2C1_IRQHandler                          0x00000185   Thumb Code     0  startup_m451series.o(.text)
    IRC_IRQHandler                           0x00000185   Thumb Code     0  startup_m451series.o(.text)
    PDMA_IRQHandler                          0x00000185   Thumb Code     0  startup_m451series.o(.text)
    PWM0P0_IRQHandler                        0x00000185   Thumb Code     0  startup_m451series.o(.text)
    PWM0P1_IRQHandler                        0x00000185   Thumb Code     0  startup_m451series.o(.text)
    PWM0P2_IRQHandler                        0x00000185   Thumb Code     0  startup_m451series.o(.text)
    PWM1P0_IRQHandler                        0x00000185   Thumb Code     0  startup_m451series.o(.text)
    PWM1P1_IRQHandler                        0x00000185   Thumb Code     0  startup_m451series.o(.text)
    PWM1P2_IRQHandler                        0x00000185   Thumb Code     0  startup_m451series.o(.text)
    PWRWU_IRQHandler                         0x00000185   Thumb Code     0  startup_m451series.o(.text)
    RAMPE_IRQHandler                         0x00000185   Thumb Code     0  startup_m451series.o(.text)
    RTC_IRQHandler                           0x00000185   Thumb Code     0  startup_m451series.o(.text)
    SC0_IRQHandler                           0x00000185   Thumb Code     0  startup_m451series.o(.text)
    SPI0_IRQHandler                          0x00000185   Thumb Code     0  startup_m451series.o(.text)
    SPI1_IRQHandler                          0x00000185   Thumb Code     0  startup_m451series.o(.text)
    SPI2_IRQHandler                          0x00000185   Thumb Code     0  startup_m451series.o(.text)
    TAMPER_IRQHandler                        0x00000185   Thumb Code     0  startup_m451series.o(.text)
    TK_IRQHandler                            0x00000185   Thumb Code     0  startup_m451series.o(.text)
    TMR1_IRQHandler                          0x00000185   Thumb Code     0  startup_m451series.o(.text)
    TMR2_IRQHandler                          0x00000185   Thumb Code     0  startup_m451series.o(.text)
    TMR3_IRQHandler                          0x00000185   Thumb Code     0  startup_m451series.o(.text)
    UART0_IRQHandler                         0x00000185   Thumb Code     0  startup_m451series.o(.text)
    UART1_IRQHandler                         0x00000185   Thumb Code     0  startup_m451series.o(.text)
    UART2_IRQHandler                         0x00000185   Thumb Code     0  startup_m451series.o(.text)
    UART3_IRQHandler                         0x00000185   Thumb Code     0  startup_m451series.o(.text)
    USBD_IRQHandler                          0x00000185   Thumb Code     0  startup_m451series.o(.text)
    USBH_IRQHandler                          0x00000185   Thumb Code     0  startup_m451series.o(.text)
    USBOTG_IRQHandler                        0x00000185   Thumb Code     0  startup_m451series.o(.text)
    WDT_IRQHandler                           0x00000185   Thumb Code     0  startup_m451series.o(.text)
    WWDT_IRQHandler                          0x00000185   Thumb Code     0  startup_m451series.o(.text)
    __user_initial_stackheap                 0x00000189   Thumb Code    10  startup_m451series.o(.text)
    __use_two_region_memory                  0x000001b5   Thumb Code     2  heapauxi.o(.text)
    __rt_heap_escrow$2region                 0x000001b7   Thumb Code     2  heapauxi.o(.text)
    __rt_heap_expand$2region                 0x000001b9   Thumb Code     2  heapauxi.o(.text)
    Btn_Initial                              0x000001bd   Thumb Code   108  buttonagent.o(i.Btn_Initial)
    Btn_IsDown                               0x00000245   Thumb Code    10  buttonagent.o(i.Btn_IsDown)
    Btn_IsOneShot                            0x00000255   Thumb Code    10  buttonagent.o(i.Btn_IsOneShot)
    Btn_OneShotClear                         0x00000265   Thumb Code    12  buttonagent.o(i.Btn_OneShotClear)
    Btn_Task                                 0x00000275   Thumb Code   202  buttonagent.o(i.Btn_Task)
    GPIO_SetMode                             0x00000359   Thumb Code    44  gpio.o(i.GPIO_SetMode)
    StepMtr_Initial                          0x00000385   Thumb Code    42  stepmotoragent.o(i.StepMtr_Initial)
    StepMtr_Task                             0x000003bd   Thumb Code   242  stepmotoragent.o(i.StepMtr_Task)
    SystemInit                               0x000004c1   Thumb Code    14  system_m451series.o(i.SystemInit)
    TMR0_IRQHandler                          0x000004d5   Thumb Code    24  timebaseagent.o(i.TMR0_IRQHandler)
    Timebase_Initial                         0x000004f5   Thumb Code   132  timebaseagent.o(i.Timebase_Initial)
    _7Seg_Initial                            0x00000589   Thumb Code    76  sevensegmentagent.o(i._7Seg_Initial)
    _7Seg_Output                             0x000005e5   Thumb Code   146  sevensegmentagent.o(i._7Seg_Output)
    _7Seg_Switch                             0x00000689   Thumb Code    14  sevensegmentagent.o(i._7Seg_Switch)
    _7Seg_Task                               0x0000069d   Thumb Code    34  sevensegmentagent.o(i._7Seg_Task)
    _7Seg_WriteBuf                           0x000006c9   Thumb Code     8  sevensegmentagent.o(i._7Seg_WriteBuf)
    __main                                   0x000006d5   Thumb Code   414  main.o(i.__main)
    _7SegPatTable                            0x00000884   Data          11  sevensegmentagent.o(.constdata)
    BtnDownFlag                              0x20000000   Data           1  buttonagent.o(.data)
    BtnOneShot                               0x20000001   Data           1  buttonagent.o(.data)
    BtnState                                 0x20000002   Data           4  buttonagent.o(.data)
    timecount                                0x20000008   Data           4  main.o(.data)
    dir                                      0x2000000c   Data           1  main.o(.data)
    speed                                    0x2000000d   Data           1  main.o(.data)
    _7Seg_OutputBuf                          0x20000010   Data           2  sevensegmentagent.o(.data)
    BufSel                                   0x20000012   Data           1  sevensegmentagent.o(.data)
    StepMtrState                             0x20000018   Data           1  stepmotoragent.o(.data)
    BtnOldCount                              0x20000020   Data          16  buttonagent.o(.bss)
    pSW                                      0x20000030   Data          16  buttonagent.o(.bss)



==============================================================================

Memory Map of the image

  Image Entry point : 0x00000141

  Load Region LR_1 (Base: 0x00000000, Size: 0x000008b0, Max: 0xffffffff, ABSOLUTE)

    Execution Region ER_RO (Exec base: 0x00000000, Load base: 0x00000000, Size: 0x00000890, Max: 0xffffffff, ABSOLUTE)

    Exec Addr    Load Addr    Size         Type   Attr      Idx    E Section Name        Object

    0x00000000   0x00000000   0x00000140   Data   RO          364    RESET               startup_m451series.o
    0x00000140   0x00000140   0x00000074   Code   RO          365  * .text               startup_m451series.o
    0x000001b4   0x000001b4   0x00000006   Code   RO          371    .text               c_w.l(heapauxi.o)
    0x000001ba   0x000001ba   0x00000002   PAD
    0x000001bc   0x000001bc   0x00000088   Code   RO            3    i.Btn_Initial       buttonagent.o
    0x00000244   0x00000244   0x00000010   Code   RO            4    i.Btn_IsDown        buttonagent.o
    0x00000254   0x00000254   0x00000010   Code   RO            5    i.Btn_IsOneShot     buttonagent.o
    0x00000264   0x00000264   0x00000010   Code   RO            6    i.Btn_OneShotClear  buttonagent.o
    0x00000274   0x00000274   0x000000e4   Code   RO            7    i.Btn_Task          buttonagent.o
    0x00000358   0x00000358   0x0000002c   Code   RO          154    i.GPIO_SetMode      gpio.o
    0x00000384   0x00000384   0x00000038   Code   RO          261    i.StepMtr_Initial   stepmotoragent.o
    0x000003bc   0x000003bc   0x00000104   Code   RO          262    i.StepMtr_Task      stepmotoragent.o
    0x000004c0   0x000004c0   0x00000014   Code   RO          296    i.SystemInit        system_m451series.o
    0x000004d4   0x000004d4   0x00000020   Code   RO          334    i.TMR0_IRQHandler   timebaseagent.o
    0x000004f4   0x000004f4   0x00000094   Code   RO          335    i.Timebase_Initial  timebaseagent.o
    0x00000588   0x00000588   0x0000005c   Code   RO          209    i._7Seg_Initial     sevensegmentagent.o
    0x000005e4   0x000005e4   0x000000a4   Code   RO          210    i._7Seg_Output      sevensegmentagent.o
    0x00000688   0x00000688   0x00000014   Code   RO          211    i._7Seg_Switch      sevensegmentagent.o
    0x0000069c   0x0000069c   0x0000002c   Code   RO          212    i._7Seg_Task        sevensegmentagent.o
    0x000006c8   0x000006c8   0x0000000c   Code   RO          213    i._7Seg_WriteBuf    sevensegmentagent.o
    0x000006d4   0x000006d4   0x000001b0   Code   RO          174    i.__main            main.o
    0x00000884   0x00000884   0x0000000b   Data   RO          214    .constdata          sevensegmentagent.o


    Execution Region ER_RW (Exec base: 0x20000000, Load base: 0x00000890, Size: 0x00000020, Max: 0xffffffff, ABSOLUTE)

    Exec Addr    Load Addr    Size         Type   Attr      Idx    E Section Name        Object

    0x20000000   0x00000890   0x00000006   Data   RW            9    .data               buttonagent.o
    0x20000006   0x00000896   0x00000002   PAD
    0x20000008   0x00000898   0x00000006   Data   RW          175    .data               main.o
    0x2000000e   0x0000089e   0x00000002   PAD
    0x20000010   0x000008a0   0x00000008   Data   RW          215    .data               sevensegmentagent.o
    0x20000018   0x000008a8   0x00000008   Data   RW          263    .data               stepmotoragent.o


    Execution Region ER_ZI (Exec base: 0x20000020, Load base: 0x000008b0, Size: 0x00000420, Max: 0xffffffff, ABSOLUTE)

    Exec Addr    Load Addr    Size         Type   Attr      Idx    E Section Name        Object

    0x20000020        -       0x00000020   Zero   RW            8    .bss                buttonagent.o
    0x20000040        -       0x00000000   Zero   RW          363    HEAP                startup_m451series.o
    0x20000040        -       0x00000400   Zero   RW          362    STACK               startup_m451series.o


==============================================================================

Image component sizes


      Code (inc. data)   RO Data    RW Data    ZI Data      Debug   Object Name

       412         70          0          6         32     207783   buttonagent.o
        44          0          0          0          0        971   gpio.o
       432         18          0          6          0        839   main.o
       332         54         11          8          0       3251   sevensegmentagent.o
       116         36        320          0       1024        888   startup_m451series.o
       316         38          0          8          0       1456   stepmotoragent.o
        20          6          0          0          0        445   system_m451series.o
       180         24          0          0          0        933   timebaseagent.o

    ----------------------------------------------------------------------
      1852        246        332         32       1056     216566   Object Totals
         0          0          0          0          0          0   (incl. Generated)
         0          0          1          4          0          0   (incl. Padding)

    ----------------------------------------------------------------------

      Code (inc. data)   RO Data    RW Data    ZI Data      Debug   Library Member Name

         6          0          0          0          0        152   heapauxi.o

    ----------------------------------------------------------------------
         8          0          0          0          0        152   Library Totals
         2          0          0          0          0          0   (incl. Padding)

    ----------------------------------------------------------------------

      Code (inc. data)   RO Data    RW Data    ZI Data      Debug   Library Name

         6          0          0          0          0        152   c_w.l

    ----------------------------------------------------------------------
         8          0          0          0          0        152   Library Totals

    ----------------------------------------------------------------------

==============================================================================


      Code (inc. data)   RO Data    RW Data    ZI Data      Debug   

      1860        246        332         32       1056     215418   Grand Totals
      1860        246        332         32       1056     215418   ELF Image Totals
      1860        246        332         32          0          0   ROM Totals

==============================================================================

    Total RO  Size (Code + RO Data)                 2192 (   2.14kB)
    Total RW  Size (RW Data + ZI Data)              1088 (   1.06kB)
    Total ROM Size (Code + RO Data + RW Data)       2224 (   2.17kB)

==============================================================================

