Component: ARM Compiler 5.06 update 6 (build 750) Tool: armlink [4d35ed]

==============================================================================

Section Cross References

    main.o(i.Clock_Initial) refers to main.o(.data) for second
    main.o(i.Clock_TimeTick) refers to main.o(.data) for timecount
    main.o(i.Clock_TimeWrite) refers to main.o(.data) for display
    main.o(i.Clock_TimeWrite) refers to sevensegmentagent.o(.data) for _7Seg_OutputBuf
    main.o(i.TMR0_IRQHandler) refers to main.o(.data) for timecount
    main.o(i.TMR0_Initial) refers to main.o(.data) for timecount
    main.o(i._7Seg_Task) refers to sevensegmentagent.o(i._7Seg_Switch) for _7Seg_Switch
    main.o(i._7Seg_Task) refers to sevensegmentagent.o(i._7Seg_Output) for _7Seg_Output
    main.o(i._7Seg_Task) refers to main.o(.data) for timecount
    main.o(i.__main) refers to main.o(i.TMR0_Initial) for TMR0_Initial
    main.o(i.__main) refers to sevensegmentagent.o(i._7Seg_Initial) for _7Seg_Initial
    main.o(i.__main) refers to main.o(i.Clock_Initial) for Clock_Initial
    main.o(i.__main) refers to main.o(i.Clock_TimeTick) for Clock_TimeTick
    main.o(i.__main) refers to main.o(i.Clock_TimeWrite) for Clock_TimeWrite
    main.o(i.__main) refers to main.o(i._7Seg_Task) for _7Seg_Task
    main.o(i.__main) refers to main.o(.data) for minute
    sevensegmentagent.o(i._7Seg_Initial) refers to mygpio.o(i.GPIO_Mode_Set) for GPIO_Mode_Set
    sevensegmentagent.o(i._7Seg_Initial) refers to sevensegmentagent.o(.data) for BufSel
    sevensegmentagent.o(i._7Seg_Output) refers to sevensegmentagent.o(.data) for BufSel
    sevensegmentagent.o(i._7Seg_Output) refers to sevensegmentagent.o(.constdata) for _7SegPatTable
    sevensegmentagent.o(i._7Seg_Switch) refers to sevensegmentagent.o(.data) for BufSel
    system_m451series.o(i.SystemCoreClockUpdate) refers to system_m451series.o(i.CLK_GetPLLClockFreq) for CLK_GetPLLClockFreq
    system_m451series.o(i.SystemCoreClockUpdate) refers to system_m451series.o(.data) for PllClock
    startup_m451series.o(STACK) refers (Special) to heapauxi.o(.text) for __use_two_region_memory
    startup_m451series.o(HEAP) refers (Special) to heapauxi.o(.text) for __use_two_region_memory
    startup_m451series.o(RESET) refers (Special) to heapauxi.o(.text) for __use_two_region_memory
    startup_m451series.o(RESET) refers to startup_m451series.o(STACK) for __initial_sp
    startup_m451series.o(RESET) refers to startup_m451series.o(.text) for Reset_Handler
    startup_m451series.o(RESET) refers to main.o(i.TMR0_IRQHandler) for TMR0_IRQHandler
    startup_m451series.o(.text) refers (Special) to heapauxi.o(.text) for __use_two_region_memory
    startup_m451series.o(.text) refers to system_m451series.o(i.SystemInit) for SystemInit
    startup_m451series.o(.text) refers to main.o(i.__main) for __main
    startup_m451series.o(.text) refers to startup_m451series.o(HEAP) for Heap_Mem
    startup_m451series.o(.text) refers to startup_m451series.o(STACK) for Stack_Mem


==============================================================================

Removing Unused input sections from the image.

    Removing main.o(.rev16_text), (4 bytes).
    Removing main.o(.revsh_text), (4 bytes).
    Removing system_m451series.o(.rev16_text), (4 bytes).
    Removing system_m451series.o(.revsh_text), (4 bytes).
    Removing system_m451series.o(i.CLK_GetPLLClockFreq), (100 bytes).
    Removing system_m451series.o(i.SystemCoreClockUpdate), (100 bytes).
    Removing system_m451series.o(.data), (44 bytes).

7 unused section(s) (total 260 bytes) removed from the image.

==============================================================================

Image Symbol Table

    Local Symbols

    Symbol Name                              Value     Ov Type        Size  Object(Section)

    RESET                                    0x00000000   Section      320  startup_m451series.o(RESET)
    ../clib/heapaux.c                        0x00000000   Number         0  heapauxi.o ABSOLUTE
    SevenSegmentAgent.c                      0x00000000   Number         0  sevensegmentagent.o ABSOLUTE
    dc.s                                     0x00000000   Number         0  dc.o ABSOLUTE
    main.c                                   0x00000000   Number         0  main.o ABSOLUTE
    main.c                                   0x00000000   Number         0  main.o ABSOLUTE
    myGPIO.c                                 0x00000000   Number         0  mygpio.o ABSOLUTE
    startup_M451Series.s                     0x00000000   Number         0  startup_m451series.o ABSOLUTE
    system_M451Series.c                      0x00000000   Number         0  system_m451series.o ABSOLUTE
    system_M451Series.c                      0x00000000   Number         0  system_m451series.o ABSOLUTE
    .text                                    0x00000140   Section      116  startup_m451series.o(.text)
    $v0                                      0x00000140   Number         0  startup_m451series.o(.text)
    Default_Handler                          0x00000185   Thumb Code     2  startup_m451series.o(.text)
    .text                                    0x000001b4   Section        0  heapauxi.o(.text)
    i.Clock_Initial                          0x000001bc   Section        0  main.o(i.Clock_Initial)
    i.Clock_TimeTick                         0x000001c8   Section        0  main.o(i.Clock_TimeTick)
    i.Clock_TimeWrite                        0x0000022c   Section        0  main.o(i.Clock_TimeWrite)
    i.GPIO_Mode_Set                          0x00000258   Section        0  mygpio.o(i.GPIO_Mode_Set)
    i.SystemInit                             0x00000274   Section        0  system_m451series.o(i.SystemInit)
    i.TMR0_IRQHandler                        0x00000288   Section        0  main.o(i.TMR0_IRQHandler)
    i.TMR0_Initial                           0x000002a8   Section        0  main.o(i.TMR0_Initial)
    i._7Seg_Initial                          0x00000340   Section        0  sevensegmentagent.o(i._7Seg_Initial)
    i._7Seg_Output                           0x000003cc   Section        0  sevensegmentagent.o(i._7Seg_Output)
    i._7Seg_Switch                           0x00000470   Section        0  sevensegmentagent.o(i._7Seg_Switch)
    i._7Seg_Task                             0x00000484   Section        0  main.o(i._7Seg_Task)
    i.__main                                 0x000004ac   Section        0  main.o(i.__main)
    .constdata                               0x0000058c   Section       11  sevensegmentagent.o(.constdata)
    .data                                    0x20000000   Section       20  main.o(.data)
    _7SegOldCount                            0x2000000c   Data           4  main.o(.data)
    ClockOldCount                            0x20000010   Data           4  main.o(.data)
    .data                                    0x20000014   Section        3  sevensegmentagent.o(.data)
    HEAP                                     0x20000018   Section        0  startup_m451series.o(HEAP)
    STACK                                    0x20000018   Section     1024  startup_m451series.o(STACK)
    Heap_Mem                                 0x20000018   Data           0  startup_m451series.o(HEAP)
    Stack_Mem                                0x20000018   Data        1024  startup_m451series.o(STACK)
    __initial_sp                             0x20000418   Data           0  startup_m451series.o(STACK)

    Global Symbols

    Symbol Name                              Value     Ov Type        Size  Object(Section)

    BuildAttributes$$THM_ISAv4$E$P$D$K$B$S$7EM$VFPi3$EXTD16$VFPS$VFMA$PE$A:L22UL41UL21$X:L11$S22US41US21$IEEE1$IW$USESV6$~STKCKD$USESV7$~SHL$OSPACE$ROPI$EBA8$STANDARDLIB$REQ8$PRES8$EABIv2 0x00000000   Number         0  anon$$obj.o ABSOLUTE
    __Vectors                                0x00000000   Data           4  startup_m451series.o(RESET)
    Reset_Handler                            0x00000141   Thumb Code    50  startup_m451series.o(.text)
    __Vectors_End                            0x00000140   Data           0  startup_m451series.o(RESET)
    __Vectors_Size                           0x00000140   Number         0  startup_m451series.o ABSOLUTE
    NMI_Handler                              0x00000173   Thumb Code     2  startup_m451series.o(.text)
    HardFault_Handler                        0x00000175   Thumb Code     2  startup_m451series.o(.text)
    MemManage_Handler                        0x00000177   Thumb Code     2  startup_m451series.o(.text)
    BusFault_Handler                         0x00000179   Thumb Code     2  startup_m451series.o(.text)
    UsageFault_Handler                       0x0000017b   Thumb Code     2  startup_m451series.o(.text)
    SVC_Handler                              0x0000017d   Thumb Code     2  startup_m451series.o(.text)
    DebugMon_Handler                         0x0000017f   Thumb Code     2  startup_m451series.o(.text)
    PendSV_Handler                           0x00000181   Thumb Code     2  startup_m451series.o(.text)
    SysTick_Handler                          0x00000183   Thumb Code     2  startup_m451series.o(.text)
    ACMP01_IRQHandler                        0x00000185   Thumb Code     0  startup_m451series.o(.text)
    ADC00_IRQHandler                         0x00000185   Thumb Code     0  startup_m451series.o(.text)
    ADC01_IRQHandler                         0x00000185   Thumb Code     0  startup_m451series.o(.text)
    ADC02_IRQHandler                         0x00000185   Thumb Code     0  startup_m451series.o(.text)
    ADC03_IRQHandler                         0x00000185   Thumb Code     0  startup_m451series.o(.text)
    BOD_IRQHandler                           0x00000185   Thumb Code     0  startup_m451series.o(.text)
    BRAKE0_IRQHandler                        0x00000185   Thumb Code     0  startup_m451series.o(.text)
    BRAKE1_IRQHandler                        0x00000185   Thumb Code     0  startup_m451series.o(.text)
    CAN0_IRQHandler                          0x00000185   Thumb Code     0  startup_m451series.o(.text)
    CLKFAIL_IRQHandler                       0x00000185   Thumb Code     0  startup_m451series.o(.text)
    DAC_IRQHandler                           0x00000185   Thumb Code     0  startup_m451series.o(.text)
    EINT0_IRQHandler                         0x00000185   Thumb Code     0  startup_m451series.o(.text)
    EINT1_IRQHandler                         0x00000185   Thumb Code     0  startup_m451series.o(.text)
    EINT2_IRQHandler                         0x00000185   Thumb Code     0  startup_m451series.o(.text)
    EINT3_IRQHandler                         0x00000185   Thumb Code     0  startup_m451series.o(.text)
    EINT4_IRQHandler                         0x00000185   Thumb Code     0  startup_m451series.o(.text)
    EINT5_IRQHandler                         0x00000185   Thumb Code     0  startup_m451series.o(.text)
    GPA_IRQHandler                           0x00000185   Thumb Code     0  startup_m451series.o(.text)
    GPB_IRQHandler                           0x00000185   Thumb Code     0  startup_m451series.o(.text)
    GPC_IRQHandler                           0x00000185   Thumb Code     0  startup_m451series.o(.text)
    GPD_IRQHandler                           0x00000185   Thumb Code     0  startup_m451series.o(.text)
    GPE_IRQHandler                           0x00000185   Thumb Code     0  startup_m451series.o(.text)
    GPF_IRQHandler                           0x00000185   Thumb Code     0  startup_m451series.o(.text)
    I2C0_IRQHandler                          0x00000185   Thumb Code     0  startup_m451series.o(.text)
    I2C1_IRQHandler                          0x00000185   Thumb Code     0  startup_m451series.o(.text)
    IRC_IRQHandler                           0x00000185   Thumb Code     0  startup_m451series.o(.text)
    PDMA_IRQHandler                          0x00000185   Thumb Code     0  startup_m451series.o(.text)
    PWM0P0_IRQHandler                        0x00000185   Thumb Code     0  startup_m451series.o(.text)
    PWM0P1_IRQHandler                        0x00000185   Thumb Code     0  startup_m451series.o(.text)
    PWM0P2_IRQHandler                        0x00000185   Thumb Code     0  startup_m451series.o(.text)
    PWM1P0_IRQHandler                        0x00000185   Thumb Code     0  startup_m451series.o(.text)
    PWM1P1_IRQHandler                        0x00000185   Thumb Code     0  startup_m451series.o(.text)
    PWM1P2_IRQHandler                        0x00000185   Thumb Code     0  startup_m451series.o(.text)
    PWRWU_IRQHandler                         0x00000185   Thumb Code     0  startup_m451series.o(.text)
    RAMPE_IRQHandler                         0x00000185   Thumb Code     0  startup_m451series.o(.text)
    RTC_IRQHandler                           0x00000185   Thumb Code     0  startup_m451series.o(.text)
    SC0_IRQHandler                           0x00000185   Thumb Code     0  startup_m451series.o(.text)
    SPI0_IRQHandler                          0x00000185   Thumb Code     0  startup_m451series.o(.text)
    SPI1_IRQHandler                          0x00000185   Thumb Code     0  startup_m451series.o(.text)
    SPI2_IRQHandler                          0x00000185   Thumb Code     0  startup_m451series.o(.text)
    TAMPER_IRQHandler                        0x00000185   Thumb Code     0  startup_m451series.o(.text)
    TK_IRQHandler                            0x00000185   Thumb Code     0  startup_m451series.o(.text)
    TMR1_IRQHandler                          0x00000185   Thumb Code     0  startup_m451series.o(.text)
    TMR2_IRQHandler                          0x00000185   Thumb Code     0  startup_m451series.o(.text)
    TMR3_IRQHandler                          0x00000185   Thumb Code     0  startup_m451series.o(.text)
    UART0_IRQHandler                         0x00000185   Thumb Code     0  startup_m451series.o(.text)
    UART1_IRQHandler                         0x00000185   Thumb Code     0  startup_m451series.o(.text)
    UART2_IRQHandler                         0x00000185   Thumb Code     0  startup_m451series.o(.text)
    UART3_IRQHandler                         0x00000185   Thumb Code     0  startup_m451series.o(.text)
    USBD_IRQHandler                          0x00000185   Thumb Code     0  startup_m451series.o(.text)
    USBH_IRQHandler                          0x00000185   Thumb Code     0  startup_m451series.o(.text)
    USBOTG_IRQHandler                        0x00000185   Thumb Code     0  startup_m451series.o(.text)
    WDT_IRQHandler                           0x00000185   Thumb Code     0  startup_m451series.o(.text)
    WWDT_IRQHandler                          0x00000185   Thumb Code     0  startup_m451series.o(.text)
    __user_initial_stackheap                 0x00000189   Thumb Code    10  startup_m451series.o(.text)
    __use_two_region_memory                  0x000001b5   Thumb Code     2  heapauxi.o(.text)
    __rt_heap_escrow$2region                 0x000001b7   Thumb Code     2  heapauxi.o(.text)
    __rt_heap_expand$2region                 0x000001b9   Thumb Code     2  heapauxi.o(.text)
    Clock_Initial                            0x000001bd   Thumb Code     8  main.o(i.Clock_Initial)
    Clock_TimeTick                           0x000001c9   Thumb Code    78  main.o(i.Clock_TimeTick)
    Clock_TimeWrite                          0x0000022d   Thumb Code    34  main.o(i.Clock_TimeWrite)
    GPIO_Mode_Set                            0x00000259   Thumb Code    28  mygpio.o(i.GPIO_Mode_Set)
    SystemInit                               0x00000275   Thumb Code    14  system_m451series.o(i.SystemInit)
    TMR0_IRQHandler                          0x00000289   Thumb Code    24  main.o(i.TMR0_IRQHandler)
    TMR0_Initial                             0x000002a9   Thumb Code   134  main.o(i.TMR0_Initial)
    _7Seg_Initial                            0x00000341   Thumb Code   124  sevensegmentagent.o(i._7Seg_Initial)
    _7Seg_Output                             0x000003cd   Thumb Code   146  sevensegmentagent.o(i._7Seg_Output)
    _7Seg_Switch                             0x00000471   Thumb Code    14  sevensegmentagent.o(i._7Seg_Switch)
    _7Seg_Task                               0x00000485   Thumb Code    32  main.o(i._7Seg_Task)
    __main                                   0x000004ad   Thumb Code   194  main.o(i.__main)
    _7SegPatTable                            0x0000058c   Data          11  sevensegmentagent.o(.constdata)
    timecount                                0x20000000   Data           4  main.o(.data)
    second                                   0x20000004   Data           1  main.o(.data)
    minute                                   0x20000005   Data           1  main.o(.data)
    hour                                     0x20000006   Data           1  main.o(.data)
    display                                  0x20000007   Data           1  main.o(.data)
    mode                                     0x20000008   Data           1  main.o(.data)
    _7Seg_OutputBuf                          0x20000014   Data           2  sevensegmentagent.o(.data)
    BufSel                                   0x20000016   Data           1  sevensegmentagent.o(.data)



==============================================================================

Memory Map of the image

  Image Entry point : 0x00000141

  Load Region LR_1 (Base: 0x00000000, Size: 0x000005b0, Max: 0xffffffff, ABSOLUTE)

    Execution Region ER_RO (Exec base: 0x00000000, Load base: 0x00000000, Size: 0x00000598, Max: 0xffffffff, ABSOLUTE)

    Exec Addr    Load Addr    Size         Type   Attr      Idx    E Section Name        Object

    0x00000000   0x00000000   0x00000140   Data   RO          254    RESET               startup_m451series.o
    0x00000140   0x00000140   0x00000074   Code   RO          255  * .text               startup_m451series.o
    0x000001b4   0x000001b4   0x00000006   Code   RO          261    .text               c_w.l(heapauxi.o)
    0x000001ba   0x000001ba   0x00000002   PAD
    0x000001bc   0x000001bc   0x0000000c   Code   RO            3    i.Clock_Initial     main.o
    0x000001c8   0x000001c8   0x00000064   Code   RO            4    i.Clock_TimeTick    main.o
    0x0000022c   0x0000022c   0x0000002c   Code   RO            5    i.Clock_TimeWrite   main.o
    0x00000258   0x00000258   0x0000001c   Code   RO          169    i.GPIO_Mode_Set     mygpio.o
    0x00000274   0x00000274   0x00000014   Code   RO          216    i.SystemInit        system_m451series.o
    0x00000288   0x00000288   0x00000020   Code   RO            6    i.TMR0_IRQHandler   main.o
    0x000002a8   0x000002a8   0x00000098   Code   RO            7    i.TMR0_Initial      main.o
    0x00000340   0x00000340   0x0000008c   Code   RO          181    i._7Seg_Initial     sevensegmentagent.o
    0x000003cc   0x000003cc   0x000000a4   Code   RO          182    i._7Seg_Output      sevensegmentagent.o
    0x00000470   0x00000470   0x00000014   Code   RO          183    i._7Seg_Switch      sevensegmentagent.o
    0x00000484   0x00000484   0x00000028   Code   RO            8    i._7Seg_Task        main.o
    0x000004ac   0x000004ac   0x000000e0   Code   RO            9    i.__main            main.o
    0x0000058c   0x0000058c   0x0000000b   Data   RO          184    .constdata          sevensegmentagent.o


    Execution Region ER_RW (Exec base: 0x20000000, Load base: 0x00000598, Size: 0x00000018, Max: 0xffffffff, ABSOLUTE)

    Exec Addr    Load Addr    Size         Type   Attr      Idx    E Section Name        Object

    0x20000000   0x00000598   0x00000014   Data   RW           10    .data               main.o
    0x20000014   0x000005ac   0x00000003   Data   RW          185    .data               sevensegmentagent.o


    Execution Region ER_ZI (Exec base: 0x20000018, Load base: 0x000005b0, Size: 0x00000400, Max: 0xffffffff, ABSOLUTE)

    Exec Addr    Load Addr    Size         Type   Attr      Idx    E Section Name        Object

    0x20000018        -       0x00000000   Zero   RW          253    HEAP                startup_m451series.o
    0x20000018        -       0x00000400   Zero   RW          252    STACK               startup_m451series.o


==============================================================================

Image component sizes


      Code (inc. data)   RO Data    RW Data    ZI Data      Debug   Object Name

       604        100          0         20          0       8162   main.o
        28          0          0          0          0        984   mygpio.o
       324         40         11          3          0       2241   sevensegmentagent.o
       116         36        320          0       1024        888   startup_m451series.o
        20          6          0          0          0        445   system_m451series.o

    ----------------------------------------------------------------------
      1092        182        332         24       1024      12720   Object Totals
         0          0          0          0          0          0   (incl. Generated)
         0          0          1          1          0          0   (incl. Padding)

    ----------------------------------------------------------------------

      Code (inc. data)   RO Data    RW Data    ZI Data      Debug   Library Member Name

         6          0          0          0          0        152   heapauxi.o

    ----------------------------------------------------------------------
         8          0          0          0          0        152   Library Totals
         2          0          0          0          0          0   (incl. Padding)

    ----------------------------------------------------------------------

      Code (inc. data)   RO Data    RW Data    ZI Data      Debug   Library Name

         6          0          0          0          0        152   c_w.l

    ----------------------------------------------------------------------
         8          0          0          0          0        152   Library Totals

    ----------------------------------------------------------------------

==============================================================================


      Code (inc. data)   RO Data    RW Data    ZI Data      Debug   

      1100        182        332         24       1024      12072   Grand Totals
      1100        182        332         24       1024      12072   ELF Image Totals
      1100        182        332         24          0          0   ROM Totals

==============================================================================

    Total RO  Size (Code + RO Data)                 1432 (   1.40kB)
    Total RW  Size (RW Data + ZI Data)              1048 (   1.02kB)
    Total ROM Size (Code + RO Data + RW Data)       1456 (   1.42kB)

==============================================================================

