Microchip MPLAB XC8 Compiler V2.10 ()

Linker command line:

-W-3 --edf=C:\Program Files (x86)\Microchip\xc8\v2.10\pic\dat\en_msgs.txt \
  -cs -h+dist/default/production\rs485_pic.X.production.sym \
  --cmf=dist/default/production\rs485_pic.X.production.cmf -z -Q18F23K22 \
  -oC:\Users\USER\AppData\Local\Temp\sbts.2 --defsym=__MPLAB_BUILD=1 \
  -Mdist/default/production/rs485_pic.X.production.map -E1 -ver=XC8 \
  --acfsm=1493 -ASTACK=01FEh-01FFh -pstack=STACK -ACODE=00h-01FFFh \
  -ACONST=00h-01FFFh -ASMALLCONST=0200h-02FFhx30 -AMEDIUMCONST=0200h-01FFFh \
  -ACOMRAM=01h-05Fh -AABS1=00h-01FFh -ABIGRAM=01h-01FFh \
  -ARAM=060h-0FFh,0100h-01FFh -ABANK0=060h-0FFh -ABANK1=0100h-01FFh \
  -ASFR=0F38h-0F5Fh,0F60h-0FFFh \
  -preset_vec=00h,intcode=08h,intcodelo=018h,powerup,init -pramtop=0200h \
  -psmallconst=SMALLCONST -pmediumconst=MEDIUMCONST -pconst=CONST \
  -AFARRAM=00h-00h -ACONFIG=0300000h-030000Dh -pconfig=CONFIG \
  -AIDLOC=0200000h-0200007h -pidloc=IDLOC -AEEDATA=0F00000h-0F000FFh \
  -peeprom_data=EEDATA \
  -prdata=COMRAM,nvrram=COMRAM,nvbit=COMRAM,rbss=COMRAM,rbit=COMRAM \
  -pfarbss=FARRAM,fardata=FARRAM,nvFARRAM=FARRAM \
  -pintsave_regs=BIGRAM,bigbss=BIGRAM,bigdata=BIGRAM -pbss=RAM \
  -pidata=CODE,irdata=CODE,ibigdata=CODE,ifardata=CODE -prparam=COMRAM \
  C:\Users\USER\AppData\Local\Temp\sbts.o \
  dist/default/production\rs485_pic.X.production.o 

Object code version is 3.11

Machine type is 18F23K22

Call graph: (short form)




                Name                               Link     Load   Length Selector   Space Scale
C:\Users\USER\AppData\Local\Temp\sbts.o
                init                                 9A       9A        4        C       0
                reset_vec                             0        0        4        0       0
                idloc                            200000   200000        8   200000       0
                config                           300000   300000        E   300000       0
dist/default/production\rs485_pic.X.production.o
                intcodelo                            18       18       82        C       0
                intcode                               8        8        6        4       0
                temp                                 53       53        1        1       1
                mediumconst                        1D4E     1D4E      2B2      EA7       0
                text41                             11A0     11A0       36        C       0
                text40                             1260     1260       2A        C       0
                text39                             13AC     13AC        6        C       0
                text38                             13BE     13BE        2        C       0
                text37                             12B2     12B2       20        C       0
                text36                             1344     1344       10        C       0
                intcode_body                        EB2      EB2       66        C       0
                text34                             13BA     13BA        4        C       0
                text33                             128A     128A       28        C       0
                text32                             1236     1236       2A        C       0
                text30                             1308     1308       18        C       0
                text29                             1320     1320       14        C       0
                text28                             136E     136E        C        C       0
                text27                             13B6     13B6        4        C       0
                text26                              E30      E30       82        C       0
                text25                              F76      F76       56        C       0
                text24                             10F2     10F2       42        C       0
                text23                             116A     116A       36        C       0
                text22                             10AE     10AE       44        C       0
                text21                             1018     1018       4C        C       0
                text20                              D1C      D1C      114        C       0
                text19                              8B4      8B4      1D0        C       0
                text18                             13B2     13B2        4        C       0
                text17                             1362     1362        C        C       0
                text16                             12F0     12F0       18        C       0
                text15                             13A2     13A2        A        C       0
                text14                             1398     1398        A        C       0
                text13                             1064     1064       4A        C       0
                text12                             138E     138E        A        C       0
                text11                             1384     1384        A        C       0
                text10                              FCC      FCC       4C        C       0
                text9                              1334     1334       10        C       0
                text8                              1354     1354        E        C       0
                text7                              1208     1208       2E        C       0
                text6                              137A     137A        A        C       0
                text5                              1134     1134       36        C       0
                text4                              12D2     12D2       1E        C       0
                text3                               F18      F18       5E        C       0
                text2                               A84      A84      150        C       0
                text1                                9E       9E      816        C       0
                text0                               BD4      BD4      148        C       0
                cstackCOMRAM                          1        1       32        1       1
                cstackBANK0                          EC       EC        C       60       1
                cstackBANK1                         1F0      1F0        E      100       1
                bssBANK1                            100      100       F0      100       1
                bssBANK0                             60       60       8C       60       1
                bssCOMRAM                            33       33       1A        1       1
                cinit                              11D6     11D6       32        C       0
                nvBANK0                              F8       F8        8       60       1
                nvCOMRAM                             4D       4D        6        1       1

TOTAL           Name                               Link     Load   Length     Space
        CLASS   STACK          

        CLASS   CODE           
                intcodelo                            18       18       82         0
                intcode                               8        8        6         0
                init                                 9A       9A        4         0
                reset_vec                             0        0        4         0
                text41                             11A0     11A0       36         0
                text40                             1260     1260       2A         0
                text39                             13AC     13AC        6         0
                text38                             13BE     13BE        2         0
                text37                             12B2     12B2       20         0
                text36                             1344     1344       10         0
                intcode_body                        EB2      EB2       66         0
                text34                             13BA     13BA        4         0
                text33                             128A     128A       28         0
                text32                             1236     1236       2A         0
                text30                             1308     1308       18         0
                text29                             1320     1320       14         0
                text28                             136E     136E        C         0
                text27                             13B6     13B6        4         0
                text26                              E30      E30       82         0
                text25                              F76      F76       56         0
                text24                             10F2     10F2       42         0
                text23                             116A     116A       36         0
                text22                             10AE     10AE       44         0
                text21                             1018     1018       4C         0
                text20                              D1C      D1C      114         0
                text19                              8B4      8B4      1D0         0
                text18                             13B2     13B2        4         0
                text17                             1362     1362        C         0
                text16                             12F0     12F0       18         0
                text15                             13A2     13A2        A         0
                text14                             1398     1398        A         0
                text13                             1064     1064       4A         0
                text12                             138E     138E        A         0
                text11                             1384     1384        A         0
                text10                              FCC      FCC       4C         0
                text9                              1334     1334       10         0
                text8                              1354     1354        E         0
                text7                              1208     1208       2E         0
                text6                              137A     137A        A         0
                text5                              1134     1134       36         0
                text4                              12D2     12D2       1E         0
                text3                               F18      F18       5E         0
                text2                               A84      A84      150         0
                text1                                9E       9E      816         0
                text0                               BD4      BD4      148         0
                cinit                              11D6     11D6       32         0

        CLASS   CONST          

        CLASS   SMALLCONST     

        CLASS   MEDIUMCONST    
                mediumconst                        1D4E     1D4E      2B2         0

        CLASS   COMRAM         
                temp                                 53       53        1         1
                cstackCOMRAM                          1        1       32         1
                bssCOMRAM                            33       33       1A         1
                nvCOMRAM                             4D       4D        6         1

        CLASS   ABS1           

        CLASS   BIGRAM         

        CLASS   RAM            

        CLASS   BANK0          
                cstackBANK0                          EC       EC        C         1
                bssBANK0                             60       60       8C         1
                nvBANK0                              F8       F8        8         1

        CLASS   BANK1          
                cstackBANK1                         1F0      1F0        E         1
                bssBANK1                            100      100       F0         1

        CLASS   SFR            

        CLASS   FARRAM         

        CLASS   CONFIG         
                config                           300000   300000        E         0

        CLASS   IDLOC          
                idloc                            200000   200000        8         0

        CLASS   EEDATA         



SEGMENTS        Name                           Load    Length   Top    Selector   Space  Class

                reset_vec                      000000  000004  000004         0       0  CODE    
                cstackCOMRAM                   000001  000053  000054         1       1  COMRAM  
                intcode                        000008  000006  00000E         4       0  CODE    
                intcodelo                      000018  0013A8  0013C0         C       0  CODE    
                bssBANK0                       000060  0000A0  000100        60       1  BANK0   
                bssBANK1                       000100  0000FE  0001FE       100       1  BANK1   
                mediumconst                    001D4E  0002B2  002000       EA7       0  MEDIUMCO
                idloc                          200000  000008  200008    200000       0  IDLOC   
                config                         300000  00000E  30000E    300000       0  CONFIG  


UNUSED ADDRESS RANGES

        Name                Unused          Largest block    Delta
        BANK1            0001FE-0001FF                2
        BIGRAM           000054-00005F                C
                         0001FE-0001FF                2
        CODE             000004-000007                4
                         00000E-000017                A
                         0013C0-001D4D              98E
        COMRAM           000054-00005F                C
        CONST            000004-000007                4
                         00000E-000017                A
                         0013C0-001D4D              98E
        EEDATA           F00000-F000FF              100
        MEDIUMCONST      0013C0-001D4D              98E
        RAM              0001FE-0001FF                2
        SFR              000F38-000FFF               28
        SMALLCONST       0013C0-001D4D              100
        STACK            0001FE-0001FF                2

                                  Symbol Table

?_ADC_GetConversionResult                      cstackCOMRAM 00000C
?___lldiv                                      cstackCOMRAM 00000C
?___lmul                                       cstackCOMRAM 00000C
?___lwmod                                      cstackCOMRAM 00000C
?_crcGen                                       cstackCOMRAM 00000C
?_u32_sqrt                                     cstackCOMRAM 000019
ADC_SelectChannel@channel                      cstackCOMRAM 00000D
ADC_run@Vnow                                   cstackBANK0  0000F0
ADC_run@Vrms                                   bssCOMRAM    000037
ADC_run@adc_count                              bssCOMRAM    00003D
ADC_run@adc_value                              cstackBANK0  0000F4
ADC_run@sample_count                           bssCOMRAM    00003B
ADC_run@sample_total                           bssCOMRAM    000033
EUSART1_SetRxInterruptHandler@interruptHandler cstackCOMRAM 00000C
EUSART1_SetTxInterruptHandler@interruptHandler cstackCOMRAM 00000C
EUSART2_SetRxInterruptHandler@interruptHandler cstackCOMRAM 00000C
EUSART2_SetTxInterruptHandler@interruptHandler cstackCOMRAM 00000C
EUSART2_Write@txData                           cstackCOMRAM 00000C
TMR0_SetInterruptHandler@InterruptHandler      cstackCOMRAM 00000C
_ADCON0                                        (abs)        000FC2
_ADCON0bits                                    (abs)        000FC2
_ADCON1                                        (abs)        000FC1
_ADCON2                                        (abs)        000FC0
_ADC_GetConversionResult                       text29       001320
_ADC_ISR                                       text34       0013BA
_ADC_Initialize                                text16       0012F0
_ADC_IsConversionDone                          text28       00136E
_ADC_SelectChannel                             text30       001308
_ADC_StartConversion                           text27       0013B6
_ADC_run                                       text19       0008B4
_ADC_run$1496                                  cstackBANK0  0000EC
_ADC_run$1500                                  cstackBANK0  0000EE
_ADRESH                                        (abs)        000FC4
_ADRESL                                        (abs)        000FC3
_ANSELA                                        (abs)        000F38
_ANSELB                                        (abs)        000F39
_ANSELC                                        (abs)        000F3A
_BAUDCON1                                      (abs)        000FB8
_BAUDCON2                                      (abs)        000F70
_CRC_HI_TABLE                                  mediumconst  001E4F
_CRC_LO_TABLE                                  mediumconst  001D4F
_EUSART1_Initialize                            text13       001064
_EUSART1_Receive_ISR                           text41       0011A0
_EUSART1_RxDefaultInterruptHandler             nvBANK0      0000F8
_EUSART1_SetRxInterruptHandler                 text15       0013A2
_EUSART1_SetTxInterruptHandler                 text14       001398
_EUSART1_Transmit_ISR                          text40       001260
_EUSART1_TxDefaultInterruptHandler             nvBANK0      0000FA
_EUSART1_is_rx_ready                           text18       0013B2
_EUSART1_is_tx_done                            text17       001362
_EUSART2_Initialize                            text10       000FCC
_EUSART2_Receive_ISR                           text33       00128A
_EUSART2_RxDefaultInterruptHandler             nvBANK0      0000FC
_EUSART2_SetRxInterruptHandler                 text12       00138E
_EUSART2_SetTxInterruptHandler                 text11       001384
_EUSART2_Transmit_ISR                          text32       001236
_EUSART2_TxDefaultInterruptHandler             nvBANK0      0000FE
_EUSART2_Write                                 text23       00116A
_INTCON2bits                                   (abs)        000FF1
_INTCONbits                                    (abs)        000FF2
_INTERRUPT_Initialize                          text9        001334
_INTERRUPT_InterruptManagerHigh                intcode      000008
_INTERRUPT_InterruptManagerLow                 intcodelo    000018
_IPR1bits                                      (abs)        000F9F
_IPR3bits                                      (abs)        000FA5
_LATA                                          (abs)        000F89
_LATAbits                                      (abs)        000F89
_LATB                                          (abs)        000F8A
_LATC                                          (abs)        000F8B
_LATCbits                                      (abs)        000F8B
_Modbus_Holding_Register                       bssBANK0     000060
_OSCCON                                        (abs)        000FD3
_OSCCON2                                       (abs)        000FD2
_OSCILLATOR_Initialize                         text8        001354
_OSCTUNE                                       (abs)        000F9B
_PIE1bits                                      (abs)        000F9D
_PIE3bits                                      (abs)        000FA3
_PIN_MANAGER_Initialize                        text7        001208
_PIR1bits                                      (abs)        000F9E
_PIR3bits                                      (abs)        000FA4
_RCONbits                                      (abs)        000FD0
_RCREG1                                        (abs)        000FAE
_RCREG2                                        (abs)        000F74
_RCSTA1                                        (abs)        000FAB
_RCSTA1bits                                    (abs)        000FAB
_RCSTA2                                        (abs)        000F71
_RCSTA2bits                                    (abs)        000F71
_SPBRG1                                        (abs)        000FAF
_SPBRG2                                        (abs)        000F75
_SPBRGH1                                       (abs)        000FB0
_SPBRGH2                                       (abs)        000F76
_SYSTEM_Initialize                             text4        0012D2
_T0CON                                         (abs)        000FD5
_T0CONbits                                     (abs)        000FD5
_TMR0H                                         (abs)        000FD7
_TMR0L                                         (abs)        000FD6
_TMR0_CallBack                                 text37       0012B2
_TMR0_DefaultInterruptHandler                  text38       0013BE
_TMR0_ISR                                      text36       001344
_TMR0_Initialize                               text5        001134
_TMR0_InterruptHandler                         nvCOMRAM     00004F
_TMR0_SetInterruptHandler                      text6        00137A
_TRISA                                         (abs)        000F92
_TRISB                                         (abs)        000F93
_TRISC                                         (abs)        000F94
_TXREG1                                        (abs)        000FAD
_TXREG2                                        (abs)        000F73
_TXSTA1                                        (abs)        000FAC
_TXSTA1bits                                    (abs)        000FAC
_TXSTA2                                        (abs)        000F72
_TXSTA2bits                                    (abs)        000F72
_WPUB                                          (abs)        000F61
__CFG_BOREN$SBORDIS                            (abs)        000000
__CFG_BORV$190                                 (abs)        000000
__CFG_CCP2MX$PORTC1                            (abs)        000000
__CFG_CCP3MX$PORTB5                            (abs)        000000
__CFG_CP0$OFF                                  (abs)        000000
__CFG_CP1$OFF                                  (abs)        000000
__CFG_CPB$OFF                                  (abs)        000000
__CFG_CPD$OFF                                  (abs)        000000
__CFG_DEBUG$OFF                                (abs)        000000
__CFG_EBTR0$OFF                                (abs)        000000
__CFG_EBTR1$OFF                                (abs)        000000
__CFG_EBTRB$OFF                                (abs)        000000
__CFG_FCMEN$OFF                                (abs)        000000
__CFG_FOSC$INTIO67                             (abs)        000000
__CFG_HFOFST$ON                                (abs)        000000
__CFG_IESO$OFF                                 (abs)        000000
__CFG_LVP$ON                                   (abs)        000000
__CFG_MCLRE$EXTMCLR                            (abs)        000000
__CFG_P2BMX$PORTB5                             (abs)        000000
__CFG_PBADEN$ON                                (abs)        000000
__CFG_PLLCFG$OFF                               (abs)        000000
__CFG_PRICLKEN$ON                              (abs)        000000
__CFG_PWRTEN$OFF                               (abs)        000000
__CFG_STVREN$ON                                (abs)        000000
__CFG_T3CMX$PORTC0                             (abs)        000000
__CFG_WDTEN$OFF                                (abs)        000000
__CFG_WDTPS$32768                              (abs)        000000
__CFG_WRT0$OFF                                 (abs)        000000
__CFG_WRT1$OFF                                 (abs)        000000
__CFG_WRTB$OFF                                 (abs)        000000
__CFG_WRTC$OFF                                 (abs)        000000
__CFG_WRTD$OFF                                 (abs)        000000
__CFG_XINST$OFF                                (abs)        000000
__HRAM                                         (abs)        000000
__Habs1                                        abs1         000000
__Hbank0                                       bank0        000000
__Hbank1                                       bank1        000000
__Hbigbss                                      bigbss       000000
__Hbigdata                                     bigdata      000000
__Hbigram                                      bigram       000000
__Hbss                                         bss          000000
__HbssBANK0                                    bssBANK0     000000
__HbssBANK1                                    bssBANK1     000000
__HbssCOMRAM                                   bssCOMRAM    000000
__Hcinit                                       cinit        000000
__Hclrtext                                     clrtext      000000
__Hcomram                                      comram       000000
__Hconfig                                      config       30000E
__Hconst                                       const        000000
__HcstackBANK0                                 cstackBANK0  000000
__HcstackBANK1                                 cstackBANK1  000000
__HcstackCOMRAM                                cstackCOMRAM 000000
__Hdata                                        data         000000
__Heeprom_data                                 eeprom_data  000000
__Hfarbss                                      farbss       000000
__Hfardata                                     fardata      000000
__Hibigdata                                    ibigdata     000000
__Hidata                                       idata        000000
__Hidloc                                       idloc        200008
__Hifardata                                    ifardata     000000
__Hinit                                        init         00009E
__Hintcode                                     intcode      00000E
__Hintcode_body                                intcode_body 000000
__Hintcodelo                                   intcodelo    00009A
__Hintentry                                    intentry     000000
__Hintret                                      intret       000000
__Hintsave_regs                                intsave_regs 000000
__Hirdata                                      irdata       000000
__Hmediumconst                                 mediumconst  002000
__HnvBANK0                                     nvBANK0      000000
__HnvCOMRAM                                    nvCOMRAM     000000
__HnvFARRAM                                    nvFARRAM     000000
__Hnvbit                                       nvbit        000000
__Hnvrram                                      nvrram       000000
__Hparam                                       rparam       000000
__Hpowerup                                     powerup      00009A
__Hram                                         ram          000000
__Hramtop                                      ramtop       000200
__Hrbit                                        rbit         000000
__Hrbss                                        rbss         000000
__Hrdata                                       rdata        000000
__Hreset_vec                                   reset_vec    000004
__Hrparam                                      rparam       000000
__Hsfr                                         sfr          000000
__Hsmallconst                                  smallconst   000000
__Hspace_0                                     (abs)        30000E
__Hspace_1                                     (abs)        0001FE
__Hspace_2                                     (abs)        000000
__Hstack                                       stack        000000
__Hstruct                                      struct       000000
__Htemp                                        temp         000054
__Htext                                        text         000000
__Htext0                                       text0        000000
__Htext1                                       text1        000000
__Htext10                                      text10       000000
__Htext11                                      text11       000000
__Htext12                                      text12       000000
__Htext13                                      text13       000000
__Htext14                                      text14       000000
__Htext15                                      text15       000000
__Htext16                                      text16       000000
__Htext17                                      text17       000000
__Htext18                                      text18       000000
__Htext19                                      text19       000000
__Htext2                                       text2        000000
__Htext20                                      text20       000000
__Htext21                                      text21       000000
__Htext22                                      text22       000000
__Htext23                                      text23       000000
__Htext24                                      text24       000000
__Htext25                                      text25       000000
__Htext26                                      text26       000000
__Htext27                                      text27       000000
__Htext28                                      text28       000000
__Htext29                                      text29       000000
__Htext3                                       text3        000000
__Htext30                                      text30       000000
__Htext32                                      text32       000000
__Htext33                                      text33       000000
__Htext34                                      text34       000000
__Htext36                                      text36       000000
__Htext37                                      text37       000000
__Htext38                                      text38       000000
__Htext39                                      text39       000000
__Htext4                                       text4        000000
__Htext40                                      text40       000000
__Htext41                                      text41       000000
__Htext42                                      text42       000000
__Htext5                                       text5        000000
__Htext6                                       text6        000000
__Htext7                                       text7        000000
__Htext8                                       text8        000000
__Htext9                                       text9        000000
__LRAM                                         (abs)        000001
__Labs1                                        abs1         000000
__Lbank0                                       bank0        000000
__Lbank1                                       bank1        000000
__Lbigbss                                      bigbss       000000
__Lbigdata                                     bigdata      000000
__Lbigram                                      bigram       000000
__Lbss                                         bss          000000
__LbssBANK0                                    bssBANK0     000000
__LbssBANK1                                    bssBANK1     000000
__LbssCOMRAM                                   bssCOMRAM    000000
__Lcinit                                       cinit        000000
__Lclrtext                                     clrtext      000000
__Lcomram                                      comram       000000
__Lconfig                                      config       300000
__Lconst                                       const        000000
__LcstackBANK0                                 cstackBANK0  000000
__LcstackBANK1                                 cstackBANK1  000000
__LcstackCOMRAM                                cstackCOMRAM 000000
__Ldata                                        data         000000
__Leeprom_data                                 eeprom_data  000000
__Lfarbss                                      farbss       000000
__Lfardata                                     fardata      000000
__Libigdata                                    ibigdata     000000
__Lidata                                       idata        000000
__Lidloc                                       idloc        200000
__Lifardata                                    ifardata     000000
__Linit                                        init         00009A
__Lintcode                                     intcode      000008
__Lintcode_body                                intcode_body 000000
__Lintcodelo                                   intcodelo    000018
__Lintentry                                    intentry     000000
__Lintret                                      intret       000000
__Lintsave_regs                                intsave_regs 000000
__Lirdata                                      irdata       000000
__Lmediumconst                                 mediumconst  001D4E
__LnvBANK0                                     nvBANK0      000000
__LnvCOMRAM                                    nvCOMRAM     000000
__LnvFARRAM                                    nvFARRAM     000000
__Lnvbit                                       nvbit        000000
__Lnvrram                                      nvrram       000000
__Lparam                                       rparam       000000
__Lpowerup                                     powerup      00009A
__Lram                                         ram          000000
__Lramtop                                      ramtop       000200
__Lrbit                                        rbit         000000
__Lrbss                                        rbss         000000
__Lrdata                                       rdata        000000
__Lreset_vec                                   reset_vec    000000
__Lrparam                                      rparam       000000
__Lsfr                                         sfr          000000
__Lsmallconst                                  smallconst   000000
__Lspace_0                                     (abs)        000000
__Lspace_1                                     (abs)        000000
__Lspace_2                                     (abs)        000000
__Lstack                                       stack        000000
__Lstruct                                      struct       000000
__Ltemp                                        temp         000053
__Ltext                                        text         000000
__Ltext0                                       text0        000000
__Ltext1                                       text1        000000
__Ltext10                                      text10       000000
__Ltext11                                      text11       000000
__Ltext12                                      text12       000000
__Ltext13                                      text13       000000
__Ltext14                                      text14       000000
__Ltext15                                      text15       000000
__Ltext16                                      text16       000000
__Ltext17                                      text17       000000
__Ltext18                                      text18       000000
__Ltext19                                      text19       000000
__Ltext2                                       text2        000000
__Ltext20                                      text20       000000
__Ltext21                                      text21       000000
__Ltext22                                      text22       000000
__Ltext23                                      text23       000000
__Ltext24                                      text24       000000
__Ltext25                                      text25       000000
__Ltext26                                      text26       000000
__Ltext27                                      text27       000000
__Ltext28                                      text28       000000
__Ltext29                                      text29       000000
__Ltext3                                       text3        000000
__Ltext30                                      text30       000000
__Ltext32                                      text32       000000
__Ltext33                                      text33       000000
__Ltext34                                      text34       000000
__Ltext36                                      text36       000000
__Ltext37                                      text37       000000
__Ltext38                                      text38       000000
__Ltext39                                      text39       000000
__Ltext4                                       text4        000000
__Ltext40                                      text40       000000
__Ltext41                                      text41       000000
__Ltext42                                      text42       000000
__Ltext5                                       text5        000000
__Ltext6                                       text6        000000
__Ltext7                                       text7        000000
__Ltext8                                       text8        000000
__Ltext9                                       text9        000000
__S0                                           (abs)        30000E
__S1                                           (abs)        0001FE
__S2                                           (abs)        000000
___inthi_sp                                    stack        000000
___intlo_sp                                    stack        000000
___lldiv                                       text26       000E30
___lldiv@counter                               cstackCOMRAM 000018
___lldiv@dividend                              cstackCOMRAM 00000C
___lldiv@divisor                               cstackCOMRAM 000010
___lldiv@quotient                              cstackCOMRAM 000014
___lmul                                        text25       000F76
___lmul@multiplicand                           cstackCOMRAM 000010
___lmul@multiplier                             cstackCOMRAM 00000C
___lmul@product                                cstackCOMRAM 000014
___lwmod                                       text24       0010F2
___lwmod@counter                               cstackCOMRAM 000010
___lwmod@dividend                              cstackCOMRAM 00000C
___lwmod@divisor                               cstackCOMRAM 00000E
___param_bank                                  (abs)        000000
___rparam_used                                 (abs)        000001
___sp                                          stack        000000
__accesstop                                    (abs)        000060
__activetblptr                                 (abs)        000002
__end_of_ADC_GetConversionResult               text29       001334
__end_of_ADC_ISR                               text34       0013BE
__end_of_ADC_Initialize                        text16       001308
__end_of_ADC_IsConversionDone                  text28       00137A
__end_of_ADC_SelectChannel                     text30       001320
__end_of_ADC_StartConversion                   text27       0013BA
__end_of_ADC_run                               text19       000A84
__end_of_CRC_HI_TABLE                          mediumconst  001F4F
__end_of_CRC_LO_TABLE                          mediumconst  001E4F
__end_of_EUSART1_Initialize                    text13       0010AE
__end_of_EUSART1_Receive_ISR                   text41       0011D6
__end_of_EUSART1_SetRxInterruptHandler         text15       0013AC
__end_of_EUSART1_SetTxInterruptHandler         text14       0013A2
__end_of_EUSART1_Transmit_ISR                  text40       00128A
__end_of_EUSART1_is_rx_ready                   text18       0013B6
__end_of_EUSART1_is_tx_done                    text17       00136E
__end_of_EUSART2_Initialize                    text10       001018
__end_of_EUSART2_Receive_ISR                   text33       0012B2
__end_of_EUSART2_SetRxInterruptHandler         text12       001398
__end_of_EUSART2_SetTxInterruptHandler         text11       00138E
__end_of_EUSART2_Transmit_ISR                  text32       001260
__end_of_EUSART2_Write                         text23       0011A0
__end_of_INTERRUPT_Initialize                  text9        001344
__end_of_INTERRUPT_InterruptManagerHigh        intcode_body 000F18
__end_of_INTERRUPT_InterruptManagerLow         intcodelo    00009A
__end_of_OSCILLATOR_Initialize                 text8        001362
__end_of_PIN_MANAGER_Initialize                text7        001236
__end_of_SYSTEM_Initialize                     text4        0012F0
__end_of_TMR0_CallBack                         text37       0012D2
__end_of_TMR0_DefaultInterruptHandler          text38       0013C0
__end_of_TMR0_ISR                              text36       001354
__end_of_TMR0_Initialize                       text5        00116A
__end_of_TMR0_SetInterruptHandler              text6        001384
__end_of___lldiv                               text26       000EB2
__end_of___lmul                                text25       000FCC
__end_of___lwmod                               text24       001134
__end_of__initialization                       cinit        0011FA
__end_of_check_register                        text21       001064
__end_of_crcGen                                text3        000F76
__end_of_main                                  text0        000D1C
__end_of_string_tx_uart2                       text22       0010F2
__end_of_timer_8ms                             text39       0013B2
__end_of_u32_sqrt                              text20       000E30
__end_of_uart_run                              text1        0008B4
__end_of_uint_tx_uart2                         text2        000BD4
__initialization                               cinit        0011D6
__mediumconst                                  mediumconst  001D4E
__pbssBANK0                                    bssBANK0     000060
__pbssBANK1                                    bssBANK1     000100
__pbssCOMRAM                                   bssCOMRAM    000033
__pcinit                                       cinit        0011D6
__pcstackBANK0                                 cstackBANK0  0000EC
__pcstackBANK1                                 cstackBANK1  0001F0
__pcstackCOMRAM                                cstackCOMRAM 000001
__pintcode                                     intcode      000008
__pintcode_body                                intcode_body 000EB2
__pintcodelo                                   intcodelo    000018
__pmediumconst                                 mediumconst  001D4E
__pnvBANK0                                     nvBANK0      0000F8
__pnvCOMRAM                                    nvCOMRAM     00004D
__ptext0                                       text0        000BD4
__ptext1                                       text1        00009E
__ptext10                                      text10       000FCC
__ptext11                                      text11       001384
__ptext12                                      text12       00138E
__ptext13                                      text13       001064
__ptext14                                      text14       001398
__ptext15                                      text15       0013A2
__ptext16                                      text16       0012F0
__ptext17                                      text17       001362
__ptext18                                      text18       0013B2
__ptext19                                      text19       0008B4
__ptext2                                       text2        000A84
__ptext20                                      text20       000D1C
__ptext21                                      text21       001018
__ptext22                                      text22       0010AE
__ptext23                                      text23       00116A
__ptext24                                      text24       0010F2
__ptext25                                      text25       000F76
__ptext26                                      text26       000E30
__ptext27                                      text27       0013B6
__ptext28                                      text28       00136E
__ptext29                                      text29       001320
__ptext3                                       text3        000F18
__ptext30                                      text30       001308
__ptext32                                      text32       001236
__ptext33                                      text33       00128A
__ptext34                                      text34       0013BA
__ptext36                                      text36       001344
__ptext37                                      text37       0012B2
__ptext38                                      text38       0013BE
__ptext39                                      text39       0013AC
__ptext4                                       text4        0012D2
__ptext40                                      text40       001260
__ptext41                                      text41       0011A0
__ptext42                                      text42       000000
__ptext5                                       text5        001134
__ptext6                                       text6        00137A
__ptext7                                       text7        001208
__ptext8                                       text8        001354
__ptext9                                       text9        001334
__ramtop                                       ramtop       000200
__size_of_ADC_GetConversionResult              (abs)        000000
__size_of_ADC_ISR                              (abs)        000000
__size_of_ADC_Initialize                       (abs)        000000
__size_of_ADC_IsConversionDone                 (abs)        000000
__size_of_ADC_SelectChannel                    (abs)        000000
__size_of_ADC_StartConversion                  (abs)        000000
__size_of_ADC_run                              (abs)        000000
__size_of_EUSART1_Initialize                   (abs)        000000
__size_of_EUSART1_Receive_ISR                  (abs)        000000
__size_of_EUSART1_SetRxInterruptHandler        (abs)        000000
__size_of_EUSART1_SetTxInterruptHandler        (abs)        000000
__size_of_EUSART1_Transmit_ISR                 (abs)        000000
__size_of_EUSART1_is_rx_ready                  (abs)        000000
__size_of_EUSART1_is_tx_done                   (abs)        000000
__size_of_EUSART2_Initialize                   (abs)        000000
__size_of_EUSART2_Receive_ISR                  (abs)        000000
__size_of_EUSART2_SetRxInterruptHandler        (abs)        000000
__size_of_EUSART2_SetTxInterruptHandler        (abs)        000000
__size_of_EUSART2_Transmit_ISR                 (abs)        000000
__size_of_EUSART2_Write                        (abs)        000000
__size_of_INTERRUPT_Initialize                 (abs)        000000
__size_of_INTERRUPT_InterruptManagerHigh       (abs)        000000
__size_of_INTERRUPT_InterruptManagerLow        (abs)        000000
__size_of_OSCILLATOR_Initialize                (abs)        000000
__size_of_PIN_MANAGER_Initialize               (abs)        000000
__size_of_SYSTEM_Initialize                    (abs)        000000
__size_of_TMR0_CallBack                        (abs)        000000
__size_of_TMR0_DefaultInterruptHandler         (abs)        000000
__size_of_TMR0_ISR                             (abs)        000000
__size_of_TMR0_Initialize                      (abs)        000000
__size_of_TMR0_SetInterruptHandler             (abs)        000000
__size_of___lldiv                              (abs)        000000
__size_of___lmul                               (abs)        000000
__size_of___lwmod                              (abs)        000000
__size_of_check_register                       (abs)        000000
__size_of_crcGen                               (abs)        000000
__size_of_main                                 (abs)        000000
__size_of_string_tx_uart2                      (abs)        000000
__size_of_timer_8ms                            (abs)        000000
__size_of_u32_sqrt                             (abs)        000000
__size_of_uart_run                             (abs)        000000
__size_of_uint_tx_uart2                        (abs)        000000
__smallconst                                   smallconst   000000
_check_register                                text21       001018
_crcGen                                        text3        000F18
_eusart1RxBuffer                               bssBANK1     0001CC
_eusart1RxCount                                bssCOMRAM    000048
_eusart1RxHead                                 bssCOMRAM    00004A
_eusart1RxTail                                 bssCOMRAM    000049
_eusart1TxBuffer                               bssBANK1     000140
_eusart1TxBufferRemaining                      nvCOMRAM     000052
_eusart1TxHead                                 bssCOMRAM    00004C
_eusart1TxTail                                 bssCOMRAM    00004B
_eusart2RxBuffer                               bssBANK0     0000E4
_eusart2RxCount                                bssCOMRAM    000043
_eusart2RxHead                                 bssCOMRAM    000045
_eusart2RxTail                                 bssCOMRAM    000044
_eusart2TxBuffer                               bssBANK1     000100
_eusart2TxBufferRemaining                      nvCOMRAM     000051
_eusart2TxHead                                 bssCOMRAM    000047
_eusart2TxTail                                 bssCOMRAM    000046
_main                                          text0        000BD4
_string_tx_uart2                               text22       0010AE
_timer                                         bssCOMRAM    00003F
_timer0ReloadVal                               nvCOMRAM     00004D
_timer_8ms                                     text39       0013AC
_u32_sqrt                                      text20       000D1C
_uart_run                                      text1        00009E
_uint_tx_uart2                                 text2        000A84
btemp                                          temp         000053
crcGen@commandBuffer                           cstackCOMRAM 00000C
crcGen@crcReg                                  bssCOMRAM    000041
crcGen@dataLen                                 cstackCOMRAM 00000E
crcGen@index                                   cstackCOMRAM 000014
crcGen@memPtr1                                 cstackCOMRAM 000012
end_of_initialization                          cinit        0011FA
int$flags                                      temp         000053
int_func                                       intcode_body 000EB2
intlevel0                                      text         000000
intlevel1                                      text         000000
intlevel2                                      text         000000
intlevel3                                      text         000000
main@i                                         cstackBANK0  0000F7
main@state                                     cstackBANK0  0000F6
stackhi                                        (abs)        0001FF
stacklo                                        (abs)        0001FE
start                                          init         00009A
start_initialization                           cinit        0011D6
string_tx_uart2@i                              cstackCOMRAM 000011
string_tx_uart2@text                           cstackCOMRAM 00000D
ttemp5                                         temp         000054
ttemp6                                         temp         000057
ttemp7                                         temp         00005B
u32_sqrt@a                                     cstackCOMRAM 000019
u32_sqrt@i                                     cstackCOMRAM 000029
u32_sqrt@pisor                                 cstackCOMRAM 000025
u32_sqrt@rem                                   cstackCOMRAM 00002B
u32_sqrt@root                                  cstackCOMRAM 00002F
uart_run@addr                                  cstackBANK1  0001F4
uart_run@crc                                   cstackBANK1  0001F2
uart_run@data                                  cstackBANK1  0001F0
uart_run@i                                     cstackBANK1  0001FA
uart_run@len                                   cstackBANK1  0001F6
uart_run@recv                                  cstackBANK1  0001F8
uart_run@tran                                  cstackBANK1  0001FC
uint_tx_uart2@i                                cstackCOMRAM 00001A
uint_tx_uart2@len                              cstackCOMRAM 000011
uint_tx_uart2@number                           cstackCOMRAM 00000D
wtemp8                                         temp         000054


FUNCTION INFORMATION:

 *************** function _main *****************
 Defined at:
		line 453 in file "main.c"
 Parameters:    Size  Location     Type
		None
 Auto vars:     Size  Location     Type
  i               1   11[BANK0 ] unsigned char 
  state           1   10[BANK0 ] char 
 Return value:  Size  Location     Type
                  1    wreg      void 
 Registers used:
		wreg, fsr1l, fsr1h, fsr2l, fsr2h, status,2, status,0, tblptrl, tblptrh, tblptru, prodl, prodh, cstack
 Tracked objects:
		On entry : 
		On exit  : 
		Unchanged: 
 Data sizes:     COMRAM   BANK0   BANK1
      Params:         0       0       0
      Locals:         0       2       0
      Temps:          0       0       0
      Totals:         0       2       0
Total ram usage:        2 bytes
 Hardware stack levels required when called:   10
 This function calls:
		_ADC_SelectChannel
		_ADC_run
		_EUSART1_is_rx_ready
		_EUSART1_is_tx_done
		_SYSTEM_Initialize
		_TMR0_SetInterruptHandler
		_string_tx_uart2
		_uart_run
 This function is called by:
		Startup code after reset
 This function uses a non-reentrant model


 *************** function _uart_run *****************
 Defined at:
		line 289 in file "main.c"
 Parameters:    Size  Location     Type
		None
 Auto vars:     Size  Location     Type
  tran            2   12[BANK1 ] PTR struct modbus_485
		 -> eusart1TxBuffer(140), 
  i               2   10[BANK1 ] unsigned int 
  recv            2    8[BANK1 ] PTR struct modbus_485
		 -> eusart1RxBuffer(36), 
  len             2    6[BANK1 ] unsigned int 
  addr            2    4[BANK1 ] unsigned int 
  crc             2    2[BANK1 ] unsigned int 
  data            2    0[BANK1 ] unsigned int 
 Return value:  Size  Location     Type
                  1    wreg      unsigned char 
 Registers used:
		wreg, fsr1l, fsr1h, fsr2l, fsr2h, status,2, status,0, tblptrl, tblptrh, tblptru, prodl, prodh, cstack
 Tracked objects:
		On entry : 
		On exit  : 
		Unchanged: 
 Data sizes:     COMRAM   BANK0   BANK1
      Params:         0       0       0
      Locals:         0       0      14
      Temps:         14       0       0
      Totals:        14       0      14
Total ram usage:       28 bytes
 Hardware stack levels used:    1
 Hardware stack levels required when called:    9
 This function calls:
		_EUSART2_Write
		_check_register
		_crcGen
		_string_tx_uart2
		_uint_tx_uart2
 This function is called by:
		_main
 This function uses a non-reentrant model


 *************** function _uint_tx_uart2 *****************
 Defined at:
		line 144 in file "main.c"
 Parameters:    Size  Location     Type
  number          4   12[COMRAM] unsigned long 
  len             1   16[COMRAM] unsigned char 
 Auto vars:     Size  Location     Type
  i               1   25[COMRAM] unsigned char 
 Return value:  Size  Location     Type
                  1    wreg      void 
 Registers used:
		wreg, fsr2l, fsr2h, status,2, status,0, prodl, prodh, cstack
 Tracked objects:
		On entry : 
		On exit  : 
		Unchanged: 
 Data sizes:     COMRAM   BANK0   BANK1
      Params:         5       0       0
      Locals:         1       0       0
      Temps:          8       0       0
      Totals:        14       0       0
Total ram usage:       14 bytes
 Hardware stack levels used:    1
 Hardware stack levels required when called:    7
 This function calls:
		_EUSART2_Write
 This function is called by:
		_uart_run
 This function uses a non-reentrant model


 *************** function _crcGen *****************
 Defined at:
		line 40 in file "crc16.c"
 Parameters:    Size  Location     Type
  commandBuffe    2   11[COMRAM] PTR unsigned char 
		 -> eusart1RxBuffer(36), eusart1TxBuffer(140), 
  dataLen         1   13[COMRAM] unsigned char 
 Auto vars:     Size  Location     Type
  index           2   19[COMRAM] int 
  memPtr1         2   17[COMRAM] PTR unsigned char 
		 -> eusart1RxBuffer(36), eusart1TxBuffer(140), 
  k               2    0        int 
 Return value:  Size  Location     Type
                  2   11[COMRAM] unsigned int 
 Registers used:
		wreg, fsr2l, fsr2h, status,2, status,0, tblptrl, tblptrh, tblptru
 Tracked objects:
		On entry : 
		On exit  : 
		Unchanged: 
 Data sizes:     COMRAM   BANK0   BANK1
      Params:         3       0       0
      Locals:         6       0       0
      Temps:          1       0       0
      Totals:        10       0       0
Total ram usage:       10 bytes
 Hardware stack levels used:    1
 Hardware stack levels required when called:    6
 This function calls:
		Nothing
 This function is called by:
		_uart_run
 This function uses a non-reentrant model


 *************** function _SYSTEM_Initialize *****************
 Defined at:
		line 50 in file "mcc_generated_files/mcc.c"
 Parameters:    Size  Location     Type
		None
 Auto vars:     Size  Location     Type
		None
 Return value:  Size  Location     Type
                  1    wreg      void 
 Registers used:
		wreg, status,2, status,0, cstack
 Tracked objects:
		On entry : 
		On exit  : 
		Unchanged: 
 Data sizes:     COMRAM   BANK0   BANK1
      Params:         0       0       0
      Locals:         0       0       0
      Temps:          0       0       0
      Totals:         0       0       0
Total ram usage:        0 bytes
 Hardware stack levels used:    1
 Hardware stack levels required when called:    8
 This function calls:
		_ADC_Initialize
		_EUSART1_Initialize
		_EUSART2_Initialize
		_INTERRUPT_Initialize
		_OSCILLATOR_Initialize
		_PIN_MANAGER_Initialize
		_TMR0_Initialize
 This function is called by:
		_main
 This function uses a non-reentrant model


 *************** function _TMR0_Initialize *****************
 Defined at:
		line 67 in file "mcc_generated_files/tmr0.c"
 Parameters:    Size  Location     Type
		None
 Auto vars:     Size  Location     Type
		None
 Return value:  Size  Location     Type
                  1    wreg      void 
 Registers used:
		wreg, status,2, status,0, cstack
 Tracked objects:
		On entry : 
		On exit  : 
		Unchanged: 
 Data sizes:     COMRAM   BANK0   BANK1
      Params:         0       0       0
      Locals:         0       0       0
      Temps:          2       0       0
      Totals:         2       0       0
Total ram usage:        2 bytes
 Hardware stack levels used:    1
 Hardware stack levels required when called:    7
 This function calls:
		_TMR0_SetInterruptHandler
 This function is called by:
		_SYSTEM_Initialize
 This function uses a non-reentrant model


 *************** function _TMR0_SetInterruptHandler *****************
 Defined at:
		line 164 in file "mcc_generated_files/tmr0.c"
 Parameters:    Size  Location     Type
  InterruptHan    2   11[COMRAM] PTR FTN()void 
		 -> timer_8ms(1), TMR0_DefaultInterruptHandler(1), 
 Auto vars:     Size  Location     Type
		None
 Return value:  Size  Location     Type
                  1    wreg      void 
 Registers used:
		wreg, status,2, status,0
 Tracked objects:
		On entry : 
		On exit  : 
		Unchanged: 
 Data sizes:     COMRAM   BANK0   BANK1
      Params:         2       0       0
      Locals:         0       0       0
      Temps:          0       0       0
      Totals:         2       0       0
Total ram usage:        2 bytes
 Hardware stack levels used:    1
 Hardware stack levels required when called:    6
 This function calls:
		Nothing
 This function is called by:
		_TMR0_Initialize
		_main
 This function uses a non-reentrant model


 *************** function _PIN_MANAGER_Initialize *****************
 Defined at:
		line 57 in file "mcc_generated_files/pin_manager.c"
 Parameters:    Size  Location     Type
		None
 Auto vars:     Size  Location     Type
		None
 Return value:  Size  Location     Type
                  1    wreg      void 
 Registers used:
		wreg, status,2
 Tracked objects:
		On entry : 
		On exit  : 
		Unchanged: 
 Data sizes:     COMRAM   BANK0   BANK1
      Params:         0       0       0
      Locals:         0       0       0
      Temps:          0       0       0
      Totals:         0       0       0
Total ram usage:        0 bytes
 Hardware stack levels used:    1
 Hardware stack levels required when called:    6
 This function calls:
		Nothing
 This function is called by:
		_SYSTEM_Initialize
 This function uses a non-reentrant model


 *************** function _OSCILLATOR_Initialize *****************
 Defined at:
		line 62 in file "mcc_generated_files/mcc.c"
 Parameters:    Size  Location     Type
		None
 Auto vars:     Size  Location     Type
		None
 Return value:  Size  Location     Type
                  1    wreg      void 
 Registers used:
		wreg, status,2
 Tracked objects:
		On entry : 
		On exit  : 
		Unchanged: 
 Data sizes:     COMRAM   BANK0   BANK1
      Params:         0       0       0
      Locals:         0       0       0
      Temps:          0       0       0
      Totals:         0       0       0
Total ram usage:        0 bytes
 Hardware stack levels used:    1
 Hardware stack levels required when called:    6
 This function calls:
		Nothing
 This function is called by:
		_SYSTEM_Initialize
 This function uses a non-reentrant model


 *************** function _INTERRUPT_Initialize *****************
 Defined at:
		line 52 in file "mcc_generated_files/interrupt_manager.c"
 Parameters:    Size  Location     Type
		None
 Auto vars:     Size  Location     Type
		None
 Return value:  Size  Location     Type
                  1    wreg      void 
 Registers used:
		None
 Tracked objects:
		On entry : 
		On exit  : 
		Unchanged: 
 Data sizes:     COMRAM   BANK0   BANK1
      Params:         0       0       0
      Locals:         0       0       0
      Temps:          0       0       0
      Totals:         0       0       0
Total ram usage:        0 bytes
 Hardware stack levels used:    1
 Hardware stack levels required when called:    6
 This function calls:
		Nothing
 This function is called by:
		_SYSTEM_Initialize
 This function uses a non-reentrant model


 *************** function _EUSART2_Initialize *****************
 Defined at:
		line 75 in file "mcc_generated_files/eusart2.c"
 Parameters:    Size  Location     Type
		None
 Auto vars:     Size  Location     Type
		None
 Return value:  Size  Location     Type
                  1    wreg      void 
 Registers used:
		wreg, status,2, status,0, cstack
 Tracked objects:
		On entry : 
		On exit  : 
		Unchanged: 
 Data sizes:     COMRAM   BANK0   BANK1
      Params:         0       0       0
      Locals:         0       0       0
      Temps:          0       0       0
      Totals:         0       0       0
Total ram usage:        0 bytes
 Hardware stack levels used:    1
 Hardware stack levels required when called:    7
 This function calls:
		_EUSART2_SetRxInterruptHandler
		_EUSART2_SetTxInterruptHandler
 This function is called by:
		_SYSTEM_Initialize
 This function uses a non-reentrant model


 *************** function _EUSART2_SetTxInterruptHandler *****************
 Defined at:
		line 212 in file "mcc_generated_files/eusart2.c"
 Parameters:    Size  Location     Type
  interruptHan    2   11[COMRAM] PTR FTN()void 
		 -> EUSART2_Transmit_ISR(1), 
 Auto vars:     Size  Location     Type
		None
 Return value:  Size  Location     Type
                  1    wreg      void 
 Registers used:
		wreg, status,2, status,0
 Tracked objects:
		On entry : 
		On exit  : 
		Unchanged: 
 Data sizes:     COMRAM   BANK0   BANK1
      Params:         2       0       0
      Locals:         0       0       0
      Temps:          0       0       0
      Totals:         2       0       0
Total ram usage:        2 bytes
 Hardware stack levels used:    1
 Hardware stack levels required when called:    6
 This function calls:
		Nothing
 This function is called by:
		_EUSART2_Initialize
 This function uses a non-reentrant model


 *************** function _EUSART2_SetRxInterruptHandler *****************
 Defined at:
		line 216 in file "mcc_generated_files/eusart2.c"
 Parameters:    Size  Location     Type
  interruptHan    2   11[COMRAM] PTR FTN()void 
		 -> EUSART2_Receive_ISR(1), 
 Auto vars:     Size  Location     Type
		None
 Return value:  Size  Location     Type
                  1    wreg      void 
 Registers used:
		wreg, status,2, status,0
 Tracked objects:
		On entry : 
		On exit  : 
		Unchanged: 
 Data sizes:     COMRAM   BANK0   BANK1
      Params:         2       0       0
      Locals:         0       0       0
      Temps:          0       0       0
      Totals:         2       0       0
Total ram usage:        2 bytes
 Hardware stack levels used:    1
 Hardware stack levels required when called:    6
 This function calls:
		Nothing
 This function is called by:
		_EUSART2_Initialize
 This function uses a non-reentrant model


 *************** function _EUSART1_Initialize *****************
 Defined at:
		line 76 in file "mcc_generated_files/eusart1.c"
 Parameters:    Size  Location     Type
		None
 Auto vars:     Size  Location     Type
		None
 Return value:  Size  Location     Type
                  1    wreg      void 
 Registers used:
		wreg, status,2, status,0, cstack
 Tracked objects:
		On entry : 
		On exit  : 
		Unchanged: 
 Data sizes:     COMRAM   BANK0   BANK1
      Params:         0       0       0
      Locals:         0       0       0
      Temps:          0       0       0
      Totals:         0       0       0
Total ram usage:        0 bytes
 Hardware stack levels used:    1
 Hardware stack levels required when called:    7
 This function calls:
		_EUSART1_SetRxInterruptHandler
		_EUSART1_SetTxInterruptHandler
 This function is called by:
		_SYSTEM_Initialize
 This function uses a non-reentrant model


 *************** function _EUSART1_SetTxInterruptHandler *****************
 Defined at:
		line 218 in file "mcc_generated_files/eusart1.c"
 Parameters:    Size  Location     Type
  interruptHan    2   11[COMRAM] PTR FTN()void 
		 -> EUSART1_Transmit_ISR(1), 
 Auto vars:     Size  Location     Type
		None
 Return value:  Size  Location     Type
                  1    wreg      void 
 Registers used:
		wreg, status,2, status,0
 Tracked objects:
		On entry : 
		On exit  : 
		Unchanged: 
 Data sizes:     COMRAM   BANK0   BANK1
      Params:         2       0       0
      Locals:         0       0       0
      Temps:          0       0       0
      Totals:         2       0       0
Total ram usage:        2 bytes
 Hardware stack levels used:    1
 Hardware stack levels required when called:    6
 This function calls:
		Nothing
 This function is called by:
		_EUSART1_Initialize
 This function uses a non-reentrant model


 *************** function _EUSART1_SetRxInterruptHandler *****************
 Defined at:
		line 222 in file "mcc_generated_files/eusart1.c"
 Parameters:    Size  Location     Type
  interruptHan    2   11[COMRAM] PTR FTN()void 
		 -> EUSART1_Receive_ISR(1), 
 Auto vars:     Size  Location     Type
		None
 Return value:  Size  Location     Type
                  1    wreg      void 
 Registers used:
		wreg, status,2, status,0
 Tracked objects:
		On entry : 
		On exit  : 
		Unchanged: 
 Data sizes:     COMRAM   BANK0   BANK1
      Params:         2       0       0
      Locals:         0       0       0
      Temps:          0       0       0
      Totals:         2       0       0
Total ram usage:        2 bytes
 Hardware stack levels used:    1
 Hardware stack levels required when called:    6
 This function calls:
		Nothing
 This function is called by:
		_EUSART1_Initialize
 This function uses a non-reentrant model


 *************** function _ADC_Initialize *****************
 Defined at:
		line 60 in file "mcc_generated_files/adc.c"
 Parameters:    Size  Location     Type
		None
 Auto vars:     Size  Location     Type
		None
 Return value:  Size  Location     Type
                  1    wreg      void 
 Registers used:
		wreg, status,2
 Tracked objects:
		On entry : 
		On exit  : 
		Unchanged: 
 Data sizes:     COMRAM   BANK0   BANK1
      Params:         0       0       0
      Locals:         0       0       0
      Temps:          0       0       0
      Totals:         0       0       0
Total ram usage:        0 bytes
 Hardware stack levels used:    1
 Hardware stack levels required when called:    6
 This function calls:
		Nothing
 This function is called by:
		_SYSTEM_Initialize
 This function uses a non-reentrant model


 *************** function _EUSART1_is_tx_done *****************
 Defined at:
		line 124 in file "mcc_generated_files/eusart1.c"
 Parameters:    Size  Location     Type
		None
 Auto vars:     Size  Location     Type
		None
 Return value:  Size  Location     Type
                  1    wreg      unsigned char 
 Registers used:
		wreg
 Tracked objects:
		On entry : 
		On exit  : 
		Unchanged: 
 Data sizes:     COMRAM   BANK0   BANK1
      Params:         0       0       0
      Locals:         0       0       0
      Temps:          0       0       0
      Totals:         0       0       0
Total ram usage:        0 bytes
 Hardware stack levels used:    1
 Hardware stack levels required when called:    6
 This function calls:
		Nothing
 This function is called by:
		_main
 This function uses a non-reentrant model


 *************** function _EUSART1_is_rx_ready *****************
 Defined at:
		line 119 in file "mcc_generated_files/eusart1.c"
 Parameters:    Size  Location     Type
		None
 Auto vars:     Size  Location     Type
		None
 Return value:  Size  Location     Type
                  1    wreg      unsigned char 
 Registers used:
		wreg, status,2
 Tracked objects:
		On entry : 
		On exit  : 
		Unchanged: 
 Data sizes:     COMRAM   BANK0   BANK1
      Params:         0       0       0
      Locals:         0       0       0
      Temps:          0       0       0
      Totals:         0       0       0
Total ram usage:        0 bytes
 Hardware stack levels used:    1
 Hardware stack levels required when called:    6
 This function calls:
		Nothing
 This function is called by:
		_main
 This function uses a non-reentrant model


 *************** function _ADC_run *****************
 Defined at:
		line 243 in file "main.c"
 Parameters:    Size  Location     Type
		None
 Auto vars:     Size  Location     Type
  Vnow            4    4[BANK0 ] unsigned long 
  adc_value       2    8[BANK0 ] unsigned int 
 Return value:  Size  Location     Type
                  1    wreg      void 
 Registers used:
		wreg, fsr2l, fsr2h, status,2, status,0, tblptrl, tblptrh, tblptru, cstack
 Tracked objects:
		On entry : 
		On exit  : 
		Unchanged: 
 Data sizes:     COMRAM   BANK0   BANK1
      Params:         0       0       0
      Locals:         0      10       0
      Temps:          0       0       0
      Totals:         0      10       0
Total ram usage:       10 bytes
 Hardware stack levels used:    1
 Hardware stack levels required when called:    9
 This function calls:
		_ADC_GetConversionResult
		_ADC_IsConversionDone
		_ADC_StartConversion
		___lldiv
		___lmul
		___lwmod
		_check_register
		_string_tx_uart2
		_u32_sqrt
 This function is called by:
		_main
 This function uses a non-reentrant model


 *************** function _u32_sqrt *****************
 Defined at:
		line 202 in file "main.c"
 Parameters:    Size  Location     Type
  a               4   24[COMRAM] unsigned long 
 Auto vars:     Size  Location     Type
  i               2   40[COMRAM] int 
  root            4   46[COMRAM] unsigned long 
  rem             4   42[COMRAM] unsigned long 
  pisor           4   36[COMRAM] unsigned long 
 Return value:  Size  Location     Type
                  2   24[COMRAM] unsigned short 
 Registers used:
		wreg, status,2, status,0
 Tracked objects:
		On entry : 
		On exit  : 
		Unchanged: 
 Data sizes:     COMRAM   BANK0   BANK1
      Params:         4       0       0
      Locals:        14       0       0
      Temps:          8       0       0
      Totals:        26       0       0
Total ram usage:       26 bytes
 Hardware stack levels used:    1
 Hardware stack levels required when called:    6
 This function calls:
		Nothing
 This function is called by:
		_ADC_run
 This function uses a non-reentrant model


 *************** function _check_register *****************
 Defined at:
		line 221 in file "main.c"
 Parameters:    Size  Location     Type
		None
 Auto vars:     Size  Location     Type
		None
 Return value:  Size  Location     Type
                  1    wreg      void 
 Registers used:
		wreg, fsr2l, fsr2h, status,2, status,0, tblptrl, tblptrh, tblptru, cstack
 Tracked objects:
		On entry : 
		On exit  : 
		Unchanged: 
 Data sizes:     COMRAM   BANK0   BANK1
      Params:         0       0       0
      Locals:         0       0       0
      Temps:          0       0       0
      Totals:         0       0       0
Total ram usage:        0 bytes
 Hardware stack levels used:    1
 Hardware stack levels required when called:    8
 This function calls:
		_string_tx_uart2
 This function is called by:
		_ADC_run
		_uart_run
 This function uses a non-reentrant model


 *************** function _string_tx_uart2 *****************
 Defined at:
		line 135 in file "main.c"
 Parameters:    Size  Location     Type
  text            2   12[COMRAM] PTR unsigned char 
		 -> STR_24(5), STR_23(2), STR_22(15), STR_21(7), 
		 -> STR_20(10), STR_19(6), STR_18(2), STR_17(6), 
		 -> STR_16(7), STR_15(8), STR_14(2), STR_13(7), 
		 -> STR_12(7), STR_11(8), STR_10(2), STR_9(6), 
		 -> STR_8(7), STR_7(8), STR_6(7), STR_5(21), 
		 -> STR_4(9), STR_3(13), STR_2(12), STR_1(26), 
 Auto vars:     Size  Location     Type
  i               1   16[COMRAM] unsigned char 
 Return value:  Size  Location     Type
                  1    wreg      void 
 Registers used:
		wreg, fsr2l, fsr2h, status,2, status,0, tblptrl, tblptrh, tblptru, cstack
 Tracked objects:
		On entry : 
		On exit  : 
		Unchanged: 
 Data sizes:     COMRAM   BANK0   BANK1
      Params:         2       0       0
      Locals:         1       0       0
      Temps:          2       0       0
      Totals:         5       0       0
Total ram usage:        5 bytes
 Hardware stack levels used:    1
 Hardware stack levels required when called:    7
 This function calls:
		_EUSART2_Write
 This function is called by:
		_check_register
		_ADC_run
		_uart_run
		_main
 This function uses a non-reentrant model


 *************** function _EUSART2_Write *****************
 Defined at:
		line 148 in file "mcc_generated_files/eusart2.c"
 Parameters:    Size  Location     Type
  txData          1    wreg     unsigned char 
 Auto vars:     Size  Location     Type
  txData          1   11[COMRAM] unsigned char 
 Return value:  Size  Location     Type
                  1    wreg      void 
 Registers used:
		wreg, fsr2l, fsr2h, status,2, status,0
 Tracked objects:
		On entry : 
		On exit  : 
		Unchanged: 
 Data sizes:     COMRAM   BANK0   BANK1
      Params:         0       0       0
      Locals:         1       0       0
      Temps:          0       0       0
      Totals:         1       0       0
Total ram usage:        1 bytes
 Hardware stack levels used:    1
 Hardware stack levels required when called:    6
 This function calls:
		Nothing
 This function is called by:
		_string_tx_uart2
		_uint_tx_uart2
		_uart_run
 This function uses a non-reentrant model


 *************** function ___lwmod *****************
 Defined at:
		line 7 in file "C:\Program Files (x86)\Microchip\xc8\v2.10\pic\sources\c90\common\lwmod.c"
 Parameters:    Size  Location     Type
  dividend        2   11[COMRAM] unsigned int 
  divisor         2   13[COMRAM] unsigned int 
 Auto vars:     Size  Location     Type
  counter         1   15[COMRAM] unsigned char 
 Return value:  Size  Location     Type
                  2   11[COMRAM] unsigned int 
 Registers used:
		wreg, status,2, status,0
 Tracked objects:
		On entry : 
		On exit  : 
		Unchanged: 
 Data sizes:     COMRAM   BANK0   BANK1
      Params:         4       0       0
      Locals:         1       0       0
      Temps:          0       0       0
      Totals:         5       0       0
Total ram usage:        5 bytes
 Hardware stack levels used:    1
 Hardware stack levels required when called:    6
 This function calls:
		Nothing
 This function is called by:
		_ADC_run
 This function uses a non-reentrant model


 *************** function ___lmul *****************
 Defined at:
		line 15 in file "C:\Program Files (x86)\Microchip\xc8\v2.10\pic\sources\c90\common\Umul32.c"
 Parameters:    Size  Location     Type
  multiplier      4   11[COMRAM] unsigned long 
  multiplicand    4   15[COMRAM] unsigned long 
 Auto vars:     Size  Location     Type
  product         4   19[COMRAM] unsigned long 
 Return value:  Size  Location     Type
                  4   11[COMRAM] unsigned long 
 Registers used:
		wreg, status,2, status,0
 Tracked objects:
		On entry : 
		On exit  : 
		Unchanged: 
 Data sizes:     COMRAM   BANK0   BANK1
      Params:         8       0       0
      Locals:         4       0       0
      Temps:          0       0       0
      Totals:        12       0       0
Total ram usage:       12 bytes
 Hardware stack levels used:    1
 Hardware stack levels required when called:    6
 This function calls:
		Nothing
 This function is called by:
		_ADC_run
 This function uses a non-reentrant model


 *************** function ___lldiv *****************
 Defined at:
		line 7 in file "C:\Program Files (x86)\Microchip\xc8\v2.10\pic\sources\c90\common\__lldiv.c"
 Parameters:    Size  Location     Type
  dividend        4   11[COMRAM] unsigned long 
  divisor         4   15[COMRAM] unsigned long 
 Auto vars:     Size  Location     Type
  quotient        4   19[COMRAM] unsigned long 
  counter         1   23[COMRAM] unsigned char 
 Return value:  Size  Location     Type
                  4   11[COMRAM] unsigned long 
 Registers used:
		wreg, status,2, status,0
 Tracked objects:
		On entry : 
		On exit  : 
		Unchanged: 
 Data sizes:     COMRAM   BANK0   BANK1
      Params:         8       0       0
      Locals:         5       0       0
      Temps:          0       0       0
      Totals:        13       0       0
Total ram usage:       13 bytes
 Hardware stack levels used:    1
 Hardware stack levels required when called:    6
 This function calls:
		Nothing
 This function is called by:
		_ADC_run
 This function uses a non-reentrant model


 *************** function _ADC_StartConversion *****************
 Defined at:
		line 91 in file "mcc_generated_files/adc.c"
 Parameters:    Size  Location     Type
		None
 Auto vars:     Size  Location     Type
		None
 Return value:  Size  Location     Type
                  1    wreg      void 
 Registers used:
		None
 Tracked objects:
		On entry : 
		On exit  : 
		Unchanged: 
 Data sizes:     COMRAM   BANK0   BANK1
      Params:         0       0       0
      Locals:         0       0       0
      Temps:          0       0       0
      Totals:         0       0       0
Total ram usage:        0 bytes
 Hardware stack levels used:    1
 Hardware stack levels required when called:    6
 This function calls:
		Nothing
 This function is called by:
		_ADC_run
 This function uses a non-reentrant model


 *************** function _ADC_IsConversionDone *****************
 Defined at:
		line 98 in file "mcc_generated_files/adc.c"
 Parameters:    Size  Location     Type
		None
 Auto vars:     Size  Location     Type
		None
 Return value:  Size  Location     Type
                  1    wreg      unsigned char 
 Registers used:
		wreg
 Tracked objects:
		On entry : 
		On exit  : 
		Unchanged: 
 Data sizes:     COMRAM   BANK0   BANK1
      Params:         0       0       0
      Locals:         0       0       0
      Temps:          0       0       0
      Totals:         0       0       0
Total ram usage:        0 bytes
 Hardware stack levels used:    1
 Hardware stack levels required when called:    6
 This function calls:
		Nothing
 This function is called by:
		_ADC_run
 This function uses a non-reentrant model


 *************** function _ADC_GetConversionResult *****************
 Defined at:
		line 104 in file "mcc_generated_files/adc.c"
 Parameters:    Size  Location     Type
		None
 Auto vars:     Size  Location     Type
		None
 Return value:  Size  Location     Type
                  2   11[COMRAM] unsigned int 
 Registers used:
		wreg, status,2, status,0
 Tracked objects:
		On entry : 
		On exit  : 
		Unchanged: 
 Data sizes:     COMRAM   BANK0   BANK1
      Params:         2       0       0
      Locals:         0       0       0
      Temps:          2       0       0
      Totals:         4       0       0
Total ram usage:        4 bytes
 Hardware stack levels used:    1
 Hardware stack levels required when called:    6
 This function calls:
		Nothing
 This function is called by:
		_ADC_run
 This function uses a non-reentrant model


 *************** function _ADC_SelectChannel *****************
 Defined at:
		line 83 in file "mcc_generated_files/adc.c"
 Parameters:    Size  Location     Type
  channel         1    wreg     enum E5598
 Auto vars:     Size  Location     Type
  channel         1   12[COMRAM] enum E5598
 Return value:  Size  Location     Type
                  1    wreg      void 
 Registers used:
		wreg, status,2, status,0
 Tracked objects:
		On entry : 
		On exit  : 
		Unchanged: 
 Data sizes:     COMRAM   BANK0   BANK1
      Params:         0       0       0
      Locals:         1       0       0
      Temps:          1       0       0
      Totals:         2       0       0
Total ram usage:        2 bytes
 Hardware stack levels used:    1
 Hardware stack levels required when called:    6
 This function calls:
		Nothing
 This function is called by:
		_main
 This function uses a non-reentrant model


 *************** function _INTERRUPT_InterruptManagerLow *****************
 Defined at:
		line 101 in file "mcc_generated_files/interrupt_manager.c"
 Parameters:    Size  Location     Type
		None
 Auto vars:     Size  Location     Type
		None
 Return value:  Size  Location     Type
                  1    wreg      void 
 Registers used:
		wreg, fsr2l, fsr2h, status,2, status,0, pclath, tosl, cstack
 Tracked objects:
		On entry : 
		On exit  : 
		Unchanged: 
 Data sizes:     COMRAM   BANK0   BANK1
      Params:         0       0       0
      Locals:         0       0       0
      Temps:          7       0       0
      Totals:         7       0       0
Total ram usage:        7 bytes
 Hardware stack levels used:    1
 Hardware stack levels required when called:    5
 This function calls:
		Absolute function
		_ADC_ISR
		_EUSART2_Receive_ISR
		_EUSART2_Transmit_ISR
 This function is called by:
		Interrupt level 1
 This function uses a non-reentrant model


 *************** function _EUSART2_Transmit_ISR *****************
 Defined at:
		line 173 in file "mcc_generated_files/eusart2.c"
 Parameters:    Size  Location     Type
		None
 Auto vars:     Size  Location     Type
		None
 Return value:  Size  Location     Type
                  1    wreg      void 
 Registers used:
		wreg, fsr2l, fsr2h, status,2, status,0
 Tracked objects:
		On entry : 
		On exit  : 
		Unchanged: 
 Data sizes:     COMRAM   BANK0   BANK1
      Params:         0       0       0
      Locals:         0       0       0
      Temps:          0       0       0
      Totals:         0       0       0
Total ram usage:        0 bytes
 Hardware stack levels used:    1
 Hardware stack levels required when called:    4
 This function calls:
		Nothing
 This function is called by:
		_EUSART2_Initialize
		_INTERRUPT_InterruptManagerLow
 This function uses a non-reentrant model


 *************** function _EUSART2_Receive_ISR *****************
 Defined at:
		line 192 in file "mcc_generated_files/eusart2.c"
 Parameters:    Size  Location     Type
		None
 Auto vars:     Size  Location     Type
		None
 Return value:  Size  Location     Type
                  1    wreg      void 
 Registers used:
		wreg, fsr2l, fsr2h, status,2, status,0
 Tracked objects:
		On entry : 
		On exit  : 
		Unchanged: 
 Data sizes:     COMRAM   BANK0   BANK1
      Params:         0       0       0
      Locals:         0       0       0
      Temps:          0       0       0
      Totals:         0       0       0
Total ram usage:        0 bytes
 Hardware stack levels used:    1
 Hardware stack levels required when called:    4
 This function calls:
		Nothing
 This function is called by:
		_EUSART2_Initialize
		_INTERRUPT_InterruptManagerLow
 This function uses a non-reentrant model


 *************** function _ADC_ISR *****************
 Defined at:
		line 135 in file "mcc_generated_files/adc.c"
 Parameters:    Size  Location     Type
		None
 Auto vars:     Size  Location     Type
		None
 Return value:  Size  Location     Type
                  1    wreg      void 
 Registers used:
		None
 Tracked objects:
		On entry : 
		On exit  : 
		Unchanged: 
 Data sizes:     COMRAM   BANK0   BANK1
      Params:         0       0       0
      Locals:         0       0       0
      Temps:          0       0       0
      Totals:         0       0       0
Total ram usage:        0 bytes
 Hardware stack levels used:    1
 Hardware stack levels required when called:    4
 This function calls:
		Nothing
 This function is called by:
		_INTERRUPT_InterruptManagerLow
 This function uses a non-reentrant model


 *************** function _INTERRUPT_InterruptManagerHigh *****************
 Defined at:
		line 80 in file "mcc_generated_files/interrupt_manager.c"
 Parameters:    Size  Location     Type
		None
 Auto vars:     Size  Location     Type
		None
 Return value:  Size  Location     Type
                  1    wreg      void 
 Registers used:
		wreg, fsr2l, fsr2h, status,2, status,0, pclath, tosl, cstack
 Tracked objects:
		On entry : 
		On exit  : 
		Unchanged: 
 Data sizes:     COMRAM   BANK0   BANK1
      Params:         0       0       0
      Locals:         0       0       0
      Temps:          4       0       0
      Totals:         4       0       0
Total ram usage:        4 bytes
 Hardware stack levels used:    1
 Hardware stack levels required when called:    3
 This function calls:
		Absolute function
		_EUSART1_Receive_ISR
		_EUSART1_Transmit_ISR
		_TMR0_ISR
 This function is called by:
		Interrupt level 2
 This function uses a non-reentrant model


 *************** function _TMR0_ISR *****************
 Defined at:
		line 136 in file "mcc_generated_files/tmr0.c"
 Parameters:    Size  Location     Type
		None
 Auto vars:     Size  Location     Type
		None
 Return value:  Size  Location     Type
                  1    wreg      void 
 Registers used:
		wreg, status,2, status,0, pclath, tosl, cstack
 Tracked objects:
		On entry : 
		On exit  : 
		Unchanged: 
 Data sizes:     COMRAM   BANK0   BANK1
      Params:         0       0       0
      Locals:         0       0       0
      Temps:          0       0       0
      Totals:         0       0       0
Total ram usage:        0 bytes
 Hardware stack levels used:    1
 Hardware stack levels required when called:    2
 This function calls:
		_TMR0_CallBack
 This function is called by:
		_INTERRUPT_InterruptManagerHigh
 This function uses a non-reentrant model


 *************** function _TMR0_CallBack *****************
 Defined at:
		line 154 in file "mcc_generated_files/tmr0.c"
 Parameters:    Size  Location     Type
		None
 Auto vars:     Size  Location     Type
		None
 Return value:  Size  Location     Type
                  1    wreg      void 
 Registers used:
		wreg, status,2, status,0, pclath, tosl, cstack
 Tracked objects:
		On entry : 
		On exit  : 
		Unchanged: 
 Data sizes:     COMRAM   BANK0   BANK1
      Params:         0       0       0
      Locals:         0       0       0
      Temps:          0       0       0
      Totals:         0       0       0
Total ram usage:        0 bytes
 Hardware stack levels used:    1
 Hardware stack levels required when called:    1
 This function calls:
		Absolute function
		_TMR0_DefaultInterruptHandler
		_timer_8ms
 This function is called by:
		_TMR0_ISR
 This function uses a non-reentrant model


 *************** function _TMR0_DefaultInterruptHandler *****************
 Defined at:
		line 168 in file "mcc_generated_files/tmr0.c"
 Parameters:    Size  Location     Type
		None
 Auto vars:     Size  Location     Type
		None
 Return value:  Size  Location     Type
                  1    wreg      void 
 Registers used:
		None
 Tracked objects:
		On entry : 
		On exit  : 
		Unchanged: 
 Data sizes:     COMRAM   BANK0   BANK1
      Params:         0       0       0
      Locals:         0       0       0
      Temps:          0       0       0
      Totals:         0       0       0
Total ram usage:        0 bytes
 Hardware stack levels used:    1
 This function calls:
		Nothing
 This function is called by:
		_TMR0_Initialize
		_TMR0_CallBack
 This function uses a non-reentrant model


 *************** function _timer_8ms *****************
 Defined at:
		line 449 in file "main.c"
 Parameters:    Size  Location     Type
		None
 Auto vars:     Size  Location     Type
		None
 Return value:  Size  Location     Type
                  1    wreg      void 
 Registers used:
		status,2, status,0
 Tracked objects:
		On entry : 
		On exit  : 
		Unchanged: 
 Data sizes:     COMRAM   BANK0   BANK1
      Params:         0       0       0
      Locals:         0       0       0
      Temps:          0       0       0
      Totals:         0       0       0
Total ram usage:        0 bytes
 Hardware stack levels used:    1
 This function calls:
		Nothing
 This function is called by:
		_main
		_TMR0_CallBack
 This function uses a non-reentrant model


 *************** function _EUSART1_Transmit_ISR *****************
 Defined at:
		line 176 in file "mcc_generated_files/eusart1.c"
 Parameters:    Size  Location     Type
		None
 Auto vars:     Size  Location     Type
		None
 Return value:  Size  Location     Type
                  1    wreg      void 
 Registers used:
		wreg, fsr2l, fsr2h, status,2, status,0
 Tracked objects:
		On entry : 
		On exit  : 
		Unchanged: 
 Data sizes:     COMRAM   BANK0   BANK1
      Params:         0       0       0
      Locals:         0       0       0
      Temps:          0       0       0
      Totals:         0       0       0
Total ram usage:        0 bytes
 Hardware stack levels used:    1
 This function calls:
		Nothing
 This function is called by:
		_EUSART1_Initialize
		_INTERRUPT_InterruptManagerHigh
 This function uses a non-reentrant model


 *************** function _EUSART1_Receive_ISR *****************
 Defined at:
		line 196 in file "mcc_generated_files/eusart1.c"
 Parameters:    Size  Location     Type
		None
 Auto vars:     Size  Location     Type
		None
 Return value:  Size  Location     Type
                  1    wreg      void 
 Registers used:
		wreg, fsr2l, fsr2h, status,2, status,0
 Tracked objects:
		On entry : 
		On exit  : 
		Unchanged: 
 Data sizes:     COMRAM   BANK0   BANK1
      Params:         0       0       0
      Locals:         0       0       0
      Temps:          0       0       0
      Totals:         0       0       0
Total ram usage:        0 bytes
 Hardware stack levels used:    1
 This function calls:
		Nothing
 This function is called by:
		_EUSART1_Initialize
		_INTERRUPT_InterruptManagerHigh
 This function uses a non-reentrant model



MODULE INFORMATION

Module		Function		Class		Link	Load	Size
mcc_generated_files/eusart2.c
		_EUSART2_Write 		CODE           	116A	0000	55
		_EUSART2_Receive_ISR		CODE           	128A	0000	41
		_EUSART2_Transmit_ISR		CODE           	1236	0000	43
		_EUSART2_SetRxInterruptHandler		CODE           	138E	0000	11
		_EUSART2_SetTxInterruptHandler		CODE           	1384	0000	11
		_EUSART2_Initialize		CODE           	0FCC	0000	77

mcc_generated_files/eusart2.c estimated size: 238

mcc_generated_files/interrupt_manager.c
		_INTERRUPT_Initialize		CODE           	1334	0000	17
		_INTERRUPT_InterruptManagerLow		CODE           	0018	0000	131
		_INTERRUPT_InterruptManagerHigh		CODE           	0008	0000	109

mcc_generated_files/interrupt_manager.c estimated size: 257

mcc_generated_files/tmr0.c
		_TMR0_SetInterruptHandler		CODE           	137A	0000	11
		_TMR0_DefaultInterruptHandler		CODE           	13BE	0000	3
		_TMR0_CallBack 		CODE           	12B2	0000	33
		_TMR0_ISR      		CODE           	1344	0000	17
		_TMR0_Initialize		CODE           	1134	0000	55

mcc_generated_files/tmr0.c estimated size: 119

mcc_generated_files/pin_manager.c
		_PIN_MANAGER_Initialize		CODE           	1208	0000	47

mcc_generated_files/pin_manager.c estimated size: 47

mcc_generated_files/adc.c
		_ADC_Initialize		CODE           	12F0	0000	25
		_ADC_IsConversionDone		CODE           	136E	0000	13
		_ADC_GetConversionResult		CODE           	1320	0000	21
		_ADC_StartConversion		CODE           	13B6	0000	5
		_ADC_ISR       		CODE           	13BA	0000	5
		_ADC_SelectChannel		CODE           	1308	0000	25

mcc_generated_files/adc.c estimated size: 94

C:\Program Files (x86)\Microchip\xc8\v2.10\pic\sources\c90\common\__lldiv.c
		___lldiv       		CODE           	0E30	0000	131

C:\Program Files (x86)\Microchip\xc8\v2.10\pic\sources\c90\common\__lldiv.c estimated size: 131

crc16.c
		_crcGen        		CODE           	0F18	0000	95

crc16.c estimated size: 95

C:\Program Files (x86)\Microchip\xc8\v2.10\pic\sources\c90\common\Umul32.c
		___lmul        		CODE           	0F76	0000	87

C:\Program Files (x86)\Microchip\xc8\v2.10\pic\sources\c90\common\Umul32.c estimated size: 87

shared
		_CRC_LO_TABLE  		MEDIUMCONST    	1D4F	0000	257
		__initialization		CODE           	11D6	0000	37
		_CRC_HI_TABLE  		MEDIUMCONST    	1E4F	0000	257

shared estimated size: 551

mcc_generated_files/eusart1.c
		_EUSART1_is_tx_done		CODE           	1362	0000	13
		_EUSART1_SetRxInterruptHandler		CODE           	13A2	0000	11
		_EUSART1_SetTxInterruptHandler		CODE           	1398	0000	11
		_EUSART1_is_rx_ready		CODE           	13B2	0000	5
		_EUSART1_Initialize		CODE           	1064	0000	75
		_EUSART1_Receive_ISR		CODE           	11A0	0000	55
		_EUSART1_Transmit_ISR		CODE           	1260	0000	43

mcc_generated_files/eusart1.c estimated size: 213

mcc_generated_files/mcc.c
		_OSCILLATOR_Initialize		CODE           	1354	0000	15
		_SYSTEM_Initialize		CODE           	12D2	0000	31

mcc_generated_files/mcc.c estimated size: 46

C:\Program Files (x86)\Microchip\xc8\v2.10\pic\sources\c90\common\lwmod.c
		___lwmod       		CODE           	10F2	0000	67

C:\Program Files (x86)\Microchip\xc8\v2.10\pic\sources\c90\common\lwmod.c estimated size: 67

main.c
		_check_register		CODE           	1018	0000	77
		_uint_tx_uart2 		CODE           	0A84	0000	337
		_main          		CODE           	0BD4	0000	329
		_uart_run      		CODE           	009E	0000	2071
		_timer_8ms     		CODE           	13AC	0000	7
		_ADC_run       		CODE           	08B4	0000	465
		_u32_sqrt      		CODE           	0D1C	0000	277
		_string_tx_uart2		CODE           	10AE	0000	69

main.c estimated size: 3632

